../Core/Src/main.c:100:5:main	8	static
../Core/Src/main.c:187:6:SystemClock_Config	88	static
../Core/Src/main.c:235:13:MX_TIM1_Init	56	static
../Core/Src/main.c:285:13:MX_TIM2_Init	48	static
../Core/Src/main.c:334:13:MX_TIM3_Init	48	static
../Core/Src/main.c:383:13:MX_TIM4_Init	56	static
../Core/Src/main.c:432:13:MX_USART2_UART_Init	8	static
../Core/Src/main.c:465:13:MX_GPIO_Init	48	static
../Core/Src/main.c:510:6:StartDefaultTask	48	static
../Core/Src/main.c:549:6:HAL_TIM_PeriodElapsedCallback	16	static
../Core/Src/main.c:567:6:Error_Handler	4	static,ignoring_inline_asm
