../Core/Src/pid_tuning_assistant.c:64:6:TestLog_Start	8	static
../Core/Src/pid_tuning_assistant.c:73:6:TestLog_Record	32	static
../Core/Src/pid_tuning_assistant.c:92:6:TestLog_Stop_And_Export	88	static
../Core/Src/pid_tuning_assistant.c:117:22:Evaluate_Performance	168	static
../Core/Src/pid_tuning_assistant.c:229:6:Print_Performance_Report	24	static
../Core/Src/pid_tuning_assistant.c:282:22:Auto_Test_StepResponse	120	static
../Core/Src/pid_tuning_assistant.c:327:22:Auto_Test_SineTracking	128	static
../Core/Src/pid_tuning_assistant.c:372:6:Scan_Kp_Parameter	192	static
../Core/Src/pid_tuning_assistant.c:420:6:Run_Comprehensive_Tuning_Test	144	static
../Core/Src/pid_tuning_assistant.c:458:6:Interactive_Tuning_Assistant	8	static
