Archive member included to satisfy reference by file (symbol)

C:/ST/STM32CubeIDE_1.18.1/STM32CubeIDE/plugins/com.st.stm32cube.ide.mcu.externaltools.gnu-tools-for-stm32.13.3.rel1.win32_1.0.0.202411081344/tools/bin/../lib/gcc/arm-none-eabi/13.3.1/../../../../arm-none-eabi/lib/thumb/v7e-m+fp/hard\libstdc++_nano.a(del_ops.o)
                              ./Core/Src/robot_arm_core.o (operator delete(void*, unsigned int))
C:/ST/STM32CubeIDE_1.18.1/STM32CubeIDE/plugins/com.st.stm32cube.ide.mcu.externaltools.gnu-tools-for-stm32.13.3.rel1.win32_1.0.0.202411081344/tools/bin/../lib/gcc/arm-none-eabi/13.3.1/../../../../arm-none-eabi/lib/thumb/v7e-m+fp/hard\libstdc++_nano.a(new_op.o)
                              ./Core/Src/robot_arm_core.o (operator new(unsigned int))
C:/ST/STM32CubeIDE_1.18.1/STM32CubeIDE/plugins/com.st.stm32cube.ide.mcu.externaltools.gnu-tools-for-stm32.13.3.rel1.win32_1.0.0.202411081344/tools/bin/../lib/gcc/arm-none-eabi/13.3.1/../../../../arm-none-eabi/lib/thumb/v7e-m+fp/hard\libstdc++_nano.a(functexcept.o)
                              ./Core/Src/robot_arm_core.o (std::__throw_bad_alloc())
C:/ST/STM32CubeIDE_1.18.1/STM32CubeIDE/plugins/com.st.stm32cube.ide.mcu.externaltools.gnu-tools-for-stm32.13.3.rel1.win32_1.0.0.202411081344/tools/bin/../lib/gcc/arm-none-eabi/13.3.1/../../../../arm-none-eabi/lib/thumb/v7e-m+fp/hard\libstdc++_nano.a(del_op.o)
                              C:/ST/STM32CubeIDE_1.18.1/STM32CubeIDE/plugins/com.st.stm32cube.ide.mcu.externaltools.gnu-tools-for-stm32.13.3.rel1.win32_1.0.0.202411081344/tools/bin/../lib/gcc/arm-none-eabi/13.3.1/../../../../arm-none-eabi/lib/thumb/v7e-m+fp/hard\libstdc++_nano.a(del_ops.o) (operator delete(void*))
C:/ST/STM32CubeIDE_1.18.1/STM32CubeIDE/plugins/com.st.stm32cube.ide.mcu.externaltools.gnu-tools-for-stm32.13.3.rel1.win32_1.0.0.202411081344/tools/bin/../lib/gcc/arm-none-eabi/13.3.1/../../../../arm-none-eabi/lib/thumb/v7e-m+fp/hard\libstdc++_nano.a(new_handler.o)
                              C:/ST/STM32CubeIDE_1.18.1/STM32CubeIDE/plugins/com.st.stm32cube.ide.mcu.externaltools.gnu-tools-for-stm32.13.3.rel1.win32_1.0.0.202411081344/tools/bin/../lib/gcc/arm-none-eabi/13.3.1/../../../../arm-none-eabi/lib/thumb/v7e-m+fp/hard\libstdc++_nano.a(new_op.o) (std::get_new_handler())
C:/ST/STM32CubeIDE_1.18.1/STM32CubeIDE/plugins/com.st.stm32cube.ide.mcu.externaltools.gnu-tools-for-stm32.13.3.rel1.win32_1.0.0.202411081344/tools/bin/../lib/gcc/arm-none-eabi/13.3.1/../../../../arm-none-eabi/lib/thumb/v7e-m+fp/hard\libm.a(libm_a-wf_acos.o)
                              ./Core/Src/kinematics.o (acosf)
C:/ST/STM32CubeIDE_1.18.1/STM32CubeIDE/plugins/com.st.stm32cube.ide.mcu.externaltools.gnu-tools-for-stm32.13.3.rel1.win32_1.0.0.202411081344/tools/bin/../lib/gcc/arm-none-eabi/13.3.1/../../../../arm-none-eabi/lib/thumb/v7e-m+fp/hard\libm.a(libm_a-wf_atan2.o)
                              ./Core/Src/kinematics.o (atan2f)
C:/ST/STM32CubeIDE_1.18.1/STM32CubeIDE/plugins/com.st.stm32cube.ide.mcu.externaltools.gnu-tools-for-stm32.13.3.rel1.win32_1.0.0.202411081344/tools/bin/../lib/gcc/arm-none-eabi/13.3.1/../../../../arm-none-eabi/lib/thumb/v7e-m+fp/hard\libm.a(libm_a-wf_sqrt.o)
                              ./Core/Src/kinematics.o (sqrtf)
C:/ST/STM32CubeIDE_1.18.1/STM32CubeIDE/plugins/com.st.stm32cube.ide.mcu.externaltools.gnu-tools-for-stm32.13.3.rel1.win32_1.0.0.202411081344/tools/bin/../lib/gcc/arm-none-eabi/13.3.1/../../../../arm-none-eabi/lib/thumb/v7e-m+fp/hard\libm.a(libm_a-sf_cos.o)
                              ./Core/Src/kinematics.o (cosf)
C:/ST/STM32CubeIDE_1.18.1/STM32CubeIDE/plugins/com.st.stm32cube.ide.mcu.externaltools.gnu-tools-for-stm32.13.3.rel1.win32_1.0.0.202411081344/tools/bin/../lib/gcc/arm-none-eabi/13.3.1/../../../../arm-none-eabi/lib/thumb/v7e-m+fp/hard\libm.a(libm_a-sf_fabs.o)
                              C:/ST/STM32CubeIDE_1.18.1/STM32CubeIDE/plugins/com.st.stm32cube.ide.mcu.externaltools.gnu-tools-for-stm32.13.3.rel1.win32_1.0.0.202411081344/tools/bin/../lib/gcc/arm-none-eabi/13.3.1/../../../../arm-none-eabi/lib/thumb/v7e-m+fp/hard\libm.a(libm_a-wf_acos.o) (fabsf)
C:/ST/STM32CubeIDE_1.18.1/STM32CubeIDE/plugins/com.st.stm32cube.ide.mcu.externaltools.gnu-tools-for-stm32.13.3.rel1.win32_1.0.0.202411081344/tools/bin/../lib/gcc/arm-none-eabi/13.3.1/../../../../arm-none-eabi/lib/thumb/v7e-m+fp/hard\libm.a(libm_a-sf_sin.o)
                              ./Core/Src/kinematics.o (sinf)
C:/ST/STM32CubeIDE_1.18.1/STM32CubeIDE/plugins/com.st.stm32cube.ide.mcu.externaltools.gnu-tools-for-stm32.13.3.rel1.win32_1.0.0.202411081344/tools/bin/../lib/gcc/arm-none-eabi/13.3.1/../../../../arm-none-eabi/lib/thumb/v7e-m+fp/hard\libm.a(libm_a-sf_nan.o)
                              C:/ST/STM32CubeIDE_1.18.1/STM32CubeIDE/plugins/com.st.stm32cube.ide.mcu.externaltools.gnu-tools-for-stm32.13.3.rel1.win32_1.0.0.202411081344/tools/bin/../lib/gcc/arm-none-eabi/13.3.1/../../../../arm-none-eabi/lib/thumb/v7e-m+fp/hard\libm.a(libm_a-wf_acos.o) (nanf)
[...]
Memory Configuration

Name             Origin             Length             Attributes
RAM              0x20000000         0x00020000         xrw
FLASH            0x08000000         0x00080000         xr
*default*        0x00000000         0xffffffff

Linker script and memory map

LOAD C:/ST/STM32CubeIDE_1.18.1/STM32CubeIDE/plugins/com.st.stm32cube.ide.mcu.externaltools.gnu-tools-for-stm32.13.3.rel1.win32_1.0.0.202411081344/tools/bin/../lib/gcc/arm-none-eabi/13.3.1/thumb/v7e-m+fp/hard/crti.o
LOAD C:/ST/STM32CubeIDE_1.18.1/STM32CubeIDE/plugins/com.st.stm32cube.ide.mcu.externaltools.gnu-tools-for-stm32.13.3.rel1.win32_1.0.0.202411081344/tools/bin/../lib/gcc/arm-none-eabi/13.3.1/thumb/v7e-m+fp/hard/crtbegin.o
LOAD C:/ST/STM32CubeIDE_1.18.1/STM32CubeIDE/plugins/com.st.stm32cube.ide.mcu.externaltools.gnu-tools-for-stm32.13.3.rel1.win32_1.0.0.202411081344/tools/bin/../lib/gcc/arm-none-eabi/13.3.1/../../../../arm-none-eabi/lib/thumb/v7e-m+fp/hard/crt0.o
LOAD ./Core/Src/kinematics.o
LOAD ./Core/Src/main.o
LOAD ./Core/Src/nidec_motor_driver.o
LOAD ./Core/Src/robot_arm_core.o
LOAD ./Core/Src/stm32f4xx_hal_msp.o
LOAD ./Core/Src/stm32f4xx_it.o
LOAD ./Core/Src/syscalls.o
LOAD ./Core/Src/sysmem.o
LOAD ./Core/Src/system_stm32f4xx.o
LOAD ./Core/Startup/startup_stm32f446retx.o
LOAD ./Drivers/STM32F4xx_HAL_Driver/Src/stm32f4xx_hal.o
LOAD ./Drivers/STM32F4xx_HAL_Driver/Src/stm32f4xx_hal_cortex.o
LOAD ./Drivers/STM32F4xx_HAL_Driver/Src/stm32f4xx_hal_dma.o
LOAD ./Drivers/STM32F4xx_HAL_Driver/Src/stm32f4xx_hal_dma_ex.o
LOAD ./Drivers/STM32F4xx_HAL_Driver/Src/stm32f4xx_hal_exti.o
LOAD ./Drivers/STM32F4xx_HAL_Driver/Src/stm32f4xx_hal_flash.o
LOAD ./Drivers/STM32F4xx_HAL_Driver/Src/stm32f4xx_hal_flash_ex.o
LOAD ./Drivers/STM32F4xx_HAL_Driver/Src/stm32f4xx_hal_flash_ramfunc.o
LOAD ./Drivers/STM32F4xx_HAL_Driver/Src/stm32f4xx_hal_gpio.o
LOAD ./Drivers/STM32F4xx_HAL_Driver/Src/stm32f4xx_hal_pwr.o
LOAD ./Drivers/STM32F4xx_HAL_Driver/Src/stm32f4xx_hal_pwr_ex.o
LOAD ./Drivers/STM32F4xx_HAL_Driver/Src/stm32f4xx_hal_rcc.o
LOAD ./Drivers/STM32F4xx_HAL_Driver/Src/stm32f4xx_hal_rcc_ex.o
LOAD ./Drivers/STM32F4xx_HAL_Driver/Src/stm32f4xx_hal_tim.o
LOAD ./Drivers/STM32F4xx_HAL_Driver/Src/stm32f4xx_hal_tim_ex.o
LOAD ./Drivers/STM32F4xx_HAL_Driver/Src/stm32f4xx_hal_uart.o
START GROUP
LOAD C:/ST/STM32CubeIDE_1.18.1/STM32CubeIDE/plugins/com.st.stm32cube.ide.mcu.externaltools.gnu-tools-for-stm32.13.3.rel1.win32_1.0.0.202411081344/tools/bin/../lib/gcc/arm-none-eabi/13.3.1/../../../../arm-none-eabi/lib/thumb/v7e-m+fp/hard\libstdc++_nano.a
LOAD C:/ST/STM32CubeIDE_1.18.1/STM32CubeIDE/plugins/com.st.stm32cube.ide.mcu.externaltools.gnu-tools-for-stm32.13.3.rel1.win32_1.0.0.202411081344/tools/bin/../lib/gcc/arm-none-eabi/13.3.1/../../../../arm-none-eabi/lib/thumb/v7e-m+fp/hard\libsupc++_nano.a
END GROUP
LOAD C:/ST/STM32CubeIDE_1.18.1/STM32CubeIDE/plugins/com.st.stm32cube.ide.mcu.externaltools.gnu-tools-for-stm32.13.3.rel1.win32_1.0.0.202411081344/tools/bin/../lib/gcc/arm-none-eabi/13.3.1/../../../../arm-none-eabi/lib/thumb/v7e-m+fp/hard\libstdc++_nano.a
LOAD C:/ST/STM32CubeIDE_1.18.1/STM32CubeIDE/plugins/com.st.stm32cube.ide.mcu.externaltools.gnu-tools-for-stm32.13.3.rel1.win32_1.0.0.202411081344/tools/bin/../lib/gcc/arm-none-eabi/13.3.1/../../../../arm-none-eabi/lib/thumb/v7e-m+fp/hard\libm.a
LOAD C:/ST/STM32CubeIDE_1.18.1/STM32CubeIDE/plugins/com.st.stm32cube.ide.mcu.externaltools.gnu-tools-for-stm32.13.3.rel1.win32_1.0.0.202411081344/tools/bin/../lib/gcc/arm-none-eabi/13.3.1/../../../../arm-none-eabi/lib/thumb/v7e-m+fp/hard\libc_nano.a
START GROUP
LOAD C:/ST/STM32CubeIDE_1.18.1/STM32CubeIDE/plugins/com.st.stm32cube.ide.mcu.externaltools.gnu-tools-for-stm32.13.3.rel1.win32_1.0.0.202411081344/tools/bin/../lib/gcc/arm-none-eabi/13.3.1/thumb/v7e-m+fp/hard\libgcc.a
LOAD C:/ST/STM32CubeIDE_1.18.1/STM32CubeIDE/plugins/com.st.stm32cube.ide.mcu.externaltools.gnu-tools-for-stm32.13.3.rel1.win32_1.0.0.202411081344/tools/bin/../lib/gcc/arm-none-eabi/13.3.1/../../../../arm-none-eabi/lib/thumb/v7e-m+fp/hard\libc_nano.a
END GROUP
START GROUP
LOAD C:/ST/STM32CubeIDE_1.18.1/STM32CubeIDE/plugins/com.st.stm32cube.ide.mcu.externaltools.gnu-tools-for-stm32.13.3.rel1.win32_1.0.0.202411081344/tools/bin/../lib/gcc/arm-none-eabi/13.3.1/thumb/v7e-m+fp/hard\libgcc.a
LOAD C:/ST/STM32CubeIDE_1.18.1/STM32CubeIDE/plugins/com.st.stm32cube.ide.mcu.externaltools.gnu-tools-for-stm32.13.3.rel1.win32_1.0.0.202411081344/tools/bin/../lib/gcc/arm-none-eabi/13.3.1/../../../../arm-none-eabi/lib/thumb/v7e-m+fp/hard\libc_nano.a
END GROUP
LOAD C:/ST/STM32CubeIDE_1.18.1/STM32CubeIDE/plugins/com.st.stm32cube.ide.mcu.externaltools.gnu-tools-for-stm32.13.3.rel1.win32_1.0.0.202411081344/tools/bin/../lib/gcc/arm-none-eabi/13.3.1/thumb/v7e-m+fp/hard/crtend.o
LOAD C:/ST/STM32CubeIDE_1.18.1/STM32CubeIDE/plugins/com.st.stm32cube.ide.mcu.externaltools.gnu-tools-for-stm32.13.3.rel1.win32_1.0.0.202411081344/tools/bin/../lib/gcc/arm-none-eabi/13.3.1/thumb/v7e-m+fp/hard/crtn.o
                0x20020000                        _estack = (ORIGIN (RAM) + LENGTH (RAM))
                0x00000200                        _Min_Heap_Size = 0x200
                0x00000400                        _Min_Stack_Size = 0x400

.isr_vector     0x08000000      0x1c4
                0x08000000                        . = ALIGN (0x4)
 *(.isr_vector)
 .isr_vector    0x08000000      0x1c4 ./Core/Startup/startup_stm32f446retx.o
                0x08000000                g_pfnVectors
                0x080001c4                        . = ALIGN (0x4)

.text           0x080001c4     0x5fc8
                0x080001c4                        . = ALIGN (0x4)
 *(.text)
 .text          0x080001c4       0x40 C:/ST/STM32CubeIDE_1.18.1/STM32CubeIDE/plugins/com.st.stm32cube.ide.mcu.externaltools.gnu-tools-for-stm32.13.3.rel1.win32_1.0.0.202411081344/tools/bin/../lib/gcc/arm-none-eabi/13.3.1/thumb/v7e-m+fp/hard/crtbegin.o
 .text          0x08000204      0x21c C:/ST/STM32CubeIDE_1.18.1/STM32CubeIDE/plugins/com.st.stm32cube.ide.mcu.externaltools.gnu-tools-for-stm32.13.3.rel1.win32_1.0.0.202411081344/tools/bin/../lib/gcc/arm-none-eabi/13.3.1/thumb/v7e-m+fp/hard\libgcc.a(_arm_addsubsf3.o)
                0x08000204                __aeabi_frsub
                0x0800020c                __subsf3
                0x0800020c                __aeabi_fsub
                0x08000210                __aeabi_fadd
                0x08000210                __addsf3
                0x08000370                __aeabi_ui2f
                0x08000370                __floatunsisf
                0x08000378                __aeabi_i2f
                0x08000378                __floatsisf
                0x08000394                __aeabi_ul2f
                0x08000394                __floatundisf
                0x080003a4                __aeabi_l2f
                0x080003a4                __floatdisf
 .text          0x08000420       0x30 C:/ST/STM32CubeIDE_1.18.1/STM32CubeIDE/plugins/com.st.stm32cube.ide.mcu.externaltools.gnu-tools-for-stm32.13.3.rel1.win32_1.0.0.202411081344/tools/bin/../lib/gcc/arm-none-eabi/13.3.1/thumb/v7e-m+fp/hard\libgcc.a(_aeabi_uldivmod.o)
                0x08000420                __aeabi_uldivmod
 .text          0x08000450      0x2f8 C:/ST/STM32CubeIDE_1.18.1/STM32CubeIDE/plugins/com.st.stm32cube.ide.mcu.externaltools.gnu-tools-for-stm32.13.3.rel1.win32_1.0.0.202411081344/tools/bin/../lib/gcc/arm-none-eabi/13.3.1/thumb/v7e-m+fp/hard\libgcc.a(_udivmoddi4.o)
                0x08000450                __udivmoddi4
 .text          0x08000748        0x4 C:/ST/STM32CubeIDE_1.18.1/STM32CubeIDE/plugins/com.st.stm32cube.ide.mcu.externaltools.gnu-tools-for-stm32.13.3.rel1.win32_1.0.0.202411081344/tools/bin/../lib/gcc/arm-none-eabi/13.3.1/thumb/v7e-m+fp/hard\libgcc.a(_dvmd_tls.o)
                0x08000748                __aeabi_idiv0
                0x08000748                __aeabi_ldiv0
 *(.text*)
 .text._ZSt4acosf
                0x0800074c       0x20 ./Core/Src/kinematics.o
                0x0800074c                std::acos(float)
 .text._ZSt5atan2ff
                0x0800076c       0x28 ./Core/Src/kinematics.o
                0x0800076c                std::atan2(float, float)
 .text._ZSt3cosf
                0x08000794       0x20 ./Core/Src/kinematics.o
                0x08000794                std::cos(float)
 .text._ZSt4fabsf
                0x080007b4       0x20 ./Core/Src/kinematics.o
                0x080007b4                std::fabs(float)
 .text._ZSt3sinf
                0x080007d4       0x20 ./Core/Src/kinematics.o
                0x080007d4                std::sin(float)
 .text._ZSt4sqrtf
                0x080007f4       0x20 ./Core/Src/kinematics.o
                0x080007f4                std::sqrt(float)
 .text._ZSt4fmaxff
                0x08000814       0x28 ./Core/Src/kinematics.o
                0x08000814                std::fmax(float, float)
 .text._ZSt4fminff
                0x0800083c       0x28 ./Core/Src/kinematics.o
                0x0800083c                std::fmin(float, float)
 .text._ZL4clipfff
                0x08000864       0x3c ./Core/Src/kinematics.o
 .text._ZN17FiveBarKinematics7solveIKE7Point2Di
                0x080008a0      0x288 ./Core/Src/kinematics.o
                0x080008a0                FiveBarKinematics::solveIK(Point2D, int)
 .text._ZN17FiveBarKinematics7solveFKEff
                0x08000b28      0x284 ./Core/Src/kinematics.o
                0x08000b28                FiveBarKinematics::solveFK(float, float)
 .text.main     0x08000dac       0x38 ./Core/Src/main.o
                0x08000dac                main
 .text.SystemClock_Config
                0x08000de4       0xdc ./Core/Src/main.o
                0x08000de4                SystemClock_Config
 .text.MX_TIM1_Init
                0x08000ec0       0xb0 ./Core/Src/main.o
 .text.MX_TIM2_Init
                0x08000f70       0xb0 ./Core/Src/main.o
 .text.MX_TIM3_Init
                0x08001020       0xb4 ./Core/Src/main.o
 .text.MX_TIM4_Init
                0x080010d4       0xa8 ./Core/Src/main.o
 .text.MX_USART2_UART_Init
                0x0800117c       0x54 ./Core/Src/main.o
 .text.MX_GPIO_Init
                0x080011d0       0xd8 ./Core/Src/main.o
 .text.Error_Handler
                0x080012a8        0xc ./Core/Src/main.o
                0x080012a8                Error_Handler
 .text.Get_Timer_Input_Clock
                0x080012b4       0x18 ./Core/Src/nidec_motor_driver.o
 .text.Impl_Freq13Pin_SetSpeed
                0x080012cc      0x158 ./Core/Src/nidec_motor_driver.o
 .text.Impl_Freq13Pin_SetEnable
                0x08001424       0x4c ./Core/Src/nidec_motor_driver.o
 .text.Impl_PWM8Pin_SetSpeed
                0x08001470       0xe2 ./Core/Src/nidec_motor_driver.o
 .text.Impl_PWM8Pin_SetEnable
                0x08001552       0x8c ./Core/Src/nidec_motor_driver.o
 *fill*         0x080015de        0x2 
 .text.Motor_Init
                0x080015e0       0x94 ./Core/Src/nidec_motor_driver.o
                0x080015e0                Motor_Init
 .text.Motor_Update
                0x08001674       0x8e ./Core/Src/nidec_motor_driver.o
                0x08001674                Motor_Update
 *fill*         0x08001702        0x2 
 .text.Motor_GetAngle
                0x08001704       0x88 ./Core/Src/nidec_motor_driver.o
                0x08001704                Motor_GetAngle
 .text.Motor_SetSpeed
                0x0800178c       0x40 ./Core/Src/nidec_motor_driver.o
                0x0800178c                Motor_SetSpeed
 .text.Motor_Start
                0x080017cc       0x42 ./Core/Src/nidec_motor_driver.o
                0x080017cc                Motor_Start
 .text.Motor_Stop
                0x0800180e       0x3e ./Core/Src/nidec_motor_driver.o
                0x0800180e                Motor_Stop
 .text.Motor_System_Config
                0x0800184c       0xc4 ./Core/Src/nidec_motor_driver.o
                0x0800184c                Motor_System_Config
 .text._ZN18PositionControllerC2Effff
                0x08001910       0x40 ./Core/Src/robot_arm_core.o
                0x08001910                PositionController::PositionController(float, float, float, float)
                0x08001910                PositionController::PositionController(float, float, float, float)
 .text._ZN18PositionController5resetEv
                0x08001950       0x24 ./Core/Src/robot_arm_core.o
                0x08001950                PositionController::reset()
 .text._ZN18PositionController6updateEfff
                0x08001974      0x106 ./Core/Src/robot_arm_core.o
                0x08001974                PositionController::update(float, float, float)
 .text._ZN17FiveBarKinematicsC2Efff
                0x08001a7a       0x34 ./Core/Src/robot_arm_core.o
                0x08001a7a                FiveBarKinematics::FiveBarKinematics(float, float, float)
                0x08001a7a                FiveBarKinematics::FiveBarKinematics(float, float, float)
 *fill*         0x08001aae        0x2 
 .text._ZN17FiveBarKinematics7deg2radEf
                0x08001ab0       0x28 ./Core/Src/robot_arm_core.o
                0x08001ab0                FiveBarKinematics::deg2rad(float)
 .text._ZN17FiveBarKinematics7rad2degEf
                0x08001ad8       0x28 ./Core/Src/robot_arm_core.o
                0x08001ad8                FiveBarKinematics::rad2deg(float)
 .text._ZSt16__deque_buf_sizej
                0x08001b00       0x2a ./Core/Src/robot_arm_core.o
                0x08001b00                std::__deque_buf_size(unsigned int)
 *fill*         0x08001b2a        0x2 
 .text.Robot_Init
                0x08001b2c       0x3c ./Core/Src/robot_arm_core.o
                0x08001b2c                Robot_Init
 .text.Robot_SetTestMode
                0x08001b68       0x30 ./Core/Src/robot_arm_core.o
                0x08001b68                Robot_SetTestMode
 .text.Robot_Loop
                0x08001b98      0x1b8 ./Core/Src/robot_arm_core.o
                0x08001b98                Robot_Loop
 .text._ZNSt5dequeI15TrajectoryPointSaIS0_EEC2Ev
                0x08001d50       0x1a ./Core/Src/robot_arm_core.o
                0x08001d50                std::deque<TrajectoryPoint, std::allocator<TrajectoryPoint> >::deque()
                0x08001d50                std::deque<TrajectoryPoint, std::allocator<TrajectoryPoint> >::deque()
 .text._ZNSt5queueI15TrajectoryPointSt5dequeIS0_SaIS0_EEEC2IS3_vEEv
                0x08001d6a       0x28 ./Core/Src/robot_arm_core.o
                0x08001d6a                std::queue<TrajectoryPoint, std::deque<TrajectoryPoint, std::allocator<TrajectoryPoint> > >::queue<std::deque<TrajectoryPoint, std::allocator<TrajectoryPoint> >, void>()
                0x08001d6a                std::queue<TrajectoryPoint, std::deque<TrajectoryPoint, std::allocator<TrajectoryPoint> > >::queue<std::deque<TrajectoryPoint, std::allocator<TrajectoryPoint> >, void>()
 .text._ZNSt11_Deque_baseI15TrajectoryPointSaIS0_EE11_Deque_implD2Ev
                0x08001d92       0x1c ./Core/Src/robot_arm_core.o
                0x08001d92                std::_Deque_base<TrajectoryPoint, std::allocator<TrajectoryPoint> >::_Deque_impl::~_Deque_impl()
                0x08001d92                std::_Deque_base<TrajectoryPoint, std::allocator<TrajectoryPoint> >::_Deque_impl::~_Deque_impl()
 .text._ZNSt11_Deque_baseI15TrajectoryPointSaIS0_EEC2Ev
                0x08001dae       0x22 ./Core/Src/robot_arm_core.o
                0x08001dae                std::_Deque_base<TrajectoryPoint, std::allocator<TrajectoryPoint> >::_Deque_base()
                0x08001dae                std::_Deque_base<TrajectoryPoint, std::allocator<TrajectoryPoint> >::_Deque_base()
 .text._ZNSt11_Deque_baseI15TrajectoryPointSaIS0_EED2Ev
                0x08001dd0       0x44 ./Core/Src/robot_arm_core.o
                0x08001dd0                std::_Deque_base<TrajectoryPoint, std::allocator<TrajectoryPoint> >::~_Deque_base()
                0x08001dd0                std::_Deque_base<TrajectoryPoint, std::allocator<TrajectoryPoint> >::~_Deque_base()
 .text._ZNSt5dequeI15TrajectoryPointSaIS0_EED2Ev
                0x08001e14       0x4a ./Core/Src/robot_arm_core.o
                0x08001e14                std::deque<TrajectoryPoint, std::allocator<TrajectoryPoint> >::~deque()
                0x08001e14                std::deque<TrajectoryPoint, std::allocator<TrajectoryPoint> >::~deque()
 .text._ZNSt11_Deque_baseI15TrajectoryPointSaIS0_EE11_Deque_implC2Ev
                0x08001e5e       0x22 ./Core/Src/robot_arm_core.o
                0x08001e5e                std::_Deque_base<TrajectoryPoint, std::allocator<TrajectoryPoint> >::_Deque_impl::_Deque_impl()
                0x08001e5e                std::_Deque_base<TrajectoryPoint, std::allocator<TrajectoryPoint> >::_Deque_impl::_Deque_impl()
 .text._ZNSt11_Deque_baseI15TrajectoryPointSaIS0_EE17_M_initialize_mapEj
                0x08001e80       0xc6 ./Core/Src/robot_arm_core.o
                0x08001e80                std::_Deque_base<TrajectoryPoint, std::allocator<TrajectoryPoint> >::_M_initialize_map(unsigned int)
 .text._ZNSt11_Deque_baseI15TrajectoryPointSaIS0_EE16_M_destroy_nodesEPPS0_S4_
                0x08001f46       0x36 ./Core/Src/robot_arm_core.o
                0x08001f46                std::_Deque_base<TrajectoryPoint, std::allocator<TrajectoryPoint> >::_M_destroy_nodes(TrajectoryPoint**, TrajectoryPoint**)
 .text._ZNSt11_Deque_baseI15TrajectoryPointSaIS0_EE17_M_deallocate_mapEPPS0_j
                0x08001f7c       0x42 ./Core/Src/robot_arm_core.o
                0x08001f7c                std::_Deque_base<TrajectoryPoint, std::allocator<TrajectoryPoint> >::_M_deallocate_map(TrajectoryPoint**, unsigned int)
 .text._ZNSt5dequeI15TrajectoryPointSaIS0_EE5beginEv
                0x08001fbe       0x1e ./Core/Src/robot_arm_core.o
                0x08001fbe                std::deque<TrajectoryPoint, std::allocator<TrajectoryPoint> >::begin()
 .text._ZNSt5dequeI15TrajectoryPointSaIS0_EE3endEv
                0x08001fdc       0x1e ./Core/Src/robot_arm_core.o
                0x08001fdc                std::deque<TrajectoryPoint, std::allocator<TrajectoryPoint> >::end()
 .text._ZNSt11_Deque_baseI15TrajectoryPointSaIS0_EE19_M_get_Tp_allocatorEv
                0x08001ffa       0x16 ./Core/Src/robot_arm_core.o
                0x08001ffa                std::_Deque_base<TrajectoryPoint, std::allocator<TrajectoryPoint> >::_M_get_Tp_allocator()
 .text._ZNSt15_Deque_iteratorI15TrajectoryPointRS0_PS0_EC2ERKS3_
                0x08002010       0x38 ./Core/Src/robot_arm_core.o
                0x08002010                std::_Deque_iterator<TrajectoryPoint, TrajectoryPoint&, TrajectoryPoint*>::_Deque_iterator(std::_Deque_iterator<TrajectoryPoint, TrajectoryPoint&, TrajectoryPoint*> const&)
                0x08002010                std::_Deque_iterator<TrajectoryPoint, TrajectoryPoint&, TrajectoryPoint*>::_Deque_iterator(std::_Deque_iterator<TrajectoryPoint, TrajectoryPoint&, TrajectoryPoint*> const&)
 .text._ZNSt5dequeI15TrajectoryPointSaIS0_EE15_M_destroy_dataESt15_Deque_iteratorIS0_RS0_PS0_ES6_RKS1_
                0x08002048       0x1a ./Core/Src/robot_arm_core.o
                0x08002048                std::deque<TrajectoryPoint, std::allocator<TrajectoryPoint> >::_M_destroy_data(std::_Deque_iterator<TrajectoryPoint, TrajectoryPoint&, TrajectoryPoint*>, std::_Deque_iterator<TrajectoryPoint, TrajectoryPoint&, TrajectoryPoint*>, std::allocator<TrajectoryPoint> const&)
 .text._ZNSt11_Deque_baseI15TrajectoryPointSaIS0_EE16_Deque_impl_dataC2Ev
                0x08002062       0x32 ./Core/Src/robot_arm_core.o
                0x08002062                std::_Deque_base<TrajectoryPoint, std::allocator<TrajectoryPoint> >::_Deque_impl_data::_Deque_impl_data()
                0x08002062                std::_Deque_base<TrajectoryPoint, std::allocator<TrajectoryPoint> >::_Deque_impl_data::_Deque_impl_data()
 .text._ZNSt15__new_allocatorI15TrajectoryPointED2Ev
                0x08002094       0x16 ./Core/Src/robot_arm_core.o
                0x08002094                std::__new_allocator<TrajectoryPoint>::~__new_allocator()
                0x08002094                std::__new_allocator<TrajectoryPoint>::~__new_allocator()
 .text._ZSt3maxIjERKT_S2_S2_
                0x080020aa       0x28 ./Core/Src/robot_arm_core.o
                0x080020aa                unsigned int const& std::max<unsigned int>(unsigned int const&, unsigned int const&)
 .text._ZNSt11_Deque_baseI15TrajectoryPointSaIS0_EE15_M_allocate_mapEj
                0x080020d2       0x42 ./Core/Src/robot_arm_core.o
                0x080020d2                std::_Deque_base<TrajectoryPoint, std::allocator<TrajectoryPoint> >::_M_allocate_map(unsigned int)
 .text._ZNSt11_Deque_baseI15TrajectoryPointSaIS0_EE15_M_create_nodesEPPS0_S4_
                0x08002114       0x36 ./Core/Src/robot_arm_core.o
                0x08002114                std::_Deque_base<TrajectoryPoint, std::allocator<TrajectoryPoint> >::_M_create_nodes(TrajectoryPoint**, TrajectoryPoint**)
 .text._ZNSt15_Deque_iteratorI15TrajectoryPointRS0_PS0_E11_M_set_nodeEPS2_
                0x0800214a       0x32 ./Core/Src/robot_arm_core.o
                0x0800214a                std::_Deque_iterator<TrajectoryPoint, TrajectoryPoint&, TrajectoryPoint*>::_M_set_node(TrajectoryPoint**)
 .text._ZNSt11_Deque_baseI15TrajectoryPointSaIS0_EE18_M_deallocate_nodeEPS0_
                0x0800217c       0x30 ./Core/Src/robot_arm_core.o
                0x0800217c                std::_Deque_base<TrajectoryPoint, std::allocator<TrajectoryPoint> >::_M_deallocate_node(TrajectoryPoint*)
 .text._ZNKSt11_Deque_baseI15TrajectoryPointSaIS0_EE20_M_get_map_allocatorEv
                0x080021ac       0x26 ./Core/Src/robot_arm_core.o
                0x080021ac                std::_Deque_base<TrajectoryPoint, std::allocator<TrajectoryPoint> >::_M_get_map_allocator() const
 .text._ZNSt15_Deque_iteratorI15TrajectoryPointRS0_PS0_EC2Ev
                0x080021d2       0x2e ./Core/Src/robot_arm_core.o
                0x080021d2                std::_Deque_iterator<TrajectoryPoint, TrajectoryPoint&, TrajectoryPoint*>::_Deque_iterator()
                0x080021d2                std::_Deque_iterator<TrajectoryPoint, TrajectoryPoint&, TrajectoryPoint*>::_Deque_iterator()
 .text._ZNSt11_Deque_baseI15TrajectoryPointSaIS0_EE16_M_allocate_nodeEv
                0x08002200       0x2c ./Core/Src/robot_arm_core.o
                0x08002200                std::_Deque_base<TrajectoryPoint, std::allocator<TrajectoryPoint> >::_M_allocate_node()
 .text._ZNSt15_Deque_iteratorI15TrajectoryPointRS0_PS0_E14_S_buffer_sizeEv
                0x0800222c       0x10 ./Core/Src/robot_arm_core.o
                0x0800222c                std::_Deque_iterator<TrajectoryPoint, TrajectoryPoint&, TrajectoryPoint*>::_S_buffer_size()
 .text._ZNKSt11_Deque_baseI15TrajectoryPointSaIS0_EE19_M_get_Tp_allocatorEv
                0x0800223c       0x16 ./Core/Src/robot_arm_core.o
                0x0800223c                std::_Deque_base<TrajectoryPoint, std::allocator<TrajectoryPoint> >::_M_get_Tp_allocator() const
 .text._ZNSt15__new_allocatorIP15TrajectoryPointED2Ev
                0x08002252       0x16 ./Core/Src/robot_arm_core.o
                0x08002252                std::__new_allocator<TrajectoryPoint*>::~__new_allocator()
                0x08002252                std::__new_allocator<TrajectoryPoint*>::~__new_allocator()
 .text._ZNSt15__new_allocatorIP15TrajectoryPointE10deallocateEPS1_j
                0x08002268       0x20 ./Core/Src/robot_arm_core.o
                0x08002268                std::__new_allocator<TrajectoryPoint*>::deallocate(TrajectoryPoint**, unsigned int)
 .text._ZNSt15__new_allocatorIP15TrajectoryPointE8allocateEjPKv
                0x08002288       0x52 ./Core/Src/robot_arm_core.o
                0x08002288                std::__new_allocator<TrajectoryPoint*>::allocate(unsigned int, void const*)
 .text._ZNSt15__new_allocatorI15TrajectoryPointE10deallocateEPS0_j
                0x080022da       0x20 ./Core/Src/robot_arm_core.o
                0x080022da                std::__new_allocator<TrajectoryPoint>::deallocate(TrajectoryPoint*, unsigned int)
 .text._ZNSt15__new_allocatorI15TrajectoryPointE8allocateEjPKv
                0x080022fa       0x52 ./Core/Src/robot_arm_core.o
                0x080022fa                std::__new_allocator<TrajectoryPoint>::allocate(unsigned int, void const*)
 .text._Z41__static_initialization_and_destruction_0v
                0x0800234c       0x7c ./Core/Src/robot_arm_core.o
 .text._ZNSt5queueI15TrajectoryPointSt5dequeIS0_SaIS0_EEED2Ev
                0x080023c8       0x1a ./Core/Src/robot_arm_core.o
                0x080023c8                std::queue<TrajectoryPoint, std::deque<TrajectoryPoint, std::allocator<TrajectoryPoint> > >::~queue()
                0x080023c8                std::queue<TrajectoryPoint, std::deque<TrajectoryPoint, std::allocator<TrajectoryPoint> > >::~queue()
 *fill*         0x080023e2        0x2 
 .text._Z41__static_initialization_and_destruction_1v
                0x080023e4       0x14 ./Core/Src/robot_arm_core.o
 .text._GLOBAL__sub_I_kinematics
                0x080023f8        0xa ./Core/Src/robot_arm_core.o
 .text._GLOBAL__sub_D_kinematics
                0x08002402        0xa ./Core/Src/robot_arm_core.o
 .text.HAL_MspInit
                0x0800240c       0x50 ./Core/Src/stm32f4xx_hal_msp.o
                0x0800240c                HAL_MspInit
 .text.HAL_TIM_Encoder_MspInit
                0x0800245c       0xfc ./Core/Src/stm32f4xx_hal_msp.o
                0x0800245c                HAL_TIM_Encoder_MspInit
 .text.HAL_TIM_PWM_MspInit
                0x08002558       0x6c ./Core/Src/stm32f4xx_hal_msp.o
                0x08002558                HAL_TIM_PWM_MspInit
 .text.HAL_TIM_MspPostInit
                0x080025c4       0xbc ./Core/Src/stm32f4xx_hal_msp.o
                0x080025c4                HAL_TIM_MspPostInit
 .text.HAL_UART_MspInit
                0x08002680       0x90 ./Core/Src/stm32f4xx_hal_msp.o
                0x08002680                HAL_UART_MspInit
 .text.NMI_Handler
                0x08002710        0x8 ./Core/Src/stm32f4xx_it.o
                0x08002710                NMI_Handler
 .text.HardFault_Handler
                0x08002718        0x8 ./Core/Src/stm32f4xx_it.o
                0x08002718                HardFault_Handler
 .text.MemManage_Handler
                0x08002720        0x8 ./Core/Src/stm32f4xx_it.o
                0x08002720                MemManage_Handler
 .text.BusFault_Handler
                0x08002728        0x8 ./Core/Src/stm32f4xx_it.o
                0x08002728                BusFault_Handler
 .text.UsageFault_Handler
                0x08002730        0x8 ./Core/Src/stm32f4xx_it.o
                0x08002730                UsageFault_Handler
 .text.SVC_Handler
                0x08002738        0xe ./Core/Src/stm32f4xx_it.o
                0x08002738                SVC_Handler
 .text.DebugMon_Handler
                0x08002746        0xe ./Core/Src/stm32f4xx_it.o
                0x08002746                DebugMon_Handler
 .text.PendSV_Handler
                0x08002754        0xe ./Core/Src/stm32f4xx_it.o
                0x08002754                PendSV_Handler
 .text.SysTick_Handler
                0x08002762        0xc ./Core/Src/stm32f4xx_it.o
                0x08002762                SysTick_Handler
 .text._getpid  0x0800276e       0x10 ./Core/Src/syscalls.o
                0x0800276e                _getpid
 .text._kill    0x0800277e       0x20 ./Core/Src/syscalls.o
                0x0800277e                _kill
 .text._exit    0x0800279e       0x16 ./Core/Src/syscalls.o
                0x0800279e                _exit
 .text._sbrk    0x080027b4       0x6c ./Core/Src/sysmem.o
                0x080027b4                _sbrk
 .text.SystemInit
                0x08002820       0x24 ./Core/Src/system_stm32f4xx.o
                0x08002820                SystemInit
 .text.Reset_Handler
                0x08002844       0x50 ./Core/Startup/startup_stm32f446retx.o
                0x08002844                Reset_Handler
 .text.Default_Handler
                0x08002894        0x2 ./Core/Startup/startup_stm32f446retx.o
                0x08002894                RTC_Alarm_IRQHandler
                0x08002894                EXTI2_IRQHandler
                0x08002894                TIM8_CC_IRQHandler
                0x08002894                FMPI2C1_EV_IRQHandler
                0x08002894                SPI4_IRQHandler
                0x08002894                TIM1_CC_IRQHandler
                0x08002894                DMA2_Stream5_IRQHandler
                0x08002894                DMA1_Stream5_IRQHandler
                0x08002894                PVD_IRQHandler
                0x08002894                SDIO_IRQHandler
                0x08002894                TAMP_STAMP_IRQHandler
                0x08002894                CAN2_RX1_IRQHandler
                0x08002894                EXTI3_IRQHandler
                0x08002894                TIM8_TRG_COM_TIM14_IRQHandler
                0x08002894                TIM1_UP_TIM10_IRQHandler
                0x08002894                TIM8_UP_TIM13_IRQHandler
                0x08002894                I2C3_ER_IRQHandler
                0x08002894                EXTI0_IRQHandler
                0x08002894                I2C2_EV_IRQHandler
                0x08002894                DMA1_Stream2_IRQHandler
                0x08002894                CAN1_RX0_IRQHandler
                0x08002894                FPU_IRQHandler
                0x08002894                OTG_HS_WKUP_IRQHandler
                0x08002894                CAN2_SCE_IRQHandler
                0x08002894                DMA2_Stream2_IRQHandler
                0x08002894                SPI1_IRQHandler
                0x08002894                TIM6_DAC_IRQHandler
                0x08002894                TIM1_BRK_TIM9_IRQHandler
                0x08002894                DCMI_IRQHandler
                0x08002894                CAN2_RX0_IRQHandler
                0x08002894                DMA2_Stream3_IRQHandler
                0x08002894                SAI2_IRQHandler
                0x08002894                USART6_IRQHandler
                0x08002894                USART3_IRQHandler
                0x08002894                CAN1_RX1_IRQHandler
                0x08002894                UART5_IRQHandler
                0x08002894                DMA2_Stream0_IRQHandler
                0x08002894                TIM4_IRQHandler
                0x08002894                QUADSPI_IRQHandler
                0x08002894                I2C1_EV_IRQHandler
                0x08002894                DMA1_Stream6_IRQHandler
                0x08002894                DMA1_Stream1_IRQHandler
                0x08002894                UART4_IRQHandler
                0x08002894                TIM3_IRQHandler
                0x08002894                RCC_IRQHandler
                0x08002894                TIM8_BRK_TIM12_IRQHandler
                0x08002894                Default_Handler
                0x08002894                CEC_IRQHandler
                0x08002894                EXTI15_10_IRQHandler
                0x08002894                ADC_IRQHandler
                0x08002894                DMA1_Stream7_IRQHandler
                0x08002894                TIM7_IRQHandler
                0x08002894                CAN2_TX_IRQHandler
                0x08002894                TIM5_IRQHandler
                0x08002894                DMA2_Stream7_IRQHandler
                0x08002894                I2C3_EV_IRQHandler
                0x08002894                EXTI9_5_IRQHandler
                0x08002894                RTC_WKUP_IRQHandler
                0x08002894                SPDIF_RX_IRQHandler
                0x08002894                SPI2_IRQHandler
                0x08002894                OTG_HS_EP1_IN_IRQHandler
                0x08002894                DMA1_Stream0_IRQHandler
                0x08002894                CAN1_TX_IRQHandler
                0x08002894                FMPI2C1_ER_IRQHandler
                0x08002894                EXTI4_IRQHandler
                0x08002894                OTG_HS_EP1_OUT_IRQHandler
                0x08002894                WWDG_IRQHandler
                0x08002894                TIM2_IRQHandler
                0x08002894                OTG_FS_WKUP_IRQHandler
                0x08002894                TIM1_TRG_COM_TIM11_IRQHandler
                0x08002894                OTG_HS_IRQHandler
                0x08002894                EXTI1_IRQHandler
                0x08002894                USART2_IRQHandler
                0x08002894                I2C2_ER_IRQHandler
                0x08002894                DMA2_Stream1_IRQHandler
                0x08002894                CAN1_SCE_IRQHandler
                0x08002894                FLASH_IRQHandler
                0x08002894                DMA2_Stream4_IRQHandler
                0x08002894                USART1_IRQHandler
                0x08002894                OTG_FS_IRQHandler
                0x08002894                SPI3_IRQHandler
                0x08002894                DMA1_Stream4_IRQHandler
                0x08002894                I2C1_ER_IRQHandler
                0x08002894                FMC_IRQHandler
                0x08002894                DMA2_Stream6_IRQHandler
                0x08002894                SAI1_IRQHandler
                0x08002894                DMA1_Stream3_IRQHandler
 *fill*         0x08002896        0x2 
 .text.HAL_Init
                0x08002898       0x44 ./Drivers/STM32F4xx_HAL_Driver/Src/stm32f4xx_hal.o
                0x08002898                HAL_Init
 .text.HAL_InitTick
                0x080028dc       0x60 ./Drivers/STM32F4xx_HAL_Driver/Src/stm32f4xx_hal.o
                0x080028dc                HAL_InitTick
 .text.HAL_IncTick
                0x0800293c       0x28 ./Drivers/STM32F4xx_HAL_Driver/Src/stm32f4xx_hal.o
                0x0800293c                HAL_IncTick
 .text.HAL_GetTick
                0x08002964       0x18 ./Drivers/STM32F4xx_HAL_Driver/Src/stm32f4xx_hal.o
                0x08002964                HAL_GetTick
 .text.__NVIC_SetPriorityGrouping
                0x0800297c       0x48 ./Drivers/STM32F4xx_HAL_Driver/Src/stm32f4xx_hal_cortex.o
 .text.__NVIC_GetPriorityGrouping
                0x080029c4       0x1c ./Drivers/STM32F4xx_HAL_Driver/Src/stm32f4xx_hal_cortex.o
 .text.__NVIC_SetPriority
                0x080029e0       0x54 ./Drivers/STM32F4xx_HAL_Driver/Src/stm32f4xx_hal_cortex.o
 .text.NVIC_EncodePriority
                0x08002a34       0x66 ./Drivers/STM32F4xx_HAL_Driver/Src/stm32f4xx_hal_cortex.o
 *fill*         0x08002a9a        0x2 
 .text.SysTick_Config
                0x08002a9c       0x44 ./Drivers/STM32F4xx_HAL_Driver/Src/stm32f4xx_hal_cortex.o
 .text.HAL_NVIC_SetPriorityGrouping
                0x08002ae0       0x16 ./Drivers/STM32F4xx_HAL_Driver/Src/stm32f4xx_hal_cortex.o
                0x08002ae0                HAL_NVIC_SetPriorityGrouping
 .text.HAL_NVIC_SetPriority
                0x08002af6       0x38 ./Drivers/STM32F4xx_HAL_Driver/Src/stm32f4xx_hal_cortex.o
                0x08002af6                HAL_NVIC_SetPriority
 .text.HAL_SYSTICK_Config
                0x08002b2e       0x18 ./Drivers/STM32F4xx_HAL_Driver/Src/stm32f4xx_hal_cortex.o
                0x08002b2e                HAL_SYSTICK_Config
 *fill*         0x08002b46        0x2 
 .text.HAL_GPIO_Init
                0x08002b48      0x328 ./Drivers/STM32F4xx_HAL_Driver/Src/stm32f4xx_hal_gpio.o
                0x08002b48                HAL_GPIO_Init
 .text.HAL_GPIO_WritePin
                0x08002e70       0x32 ./Drivers/STM32F4xx_HAL_Driver/Src/stm32f4xx_hal_gpio.o
                0x08002e70                HAL_GPIO_WritePin
 *fill*         0x08002ea2        0x2 
 .text.HAL_RCC_ClockConfig
                0x08002ea4      0x1cc ./Drivers/STM32F4xx_HAL_Driver/Src/stm32f4xx_hal_rcc.o
                0x08002ea4                HAL_RCC_ClockConfig
 .text.HAL_RCC_GetHCLKFreq
                0x08003070       0x18 ./Drivers/STM32F4xx_HAL_Driver/Src/stm32f4xx_hal_rcc.o
                0x08003070                HAL_RCC_GetHCLKFreq
 .text.HAL_RCC_GetPCLK1Freq
                0x08003088       0x28 ./Drivers/STM32F4xx_HAL_Driver/Src/stm32f4xx_hal_rcc.o
                0x08003088                HAL_RCC_GetPCLK1Freq
 .text.HAL_RCC_GetPCLK2Freq
                0x080030b0       0x28 ./Drivers/STM32F4xx_HAL_Driver/Src/stm32f4xx_hal_rcc.o
                0x080030b0                HAL_RCC_GetPCLK2Freq
 .text.HAL_RCC_GetSysClockFreq
                0x080030d8      0x460 ./Drivers/STM32F4xx_HAL_Driver/Src/stm32f4xx_hal_rcc_ex.o
                0x080030d8                HAL_RCC_GetSysClockFreq
 .text.HAL_RCC_OscConfig
                0x08003538      0x53c ./Drivers/STM32F4xx_HAL_Driver/Src/stm32f4xx_hal_rcc_ex.o
                0x08003538                HAL_RCC_OscConfig
 .text.HAL_TIM_PWM_Init
                0x08003a74       0x9e ./Drivers/STM32F4xx_HAL_Driver/Src/stm32f4xx_hal_tim.o
                0x08003a74                HAL_TIM_PWM_Init
 *fill*         0x08003b12        0x2 
 .text.HAL_TIM_PWM_Start
                0x08003b14      0x190 ./Drivers/STM32F4xx_HAL_Driver/Src/stm32f4xx_hal_tim.o
                0x08003b14                HAL_TIM_PWM_Start
 .text.HAL_TIM_PWM_Stop
                0x08003ca4       0xe0 ./Drivers/STM32F4xx_HAL_Driver/Src/stm32f4xx_hal_tim.o
                0x08003ca4                HAL_TIM_PWM_Stop
 .text.HAL_TIM_Encoder_Init
                0x08003d84      0x14c ./Drivers/STM32F4xx_HAL_Driver/Src/stm32f4xx_hal_tim.o
                0x08003d84                HAL_TIM_Encoder_Init
 .text.HAL_TIM_Encoder_Start
                0x08003ed0      0x11c ./Drivers/STM32F4xx_HAL_Driver/Src/stm32f4xx_hal_tim.o
                0x08003ed0                HAL_TIM_Encoder_Start
 .text.HAL_TIM_PWM_ConfigChannel
                0x08003fec      0x184 ./Drivers/STM32F4xx_HAL_Driver/Src/stm32f4xx_hal_tim.o
                0x08003fec                HAL_TIM_PWM_ConfigChannel
 .text.TIM_Base_SetConfig
                0x08004170      0x14c ./Drivers/STM32F4xx_HAL_Driver/Src/stm32f4xx_hal_tim.o
                0x08004170                TIM_Base_SetConfig
 .text.TIM_OC1_SetConfig
                0x080042bc       0xe0 ./Drivers/STM32F4xx_HAL_Driver/Src/stm32f4xx_hal_tim.o
 .text.TIM_OC2_SetConfig
                0x0800439c       0xec ./Drivers/STM32F4xx_HAL_Driver/Src/stm32f4xx_hal_tim.o
                0x0800439c                TIM_OC2_SetConfig
 .text.TIM_OC3_SetConfig
                0x08004488       0xe8 ./Drivers/STM32F4xx_HAL_Driver/Src/stm32f4xx_hal_tim.o
 .text.TIM_OC4_SetConfig
                0x08004570       0xac ./Drivers/STM32F4xx_HAL_Driver/Src/stm32f4xx_hal_tim.o
 .text.TIM_CCxChannelCmd
                0x0800461c       0x4a ./Drivers/STM32F4xx_HAL_Driver/Src/stm32f4xx_hal_tim.o
                0x0800461c                TIM_CCxChannelCmd
 *fill*         0x08004666        0x2 
 .text.HAL_TIMEx_MasterConfigSynchronization
                0x08004668       0xf8 ./Drivers/STM32F4xx_HAL_Driver/Src/stm32f4xx_hal_tim_ex.o
                0x08004668                HAL_TIMEx_MasterConfigSynchronization
 .text.HAL_UART_Init
                0x08004760       0xa0 ./Drivers/STM32F4xx_HAL_Driver/Src/stm32f4xx_hal_uart.o
                0x08004760                HAL_UART_Init
 .text.UART_SetConfig
                0x08004800      0x4e8 ./Drivers/STM32F4xx_HAL_Driver/Src/stm32f4xx_hal_uart.o
 .text._ZdlPvj  0x08004ce8        0x4 C:/ST/STM32CubeIDE_1.18.1/STM32CubeIDE/plugins/com.st.stm32cube.ide.mcu.externaltools.gnu-tools-for-stm32.13.3.rel1.win32_1.0.0.202411081344/tools/bin/../lib/gcc/arm-none-eabi/13.3.1/../../../../arm-none-eabi/lib/thumb/v7e-m+fp/hard\libstdc++_nano.a(del_ops.o)
                0x08004ce8                operator delete(void*, unsigned int)
 .text._Znwj    0x08004cec       0x22 C:/ST/STM32CubeIDE_1.18.1/STM32CubeIDE/plugins/com.st.stm32cube.ide.mcu.externaltools.gnu-tools-for-stm32.13.3.rel1.win32_1.0.0.202411081344/tools/bin/../lib/gcc/arm-none-eabi/13.3.1/../../../../arm-none-eabi/lib/thumb/v7e-m+fp/hard\libstdc++_nano.a(new_op.o)
                0x08004cec                operator new(unsigned int)
 .text.unlikely._ZSt17__throw_bad_allocv
                0x08004d0e        0x6 C:/ST/STM32CubeIDE_1.18.1/STM32CubeIDE/plugins/com.st.stm32cube.ide.mcu.externaltools.gnu-tools-for-stm32.13.3.rel1.win32_1.0.0.202411081344/tools/bin/../lib/gcc/arm-none-eabi/13.3.1/../../../../arm-none-eabi/lib/thumb/v7e-m+fp/hard\libstdc++_nano.a(functexcept.o)
                0x08004d0e                std::__throw_bad_alloc()
 .text.unlikely._ZSt28__throw_bad_array_new_lengthv
                0x08004d14        0x6 C:/ST/STM32CubeIDE_1.18.1/STM32CubeIDE/plugins/com.st.stm32cube.ide.mcu.externaltools.gnu-tools-for-stm32.13.3.rel1.win32_1.0.0.202411081344/tools/bin/../lib/gcc/arm-none-eabi/13.3.1/../../../../arm-none-eabi/lib/thumb/v7e-m+fp/hard\libstdc++_nano.a(functexcept.o)
                0x08004d14                std::__throw_bad_array_new_length()
 .text._ZdlPv   0x08004d1a        0x4 C:/ST/STM32CubeIDE_1.18.1/STM32CubeIDE/plugins/com.st.stm32cube.ide.mcu.externaltools.gnu-tools-for-stm32.13.3.rel1.win32_1.0.0.202411081344/tools/bin/../lib/gcc/arm-none-eabi/13.3.1/../../../../arm-none-eabi/lib/thumb/v7e-m+fp/hard\libstdc++_nano.a(del_op.o)
                0x08004d1a                operator delete(void*)
 *fill*         0x08004d1e        0x2 
 .text._ZSt15get_new_handlerv
                0x08004d20       0x10 C:/ST/STM32CubeIDE_1.18.1/STM32CubeIDE/plugins/com.st.stm32cube.ide.mcu.externaltools.gnu-tools-for-stm32.13.3.rel1.win32_1.0.0.202411081344/tools/bin/../lib/gcc/arm-none-eabi/13.3.1/../../../../arm-none-eabi/lib/thumb/v7e-m+fp/hard\libstdc++_nano.a(new_handler.o)
                0x08004d20                std::get_new_handler()
 .text.acosf    0x08004d30       0x58 C:/ST/STM32CubeIDE_1.18.1/STM32CubeIDE/plugins/com.st.stm32cube.ide.mcu.externaltools.gnu-tools-for-stm32.13.3.rel1.win32_1.0.0.202411081344/tools/bin/../lib/gcc/arm-none-eabi/13.3.1/../../../../arm-none-eabi/lib/thumb/v7e-m+fp/hard\libm.a(libm_a-wf_acos.o)
                0x08004d30                acosf
 .text.atan2f   0x08004d88        0x4 C:/ST/STM32CubeIDE_1.18.1/STM32CubeIDE/plugins/com.st.stm32cube.ide.mcu.externaltools.gnu-tools-for-stm32.13.3.rel1.win32_1.0.0.202411081344/tools/bin/../lib/gcc/arm-none-eabi/13.3.1/../../../../arm-none-eabi/lib/thumb/v7e-m+fp/hard\libm.a(libm_a-wf_atan2.o)
                0x08004d88                atan2f
 .text.sqrtf    0x08004d8c       0x3c C:/ST/STM32CubeIDE_1.18.1/STM32CubeIDE/plugins/com.st.stm32cube.ide.mcu.externaltools.gnu-tools-for-stm32.13.3.rel1.win32_1.0.0.202411081344/tools/bin/../lib/gcc/arm-none-eabi/13.3.1/../../../../arm-none-eabi/lib/thumb/v7e-m+fp/hard\libm.a(libm_a-wf_sqrt.o)
                0x08004d8c                sqrtf
 .text.cosf     0x08004dc8       0x88 C:/ST/STM32CubeIDE_1.18.1/STM32CubeIDE/plugins/com.st.stm32cube.ide.mcu.externaltools.gnu-tools-for-stm32.13.3.rel1.win32_1.0.0.202411081344/tools/bin/../lib/gcc/arm-none-eabi/13.3.1/../../../../arm-none-eabi/lib/thumb/v7e-m+fp/hard\libm.a(libm_a-sf_cos.o)
                0x08004dc8                cosf
 .text.fabsf    0x08004e50        0xe C:/ST/STM32CubeIDE_1.18.1/STM32CubeIDE/plugins/com.st.stm32cube.ide.mcu.externaltools.gnu-tools-for-stm32.13.3.rel1.win32_1.0.0.202411081344/tools/bin/../lib/gcc/arm-none-eabi/13.3.1/../../../../arm-none-eabi/lib/thumb/v7e-m+fp/hard\libm.a(libm_a-sf_fabs.o)
                0x08004e50                fabsf
 *fill*         0x08004e5e        0x2 
 .text.sinf     0x08004e60       0x8c C:/ST/STM32CubeIDE_1.18.1/STM32CubeIDE/plugins/com.st.stm32cube.ide.mcu.externaltools.gnu-tools-for-stm32.13.3.rel1.win32_1.0.0.202411081344/tools/bin/../lib/gcc/arm-none-eabi/13.3.1/../../../../arm-none-eabi/lib/thumb/v7e-m+fp/hard\libm.a(libm_a-sf_sin.o)
                0x08004e60                sinf
 .text.nanf     0x08004eec        0xc C:/ST/STM32CubeIDE_1.18.1/STM32CubeIDE/plugins/com.st.stm32cube.ide.mcu.externaltools.gnu-tools-for-stm32.13.3.rel1.win32_1.0.0.202411081344/tools/bin/../lib/gcc/arm-none-eabi/13.3.1/../../../../arm-none-eabi/lib/thumb/v7e-m+fp/hard\libm.a(libm_a-sf_nan.o)
                0x08004eec                nanf
 .text.fmaxf    0x08004ef8       0x3a C:/ST/STM32CubeIDE_1.18.1/STM32CubeIDE/plugins/com.st.stm32cube.ide.mcu.externaltools.gnu-tools-for-stm32.13.3.rel1.win32_1.0.0.202411081344/tools/bin/../lib/gcc/arm-none-eabi/13.3.1/../../../../arm-none-eabi/lib/thumb/v7e-m+fp/hard\libm.a(libm_a-sf_fmax.o)
                0x08004ef8                fmaxf
 .text.fminf    0x08004f32       0x3a C:/ST/STM32CubeIDE_1.18.1/STM32CubeIDE/plugins/com.st.stm32cube.ide.mcu.externaltools.gnu-tools-for-stm32.13.3.rel1.win32_1.0.0.202411081344/tools/bin/../lib/gcc/arm-none-eabi/13.3.1/../../../../arm-none-eabi/lib/thumb/v7e-m+fp/hard\libm.a(libm_a-sf_fmin.o)
                0x08004f32                fminf
 .text.__fpclassifyf
                0x08004f6c       0x38 C:/ST/STM32CubeIDE_1.18.1/STM32CubeIDE/plugins/com.st.stm32cube.ide.mcu.externaltools.gnu-tools-for-stm32.13.3.rel1.win32_1.0.0.202411081344/tools/bin/../lib/gcc/arm-none-eabi/13.3.1/../../../../arm-none-eabi/lib/thumb/v7e-m+fp/hard\libm.a(libm_a-sf_fpclassify.o)
                0x08004f6c                __fpclassifyf
 .text.__ieee754_sqrtf
                0x08004fa4        0x6 C:/ST/STM32CubeIDE_1.18.1/STM32CubeIDE/plugins/com.st.stm32cube.ide.mcu.externaltools.gnu-tools-for-stm32.13.3.rel1.win32_1.0.0.202411081344/tools/bin/../lib/gcc/arm-none-eabi/13.3.1/../../../../arm-none-eabi/lib/thumb/v7e-m+fp/hard\libm.a(libm_a-ef_sqrt.o)
                0x08004fa4                __ieee754_sqrtf
 *fill*         0x08004faa        0x2 
 .text.__kernel_cosf
                0x08004fac       0xb0 C:/ST/STM32CubeIDE_1.18.1/STM32CubeIDE/plugins/com.st.stm32cube.ide.mcu.externaltools.gnu-tools-for-stm32.13.3.rel1.win32_1.0.0.202411081344/tools/bin/../lib/gcc/arm-none-eabi/13.3.1/../../../../arm-none-eabi/lib/thumb/v7e-m+fp/hard\libm.a(libm_a-kf_cos.o)
                0x08004fac                __kernel_cosf
 .text.__kernel_sinf
                0x0800505c       0x90 C:/ST/STM32CubeIDE_1.18.1/STM32CubeIDE/plugins/com.st.stm32cube.ide.mcu.externaltools.gnu-tools-for-stm32.13.3.rel1.win32_1.0.0.202411081344/tools/bin/../lib/gcc/arm-none-eabi/13.3.1/../../../../arm-none-eabi/lib/thumb/v7e-m+fp/hard\libm.a(libm_a-kf_sin.o)
                0x0800505c                __kernel_sinf
 .text.__ieee754_acosf
                0x080050ec      0x1ec C:/ST/STM32CubeIDE_1.18.1/STM32CubeIDE/plugins/com.st.stm32cube.ide.mcu.externaltools.gnu-tools-for-stm32.13.3.rel1.win32_1.0.0.202411081344/tools/bin/../lib/gcc/arm-none-eabi/13.3.1/../../../../arm-none-eabi/lib/thumb/v7e-m+fp/hard\libm.a(libm_a-ef_acos.o)
                0x080050ec                __ieee754_acosf
 .text.__ieee754_atan2f
                0x080052d8      0x140 C:/ST/STM32CubeIDE_1.18.1/STM32CubeIDE/plugins/com.st.stm32cube.ide.mcu.externaltools.gnu-tools-for-stm32.13.3.rel1.win32_1.0.0.202411081344/tools/bin/../lib/gcc/arm-none-eabi/13.3.1/../../../../arm-none-eabi/lib/thumb/v7e-m+fp/hard\libm.a(libm_a-ef_atan2.o)
                0x080052d8                __ieee754_atan2f
 .text.__ieee754_rem_pio2f
                0x08005418      0x260 C:/ST/STM32CubeIDE_1.18.1/STM32CubeIDE/plugins/com.st.stm32cube.ide.mcu.externaltools.gnu-tools-for-stm32.13.3.rel1.win32_1.0.0.202411081344/tools/bin/../lib/gcc/arm-none-eabi/13.3.1/../../../../arm-none-eabi/lib/thumb/v7e-m+fp/hard\libm.a(libm_a-ef_rem_pio2.o)
                0x08005418                __ieee754_rem_pio2f
 .text.atanf    0x08005678      0x1a8 C:/ST/STM32CubeIDE_1.18.1/STM32CubeIDE/plugins/com.st.stm32cube.ide.mcu.externaltools.gnu-tools-for-stm32.13.3.rel1.win32_1.0.0.202411081344/tools/bin/../lib/gcc/arm-none-eabi/13.3.1/../../../../arm-none-eabi/lib/thumb/v7e-m+fp/hard\libm.a(libm_a-sf_atan.o)
                0x08005678                atanf
 .text.__kernel_rem_pio2f
                0x08005820      0x4d0 C:/ST/STM32CubeIDE_1.18.1/STM32CubeIDE/plugins/com.st.stm32cube.ide.mcu.externaltools.gnu-tools-for-stm32.13.3.rel1.win32_1.0.0.202411081344/tools/bin/../lib/gcc/arm-none-eabi/13.3.1/../../../../arm-none-eabi/lib/thumb/v7e-m+fp/hard\libm.a(libm_a-kf_rem_pio2.o)
                0x08005820                __kernel_rem_pio2f
 .text.scalbnf  0x08005cf0       0xcc C:/ST/STM32CubeIDE_1.18.1/STM32CubeIDE/plugins/com.st.stm32cube.ide.mcu.externaltools.gnu-tools-for-stm32.13.3.rel1.win32_1.0.0.202411081344/tools/bin/../lib/gcc/arm-none-eabi/13.3.1/../../../../arm-none-eabi/lib/thumb/v7e-m+fp/hard\libm.a(libm_a-sf_scalbn.o)
                0x08005cf0                scalbnf
 .text.floorf   0x08005dbc       0x88 C:/ST/STM32CubeIDE_1.18.1/STM32CubeIDE/plugins/com.st.stm32cube.ide.mcu.externaltools.gnu-tools-for-stm32.13.3.rel1.win32_1.0.0.202411081344/tools/bin/../lib/gcc/arm-none-eabi/13.3.1/../../../../arm-none-eabi/lib/thumb/v7e-m+fp/hard\libm.a(libm_a-sf_floor.o)
                0x08005dbc                floorf
 .text.abort    0x08005e44        0xe C:/ST/STM32CubeIDE_1.18.1/STM32CubeIDE/plugins/com.st.stm32cube.ide.mcu.externaltools.gnu-tools-for-stm32.13.3.rel1.win32_1.0.0.202411081344/tools/bin/../lib/gcc/arm-none-eabi/13.3.1/../../../../arm-none-eabi/lib/thumb/v7e-m+fp/hard\libc_nano.a(libc_a-abort.o)
                0x08005e44                abort
 *fill*         0x08005e52        0x2 
 .text.malloc   0x08005e54       0x10 C:/ST/STM32CubeIDE_1.18.1/STM32CubeIDE/plugins/com.st.stm32cube.ide.mcu.externaltools.gnu-tools-for-stm32.13.3.rel1.win32_1.0.0.202411081344/tools/bin/../lib/gcc/arm-none-eabi/13.3.1/../../../../arm-none-eabi/lib/thumb/v7e-m+fp/hard\libc_nano.a(libc_a-malloc.o)
                0x08005e54                malloc
 .text.free     0x08005e64       0x10 C:/ST/STM32CubeIDE_1.18.1/STM32CubeIDE/plugins/com.st.stm32cube.ide.mcu.externaltools.gnu-tools-for-stm32.13.3.rel1.win32_1.0.0.202411081344/tools/bin/../lib/gcc/arm-none-eabi/13.3.1/../../../../arm-none-eabi/lib/thumb/v7e-m+fp/hard\libc_nano.a(libc_a-malloc.o)
                0x08005e64                free
 .text.sbrk_aligned
                0x08005e74       0x44 C:/ST/STM32CubeIDE_1.18.1/STM32CubeIDE/plugins/com.st.stm32cube.ide.mcu.externaltools.gnu-tools-for-stm32.13.3.rel1.win32_1.0.0.202411081344/tools/bin/../lib/gcc/arm-none-eabi/13.3.1/../../../../arm-none-eabi/lib/thumb/v7e-m+fp/hard\libc_nano.a(libc_a-mallocr.o)
 .text._malloc_r
                0x08005eb8      0x100 C:/ST/STM32CubeIDE_1.18.1/STM32CubeIDE/plugins/com.st.stm32cube.ide.mcu.externaltools.gnu-tools-for-stm32.13.3.rel1.win32_1.0.0.202411081344/tools/bin/../lib/gcc/arm-none-eabi/13.3.1/../../../../arm-none-eabi/lib/thumb/v7e-m+fp/hard\libc_nano.a(libc_a-mallocr.o)
                0x08005eb8                _malloc_r
 .text.__malloc_lock
                0x08005fb8        0xc C:/ST/STM32CubeIDE_1.18.1/STM32CubeIDE/plugins/com.st.stm32cube.ide.mcu.externaltools.gnu-tools-for-stm32.13.3.rel1.win32_1.0.0.202411081344/tools/bin/../lib/gcc/arm-none-eabi/13.3.1/../../../../arm-none-eabi/lib/thumb/v7e-m+fp/hard\libc_nano.a(libc_a-mlock.o)
                0x08005fb8                __malloc_lock
 .text.__malloc_unlock
                0x08005fc4        0xc C:/ST/STM32CubeIDE_1.18.1/STM32CubeIDE/plugins/com.st.stm32cube.ide.mcu.externaltools.gnu-tools-for-stm32.13.3.rel1.win32_1.0.0.202411081344/tools/bin/../lib/gcc/arm-none-eabi/13.3.1/../../../../arm-none-eabi/lib/thumb/v7e-m+fp/hard\libc_nano.a(libc_a-mlock.o)
                0x08005fc4                __malloc_unlock
 .text.memset   0x08005fd0       0x10 C:/ST/STM32CubeIDE_1.18.1/STM32CubeIDE/plugins/com.st.stm32cube.ide.mcu.externaltools.gnu-tools-for-stm32.13.3.rel1.win32_1.0.0.202411081344/tools/bin/../lib/gcc/arm-none-eabi/13.3.1/../../../../arm-none-eabi/lib/thumb/v7e-m+fp/hard\libc_nano.a(libc_a-memset.o)
                0x08005fd0                memset
 .text._raise_r
                0x08005fe0       0x50 C:/ST/STM32CubeIDE_1.18.1/STM32CubeIDE/plugins/com.st.stm32cube.ide.mcu.externaltools.gnu-tools-for-stm32.13.3.rel1.win32_1.0.0.202411081344/tools/bin/../lib/gcc/arm-none-eabi/13.3.1/../../../../arm-none-eabi/lib/thumb/v7e-m+fp/hard\libc_nano.a(libc_a-signal.o)
                0x08005fe0                _raise_r
 .text.raise    0x08006030       0x10 C:/ST/STM32CubeIDE_1.18.1/STM32CubeIDE/plugins/com.st.stm32cube.ide.mcu.externaltools.gnu-tools-for-stm32.13.3.rel1.win32_1.0.0.202411081344/tools/bin/../lib/gcc/arm-none-eabi/13.3.1/../../../../arm-none-eabi/lib/thumb/v7e-m+fp/hard\libc_nano.a(libc_a-signal.o)
                0x08006030                raise
 .text._kill_r  0x08006040       0x24 C:/ST/STM32CubeIDE_1.18.1/STM32CubeIDE/plugins/com.st.stm32cube.ide.mcu.externaltools.gnu-tools-for-stm32.13.3.rel1.win32_1.0.0.202411081344/tools/bin/../lib/gcc/arm-none-eabi/13.3.1/../../../../arm-none-eabi/lib/thumb/v7e-m+fp/hard\libc_nano.a(libc_a-signalr.o)
                0x08006040                _kill_r
 .text._getpid_r
                0x08006064        0x4 C:/ST/STM32CubeIDE_1.18.1/STM32CubeIDE/plugins/com.st.stm32cube.ide.mcu.externaltools.gnu-tools-for-stm32.13.3.rel1.win32_1.0.0.202411081344/tools/bin/../lib/gcc/arm-none-eabi/13.3.1/../../../../arm-none-eabi/lib/thumb/v7e-m+fp/hard\libc_nano.a(libc_a-signalr.o)
                0x08006064                _getpid_r
 .text._sbrk_r  0x08006068       0x20 C:/ST/STM32CubeIDE_1.18.1/STM32CubeIDE/plugins/com.st.stm32cube.ide.mcu.externaltools.gnu-tools-for-stm32.13.3.rel1.win32_1.0.0.202411081344/tools/bin/../lib/gcc/arm-none-eabi/13.3.1/../../../../arm-none-eabi/lib/thumb/v7e-m+fp/hard\libc_nano.a(libc_a-sbrkr.o)
                0x08006068                _sbrk_r
 .text.__errno  0x08006088        0xc C:/ST/STM32CubeIDE_1.18.1/STM32CubeIDE/plugins/com.st.stm32cube.ide.mcu.externaltools.gnu-tools-for-stm32.13.3.rel1.win32_1.0.0.202411081344/tools/bin/../lib/gcc/arm-none-eabi/13.3.1/../../../../arm-none-eabi/lib/thumb/v7e-m+fp/hard\libc_nano.a(libc_a-errno.o)
                0x08006088                __errno
 .text.__libc_init_array
                0x08006094       0x48 C:/ST/STM32CubeIDE_1.18.1/STM32CubeIDE/plugins/com.st.stm32cube.ide.mcu.externaltools.gnu-tools-for-stm32.13.3.rel1.win32_1.0.0.202411081344/tools/bin/../lib/gcc/arm-none-eabi/13.3.1/../../../../arm-none-eabi/lib/thumb/v7e-m+fp/hard\libc_nano.a(libc_a-init.o)
                0x08006094                __libc_init_array
 .text.__retarget_lock_acquire_recursive
                0x080060dc        0x2 C:/ST/STM32CubeIDE_1.18.1/STM32CubeIDE/plugins/com.st.stm32cube.ide.mcu.externaltools.gnu-tools-for-stm32.13.3.rel1.win32_1.0.0.202411081344/tools/bin/../lib/gcc/arm-none-eabi/13.3.1/../../../../arm-none-eabi/lib/thumb/v7e-m+fp/hard\libc_nano.a(libc_a-lock.o)
                0x080060dc                __retarget_lock_acquire_recursive
 .text.__retarget_lock_release_recursive
                0x080060de        0x2 C:/ST/STM32CubeIDE_1.18.1/STM32CubeIDE/plugins/com.st.stm32cube.ide.mcu.externaltools.gnu-tools-for-stm32.13.3.rel1.win32_1.0.0.202411081344/tools/bin/../lib/gcc/arm-none-eabi/13.3.1/../../../../arm-none-eabi/lib/thumb/v7e-m+fp/hard\libc_nano.a(libc_a-lock.o)
                0x080060de                __retarget_lock_release_recursive
 .text._free_r  0x080060e0       0x94 C:/ST/STM32CubeIDE_1.18.1/STM32CubeIDE/plugins/com.st.stm32cube.ide.mcu.externaltools.gnu-tools-for-stm32.13.3.rel1.win32_1.0.0.202411081344/tools/bin/../lib/gcc/arm-none-eabi/13.3.1/../../../../arm-none-eabi/lib/thumb/v7e-m+fp/hard\libc_nano.a(libc_a-freer.o)
                0x080060e0                _free_r
 *(.glue_7)
 .glue_7        0x08006174        0x0 linker stubs
 *(.glue_7t)
 .glue_7t       0x08006174        0x0 linker stubs
 *(.eh_frame)
 .eh_frame      0x08006174        0x0 C:/ST/STM32CubeIDE_1.18.1/STM32CubeIDE/plugins/com.st.stm32cube.ide.mcu.externaltools.gnu-tools-for-stm32.13.3.rel1.win32_1.0.0.202411081344/tools/bin/../lib/gcc/arm-none-eabi/13.3.1/thumb/v7e-m+fp/hard/crtbegin.o
 *(.init)
 .init          0x08006174        0x4 C:/ST/STM32CubeIDE_1.18.1/STM32CubeIDE/plugins/com.st.stm32cube.ide.mcu.externaltools.gnu-tools-for-stm32.13.3.rel1.win32_1.0.0.202411081344/tools/bin/../lib/gcc/arm-none-eabi/13.3.1/thumb/v7e-m+fp/hard/crti.o
                0x08006174                _init
 .init          0x08006178        0x8 C:/ST/STM32CubeIDE_1.18.1/STM32CubeIDE/plugins/com.st.stm32cube.ide.mcu.externaltools.gnu-tools-for-stm32.13.3.rel1.win32_1.0.0.202411081344/tools/bin/../lib/gcc/arm-none-eabi/13.3.1/thumb/v7e-m+fp/hard/crtn.o
 *(.fini)
 .fini          0x08006180        0x4 C:/ST/STM32CubeIDE_1.18.1/STM32CubeIDE/plugins/com.st.stm32cube.ide.mcu.externaltools.gnu-tools-for-stm32.13.3.rel1.win32_1.0.0.202411081344/tools/bin/../lib/gcc/arm-none-eabi/13.3.1/thumb/v7e-m+fp/hard/crti.o
                0x08006180                _fini
 .fini          0x08006184        0x8 C:/ST/STM32CubeIDE_1.18.1/STM32CubeIDE/plugins/com.st.stm32cube.ide.mcu.externaltools.gnu-tools-for-stm32.13.3.rel1.win32_1.0.0.202411081344/tools/bin/../lib/gcc/arm-none-eabi/13.3.1/thumb/v7e-m+fp/hard/crtn.o
                0x0800618c                        . = ALIGN (0x4)
                0x0800618c                        _etext = .

.vfp11_veneer   0x0800618c        0x0
 .vfp11_veneer  0x0800618c        0x0 linker stubs

.v4_bx          0x0800618c        0x0
 .v4_bx         0x0800618c        0x0 linker stubs

.iplt           0x0800618c        0x0
 .iplt          0x0800618c        0x0 C:/ST/STM32CubeIDE_1.18.1/STM32CubeIDE/plugins/com.st.stm32cube.ide.mcu.externaltools.gnu-tools-for-stm32.13.3.rel1.win32_1.0.0.202411081344/tools/bin/../lib/gcc/arm-none-eabi/13.3.1/thumb/v7e-m+fp/hard/crtbegin.o

.rodata         0x0800618c      0x434
                0x0800618c                        . = ALIGN (0x4)
 *(.rodata)
 *(.rodata*)
 .rodata.Ops_Freq13Pin
                0x0800618c        0x8 ./Core/Src/nidec_motor_driver.o
                0x0800618c                Ops_Freq13Pin
 .rodata.Ops_PWM8Pin
                0x08006194        0x8 ./Core/Src/nidec_motor_driver.o
                0x08006194                Ops_PWM8Pin
 .rodata.AHBPrescTable
                0x0800619c       0x10 ./Core/Src/system_stm32f4xx.o
                0x0800619c                AHBPrescTable
 .rodata.APBPrescTable
                0x080061ac        0x8 ./Core/Src/system_stm32f4xx.o
                0x080061ac                APBPrescTable
 .rodata.acosf.str1.1
                0x080061b4        0x1 C:/ST/STM32CubeIDE_1.18.1/STM32CubeIDE/plugins/com.st.stm32cube.ide.mcu.externaltools.gnu-tools-for-stm32.13.3.rel1.win32_1.0.0.202411081344/tools/bin/../lib/gcc/arm-none-eabi/13.3.1/../../../../arm-none-eabi/lib/thumb/v7e-m+fp/hard\libm.a(libm_a-wf_acos.o)
 *fill*         0x080061b5        0x3 
 .rodata.CSWTCH.9
                0x080061b8        0xc C:/ST/STM32CubeIDE_1.18.1/STM32CubeIDE/plugins/com.st.stm32cube.ide.mcu.externaltools.gnu-tools-for-stm32.13.3.rel1.win32_1.0.0.202411081344/tools/bin/../lib/gcc/arm-none-eabi/13.3.1/../../../../arm-none-eabi/lib/thumb/v7e-m+fp/hard\libm.a(libm_a-ef_atan2.o)
 .rodata.CSWTCH.8
                0x080061c4        0xc C:/ST/STM32CubeIDE_1.18.1/STM32CubeIDE/plugins/com.st.stm32cube.ide.mcu.externaltools.gnu-tools-for-stm32.13.3.rel1.win32_1.0.0.202411081344/tools/bin/../lib/gcc/arm-none-eabi/13.3.1/../../../../arm-none-eabi/lib/thumb/v7e-m+fp/hard\libm.a(libm_a-ef_atan2.o)
 .rodata.npio2_hw
                0x080061d0       0x80 C:/ST/STM32CubeIDE_1.18.1/STM32CubeIDE/plugins/com.st.stm32cube.ide.mcu.externaltools.gnu-tools-for-stm32.13.3.rel1.win32_1.0.0.202411081344/tools/bin/../lib/gcc/arm-none-eabi/13.3.1/../../../../arm-none-eabi/lib/thumb/v7e-m+fp/hard\libm.a(libm_a-ef_rem_pio2.o)
 .rodata.two_over_pi
                0x08006250      0x318 C:/ST/STM32CubeIDE_1.18.1/STM32CubeIDE/plugins/com.st.stm32cube.ide.mcu.externaltools.gnu-tools-for-stm32.13.3.rel1.win32_1.0.0.202411081344/tools/bin/../lib/gcc/arm-none-eabi/13.3.1/../../../../arm-none-eabi/lib/thumb/v7e-m+fp/hard\libm.a(libm_a-ef_rem_pio2.o)
 .rodata.atanlo
                0x08006568       0x10 C:/ST/STM32CubeIDE_1.18.1/STM32CubeIDE/plugins/com.st.stm32cube.ide.mcu.externaltools.gnu-tools-for-stm32.13.3.rel1.win32_1.0.0.202411081344/tools/bin/../lib/gcc/arm-none-eabi/13.3.1/../../../../arm-none-eabi/lib/thumb/v7e-m+fp/hard\libm.a(libm_a-sf_atan.o)
 .rodata.atanhi
                0x08006578       0x10 C:/ST/STM32CubeIDE_1.18.1/STM32CubeIDE/plugins/com.st.stm32cube.ide.mcu.externaltools.gnu-tools-for-stm32.13.3.rel1.win32_1.0.0.202411081344/tools/bin/../lib/gcc/arm-none-eabi/13.3.1/../../../../arm-none-eabi/lib/thumb/v7e-m+fp/hard\libm.a(libm_a-sf_atan.o)
 .rodata.PIo2   0x08006588       0x2c C:/ST/STM32CubeIDE_1.18.1/STM32CubeIDE/plugins/com.st.stm32cube.ide.mcu.externaltools.gnu-tools-for-stm32.13.3.rel1.win32_1.0.0.202411081344/tools/bin/../lib/gcc/arm-none-eabi/13.3.1/../../../../arm-none-eabi/lib/thumb/v7e-m+fp/hard\libm.a(libm_a-kf_rem_pio2.o)
 .rodata.init_jk
                0x080065b4        0xc C:/ST/STM32CubeIDE_1.18.1/STM32CubeIDE/plugins/com.st.stm32cube.ide.mcu.externaltools.gnu-tools-for-stm32.13.3.rel1.win32_1.0.0.202411081344/tools/bin/../lib/gcc/arm-none-eabi/13.3.1/../../../../arm-none-eabi/lib/thumb/v7e-m+fp/hard\libm.a(libm_a-kf_rem_pio2.o)
                0x080065c0                        . = ALIGN (0x4)

.ARM.extab      0x080065c0        0x0
                0x080065c0                        . = ALIGN (0x4)
 *(.ARM.extab* .gnu.linkonce.armextab.*)
                0x080065c0                        . = ALIGN (0x4)

.ARM            0x080065c0        0x8
                0x080065c0                        . = ALIGN (0x4)
                0x080065c0                        __exidx_start = .
 *(.ARM.exidx*)
 .ARM.exidx     0x080065c0        0x8 C:/ST/STM32CubeIDE_1.18.1/STM32CubeIDE/plugins/com.st.stm32cube.ide.mcu.externaltools.gnu-tools-for-stm32.13.3.rel1.win32_1.0.0.202411081344/tools/bin/../lib/gcc/arm-none-eabi/13.3.1/thumb/v7e-m+fp/hard\libgcc.a(_udivmoddi4.o)
                0x080065c8                        __exidx_end = .
                0x080065c8                        . = ALIGN (0x4)

.preinit_array  0x080065c8        0x0
                0x080065c8                        . = ALIGN (0x4)
                0x080065c8                        PROVIDE (__preinit_array_start = .)
 *(.preinit_array*)
                0x080065c8                        PROVIDE (__preinit_array_end = .)
                0x080065c8                        . = ALIGN (0x4)

.init_array     0x080065c8        0x8
                0x080065c8                        . = ALIGN (0x4)
                0x080065c8                        PROVIDE (__init_array_start = .)
 *(SORT_BY_NAME(.init_array.*))
 *(.init_array*)
 .init_array    0x080065c8        0x4 C:/ST/STM32CubeIDE_1.18.1/STM32CubeIDE/plugins/com.st.stm32cube.ide.mcu.externaltools.gnu-tools-for-stm32.13.3.rel1.win32_1.0.0.202411081344/tools/bin/../lib/gcc/arm-none-eabi/13.3.1/thumb/v7e-m+fp/hard/crtbegin.o
 .init_array    0x080065cc        0x4 ./Core/Src/robot_arm_core.o
                0x080065d0                        PROVIDE (__init_array_end = .)
                0x080065d0                        . = ALIGN (0x4)

.fini_array     0x080065d0        0x8
                0x080065d0                        . = ALIGN (0x4)
                [!provide]                        PROVIDE (__fini_array_start = .)
 *(SORT_BY_NAME(.fini_array.*))
 *(.fini_array*)
 .fini_array    0x080065d0        0x4 C:/ST/STM32CubeIDE_1.18.1/STM32CubeIDE/plugins/com.st.stm32cube.ide.mcu.externaltools.gnu-tools-for-stm32.13.3.rel1.win32_1.0.0.202411081344/tools/bin/../lib/gcc/arm-none-eabi/13.3.1/thumb/v7e-m+fp/hard/crtbegin.o
 .fini_array    0x080065d4        0x4 ./Core/Src/robot_arm_core.o
                [!provide]                        PROVIDE (__fini_array_end = .)
                0x080065d8                        . = ALIGN (0x4)
                0x080065d8                        _sidata = LOADADDR (.data)

.rel.dyn        0x080065d8        0x0
 .rel.iplt      0x080065d8        0x0 C:/ST/STM32CubeIDE_1.18.1/STM32CubeIDE/plugins/com.st.stm32cube.ide.mcu.externaltools.gnu-tools-for-stm32.13.3.rel1.win32_1.0.0.202411081344/tools/bin/../lib/gcc/arm-none-eabi/13.3.1/thumb/v7e-m+fp/hard/crtbegin.o

.data           0x20000000       0x60 load address 0x080065d8
                0x20000000                        . = ALIGN (0x4)
                0x20000000                        _sdata = .
 *(.data)
 *(.data*)
 .data.target_y
                0x20000000        0x4 ./Core/Src/robot_arm_core.o
                0x20000000                target_y
 .data.SystemCoreClock
                0x20000004        0x4 ./Core/Src/system_stm32f4xx.o
                0x20000004                SystemCoreClock
 .data.uwTickPrio
                0x20000008        0x4 ./Drivers/STM32F4xx_HAL_Driver/Src/stm32f4xx_hal.o
                0x20000008                uwTickPrio
 .data.uwTickFreq
                0x2000000c        0x1 ./Drivers/STM32F4xx_HAL_Driver/Src/stm32f4xx_hal.o
                0x2000000c                uwTickFreq
 *fill*         0x2000000d        0x3 
 .data._impure_ptr
                0x20000010        0x4 C:/ST/STM32CubeIDE_1.18.1/STM32CubeIDE/plugins/com.st.stm32cube.ide.mcu.externaltools.gnu-tools-for-stm32.13.3.rel1.win32_1.0.0.202411081344/tools/bin/../lib/gcc/arm-none-eabi/13.3.1/../../../../arm-none-eabi/lib/thumb/v7e-m+fp/hard\libc_nano.a(libc_a-impure.o)
                0x20000010                _impure_ptr
 .data._impure_data
                0x20000014       0x4c C:/ST/STM32CubeIDE_1.18.1/STM32CubeIDE/plugins/com.st.stm32cube.ide.mcu.externaltools.gnu-tools-for-stm32.13.3.rel1.win32_1.0.0.202411081344/tools/bin/../lib/gcc/arm-none-eabi/13.3.1/../../../../arm-none-eabi/lib/thumb/v7e-m+fp/hard\libc_nano.a(libc_a-impure.o)
                0x20000014                _impure_data
 *(.RamFunc)
 *(.RamFunc*)
                0x20000060                        . = ALIGN (0x4)
                0x20000060                        _edata = .

.igot.plt       0x20000060        0x0 load address 0x08006638
 .igot.plt      0x20000060        0x0 C:/ST/STM32CubeIDE_1.18.1/STM32CubeIDE/plugins/com.st.stm32cube.ide.mcu.externaltools.gnu-tools-for-stm32.13.3.rel1.win32_1.0.0.202411081344/tools/bin/../lib/gcc/arm-none-eabi/13.3.1/thumb/v7e-m+fp/hard/crtbegin.o
                0x20000060                        . = ALIGN (0x4)

.bss            0x20000060      0x3e0 load address 0x08006638
                0x20000060                        _sbss = .
                0x20000060                        __bss_start__ = _sbss
 *(.bss)
 .bss           0x20000060       0x1c C:/ST/STM32CubeIDE_1.18.1/STM32CubeIDE/plugins/com.st.stm32cube.ide.mcu.externaltools.gnu-tools-for-stm32.13.3.rel1.win32_1.0.0.202411081344/tools/bin/../lib/gcc/arm-none-eabi/13.3.1/thumb/v7e-m+fp/hard/crtbegin.o
 *(.bss*)
 .bss.htim1     0x2000007c       0x48 ./Core/Src/main.o
                0x2000007c                htim1
 .bss.htim2     0x200000c4       0x48 ./Core/Src/main.o
                0x200000c4                htim2
 .bss.htim3     0x2000010c       0x48 ./Core/Src/main.o
                0x2000010c                htim3
 .bss.htim4     0x20000154       0x48 ./Core/Src/main.o
                0x20000154                htim4
 .bss.huart2    0x2000019c       0x48 ./Core/Src/main.o
                0x2000019c                huart2
 *fill*         0x200001e4        0x4 
 .bss.motor_joint_13pin
                0x200001e8       0x48 ./Core/Src/nidec_motor_driver.o
                0x200001e8                motor_joint_13pin
 .bss.motor_joint_8pin
                0x20000230       0x48 ./Core/Src/nidec_motor_driver.o
                0x20000230                motor_joint_8pin
 .bss.kinematics
                0x20000278        0xc ./Core/Src/robot_arm_core.o
                0x20000278                kinematics
 .bss.joint1_pid
                0x20000284       0x18 ./Core/Src/robot_arm_core.o
                0x20000284                joint1_pid
 .bss.joint2_pid
                0x2000029c       0x18 ./Core/Src/robot_arm_core.o
                0x2000029c                joint2_pid
 .bss.target_x  0x200002b4        0x4 ./Core/Src/robot_arm_core.o
                0x200002b4                target_x
 .bss.ik_mode_enabled
                0x200002b8        0x1 ./Core/Src/robot_arm_core.o
                0x200002b8                ik_mode_enabled
 .bss.test_mode
                0x200002b9        0x1 ./Core/Src/robot_arm_core.o
                0x200002b9                test_mode
 *fill*         0x200002ba        0x2 
 .bss.test_rpm_motor1
                0x200002bc        0x4 ./Core/Src/robot_arm_core.o
                0x200002bc                test_rpm_motor1
 .bss.test_rpm_motor2
                0x200002c0        0x4 ./Core/Src/robot_arm_core.o
                0x200002c0                test_rpm_motor2
 .bss.traj_buffer
                0x200002c4       0x28 ./Core/Src/robot_arm_core.o
                0x200002c4                traj_buffer
 .bss.__sbrk_heap_end
                0x200002ec        0x4 ./Core/Src/sysmem.o
 .bss.uwTick    0x200002f0        0x4 ./Drivers/STM32F4xx_HAL_Driver/Src/stm32f4xx_hal.o
                0x200002f0                uwTick
 .bss._ZN12_GLOBAL__N_113__new_handlerE
                0x200002f4        0x4 C:/ST/STM32CubeIDE_1.18.1/STM32CubeIDE/plugins/com.st.stm32cube.ide.mcu.externaltools.gnu-tools-for-stm32.13.3.rel1.win32_1.0.0.202411081344/tools/bin/../lib/gcc/arm-none-eabi/13.3.1/../../../../arm-none-eabi/lib/thumb/v7e-m+fp/hard\libstdc++_nano.a(new_handler.o)
 .bss.__malloc_sbrk_start
                0x200002f8        0x4 C:/ST/STM32CubeIDE_1.18.1/STM32CubeIDE/plugins/com.st.stm32cube.ide.mcu.externaltools.gnu-tools-for-stm32.13.3.rel1.win32_1.0.0.202411081344/tools/bin/../lib/gcc/arm-none-eabi/13.3.1/../../../../arm-none-eabi/lib/thumb/v7e-m+fp/hard\libc_nano.a(libc_a-mallocr.o)
                0x200002f8                __malloc_sbrk_start
 .bss.__malloc_free_list
                0x200002fc        0x4 C:/ST/STM32CubeIDE_1.18.1/STM32CubeIDE/plugins/com.st.stm32cube.ide.mcu.externaltools.gnu-tools-for-stm32.13.3.rel1.win32_1.0.0.202411081344/tools/bin/../lib/gcc/arm-none-eabi/13.3.1/../../../../arm-none-eabi/lib/thumb/v7e-m+fp/hard\libc_nano.a(libc_a-mallocr.o)
                0x200002fc                __malloc_free_list
 .bss.__sf      0x20000300      0x138 C:/ST/STM32CubeIDE_1.18.1/STM32CubeIDE/plugins/com.st.stm32cube.ide.mcu.externaltools.gnu-tools-for-stm32.13.3.rel1.win32_1.0.0.202411081344/tools/bin/../lib/gcc/arm-none-eabi/13.3.1/../../../../arm-none-eabi/lib/thumb/v7e-m+fp/hard\libc_nano.a(libc_a-findfp.o)
                0x20000300                __sf
 .bss.errno     0x20000438        0x4 C:/ST/STM32CubeIDE_1.18.1/STM32CubeIDE/plugins/com.st.stm32cube.ide.mcu.externaltools.gnu-tools-for-stm32.13.3.rel1.win32_1.0.0.202411081344/tools/bin/../lib/gcc/arm-none-eabi/13.3.1/../../../../arm-none-eabi/lib/thumb/v7e-m+fp/hard\libc_nano.a(libc_a-reent.o)
                0x20000438                errno
 .bss.__lock___malloc_recursive_mutex
                0x2000043c        0x1 C:/ST/STM32CubeIDE_1.18.1/STM32CubeIDE/plugins/com.st.stm32cube.ide.mcu.externaltools.gnu-tools-for-stm32.13.3.rel1.win32_1.0.0.202411081344/tools/bin/../lib/gcc/arm-none-eabi/13.3.1/../../../../arm-none-eabi/lib/thumb/v7e-m+fp/hard\libc_nano.a(libc_a-lock.o)
                0x2000043c                __lock___malloc_recursive_mutex
 *(COMMON)
                0x20000440                        . = ALIGN (0x4)
 *fill*         0x2000043d        0x3 
                0x20000440                        _ebss = .
                0x20000440                        __bss_end__ = _ebss

._user_heap_stack
                0x20000440      0x600 load address 0x08006638
                0x20000440                        . = ALIGN (0x8)
                [!provide]                        PROVIDE (end = .)
                0x20000440                        PROVIDE (_end = .)
                0x20000640                        . = (. + _Min_Heap_Size)
 *fill*         0x20000440      0x200 
                0x20000a40                        . = (. + _Min_Stack_Size)
 *fill*         0x20000640      0x400 
                0x20000a40                        . = ALIGN (0x8)

/DISCARD/
 libc.a(*)
 libm.a(*)
 libgcc.a(*)

.ARM.attributes
                0x00000000       0x30
 *(.ARM.attributes)
 .ARM.attributes
                0x00000000       0x22 C:/ST/STM32CubeIDE_1.18.1/STM32CubeIDE/plugins/com.st.stm32cube.ide.mcu.externaltools.gnu-tools-for-stm32.13.3.rel1.win32_1.0.0.202411081344/tools/bin/../lib/gcc/arm-none-eabi/13.3.1/thumb/v7e-m+fp/hard/crti.o
 .ARM.attributes
                0x00000022       0x34 C:/ST/STM32CubeIDE_1.18.1/STM32CubeIDE/plugins/com.st.stm32cube.ide.mcu.externaltools.gnu-tools-for-stm32.13.3.rel1.win32_1.0.0.202411081344/tools/bin/../lib/gcc/arm-none-eabi/13.3.1/thumb/v7e-m+fp/hard/crtbegin.o
 .ARM.attributes
                0x00000056       0x34 ./Core/Src/kinematics.o
 .ARM.attributes
                0x0000008a       0x34 ./Core/Src/main.o
 .ARM.attributes
                0x000000be       0x34 ./Core/Src/nidec_motor_driver.o
 .ARM.attributes
                0x000000f2       0x34 ./Core/Src/robot_arm_core.o
 .ARM.attributes
                0x00000126       0x34 ./Core/Src/stm32f4xx_hal_msp.o
 .ARM.attributes
                0x0000015a       0x34 ./Core/Src/stm32f4xx_it.o
 .ARM.attributes
                0x0000018e       0x34 ./Core/Src/syscalls.o
 .ARM.attributes
                0x000001c2       0x34 ./Core/Src/sysmem.o
 .ARM.attributes
                0x000001f6       0x34 ./Core/Src/system_stm32f4xx.o
 .ARM.attributes
                0x0000022a       0x21 ./Core/Startup/startup_stm32f446retx.o
 .ARM.attributes
                0x0000024b       0x34 ./Drivers/STM32F4xx_HAL_Driver/Src/stm32f4xx_hal.o
 .ARM.attributes
                0x0000027f       0x34 ./Drivers/STM32F4xx_HAL_Driver/Src/stm32f4xx_hal_cortex.o
 .ARM.attributes
                0x000002b3       0x34 ./Drivers/STM32F4xx_HAL_Driver/Src/stm32f4xx_hal_gpio.o
 .ARM.attributes
                0x000002e7       0x34 ./Drivers/STM32F4xx_HAL_Driver/Src/stm32f4xx_hal_rcc.o
 .ARM.attributes
                0x0000031b       0x34 ./Drivers/STM32F4xx_HAL_Driver/Src/stm32f4xx_hal_rcc_ex.o
 .ARM.attributes
                0x0000034f       0x34 ./Drivers/STM32F4xx_HAL_Driver/Src/stm32f4xx_hal_tim.o
 .ARM.attributes
                0x00000383       0x34 ./Drivers/STM32F4xx_HAL_Driver/Src/stm32f4xx_hal_tim_ex.o
 .ARM.attributes
                0x000003b7       0x34 ./Drivers/STM32F4xx_HAL_Driver/Src/stm32f4xx_hal_uart.o
 .ARM.attributes
                0x000003eb       0x34 C:/ST/STM32CubeIDE_1.18.1/STM32CubeIDE/plugins/com.st.stm32cube.ide.mcu.externaltools.gnu-tools-for-stm32.13.3.rel1.win32_1.0.0.202411081344/tools/bin/../lib/gcc/arm-none-eabi/13.3.1/../../../../arm-none-eabi/lib/thumb/v7e-m+fp/hard\libstdc++_nano.a(del_ops.o)
 .ARM.attributes
                0x0000041f       0x34 C:/ST/STM32CubeIDE_1.18.1/STM32CubeIDE/plugins/com.st.stm32cube.ide.mcu.externaltools.gnu-tools-for-stm32.13.3.rel1.win32_1.0.0.202411081344/tools/bin/../lib/gcc/arm-none-eabi/13.3.1/../../../../arm-none-eabi/lib/thumb/v7e-m+fp/hard\libstdc++_nano.a(new_op.o)
 .ARM.attributes
                0x00000453       0x34 C:/ST/STM32CubeIDE_1.18.1/STM32CubeIDE/plugins/com.st.stm32cube.ide.mcu.externaltools.gnu-tools-for-stm32.13.3.rel1.win32_1.0.0.202411081344/tools/bin/../lib/gcc/arm-none-eabi/13.3.1/../../../../arm-none-eabi/lib/thumb/v7e-m+fp/hard\libstdc++_nano.a(functexcept.o)
 .ARM.attributes
                0x00000487       0x34 C:/ST/STM32CubeIDE_1.18.1/STM32CubeIDE/plugins/com.st.stm32cube.ide.mcu.externaltools.gnu-tools-for-stm32.13.3.rel1.win32_1.0.0.202411081344/tools/bin/../lib/gcc/arm-none-eabi/13.3.1/../../../../arm-none-eabi/lib/thumb/v7e-m+fp/hard\libstdc++_nano.a(del_op.o)
 .ARM.attributes
                0x000004bb       0x34 C:/ST/STM32CubeIDE_1.18.1/STM32CubeIDE/plugins/com.st.stm32cube.ide.mcu.externaltools.gnu-tools-for-stm32.13.3.rel1.win32_1.0.0.202411081344/tools/bin/../lib/gcc/arm-none-eabi/13.3.1/../../../../arm-none-eabi/lib/thumb/v7e-m+fp/hard\libstdc++_nano.a(new_handler.o)
 .ARM.attributes
                0x000004ef       0x34 C:/ST/STM32CubeIDE_1.18.1/STM32CubeIDE/plugins/com.st.stm32cube.ide.mcu.externaltools.gnu-tools-for-stm32.13.3.rel1.win32_1.0.0.202411081344/tools/bin/../lib/gcc/arm-none-eabi/13.3.1/../../../../arm-none-eabi/lib/thumb/v7e-m+fp/hard\libm.a(libm_a-wf_acos.o)
 .ARM.attributes
                0x00000523       0x34 C:/ST/STM32CubeIDE_1.18.1/STM32CubeIDE/plugins/com.st.stm32cube.ide.mcu.externaltools.gnu-tools-for-stm32.13.3.rel1.win32_1.0.0.202411081344/tools/bin/../lib/gcc/arm-none-eabi/13.3.1/../../../../arm-none-eabi/lib/thumb/v7e-m+fp/hard\libm.a(libm_a-wf_atan2.o)
 .ARM.attributes
                0x00000557       0x34 C:/ST/STM32CubeIDE_1.18.1/STM32CubeIDE/plugins/com.st.stm32cube.ide.mcu.externaltools.gnu-tools-for-stm32.13.3.rel1.win32_1.0.0.202411081344/tools/bin/../lib/gcc/arm-none-eabi/13.3.1/../../../../arm-none-eabi/lib/thumb/v7e-m+fp/hard\libm.a(libm_a-wf_sqrt.o)
 .ARM.attributes
                0x0000058b       0x34 C:/ST/STM32CubeIDE_1.18.1/STM32CubeIDE/plugins/com.st.stm32cube.ide.mcu.externaltools.gnu-tools-for-stm32.13.3.rel1.win32_1.0.0.202411081344/tools/bin/../lib/gcc/arm-none-eabi/13.3.1/../../../../arm-none-eabi/lib/thumb/v7e-m+fp/hard\libm.a(libm_a-sf_cos.o)
 .ARM.attributes
                0x000005bf       0x34 C:/ST/STM32CubeIDE_1.18.1/STM32CubeIDE/plugins/com.st.stm32cube.ide.mcu.externaltools.gnu-tools-for-stm32.13.3.rel1.win32_1.0.0.202411081344/tools/bin/../lib/gcc/arm-none-eabi/13.3.1/../../../../arm-none-eabi/lib/thumb/v7e-m+fp/hard\libm.a(libm_a-sf_fabs.o)
 .ARM.attributes
                0x000005f3       0x34 C:/ST/STM32CubeIDE_1.18.1/STM32CubeIDE/plugins/com.st.stm32cube.ide.mcu.externaltools.gnu-tools-for-stm32.13.3.rel1.win32_1.0.0.202411081344/tools/bin/../lib/gcc/arm-none-eabi/13.3.1/../../../../arm-none-eabi/lib/thumb/v7e-m+fp/hard\libm.a(libm_a-sf_sin.o)
 .ARM.attributes
                0x00000627       0x34 C:/ST/STM32CubeIDE_1.18.1/STM32CubeIDE/plugins/com.st.stm32cube.ide.mcu.externaltools.gnu-tools-for-stm32.13.3.rel1.win32_1.0.0.202411081344/tools/bin/../lib/gcc/arm-none-eabi/13.3.1/../../../../arm-none-eabi/lib/thumb/v7e-m+fp/hard\libm.a(libm_a-sf_nan.o)
 .ARM.attributes
                0x0000065b       0x34 C:/ST/STM32CubeIDE_1.18.1/STM32CubeIDE/plugins/com.st.stm32cube.ide.mcu.externaltools.gnu-tools-for-stm32.13.3.rel1.win32_1.0.0.202411081344/tools/bin/../lib/gcc/arm-none-eabi/13.3.1/../../../../arm-none-eabi/lib/thumb/v7e-m+fp/hard\libm.a(libm_a-sf_fmax.o)
 .ARM.attributes
                0x0000068f       0x34 C:/ST/STM32CubeIDE_1.18.1/STM32CubeIDE/plugins/com.st.stm32cube.ide.mcu.externaltools.gnu-tools-for-stm32.13.3.rel1.win32_1.0.0.202411081344/tools/bin/../lib/gcc/arm-none-eabi/13.3.1/../../../../arm-none-eabi/lib/thumb/v7e-m+fp/hard\libm.a(libm_a-sf_fmin.o)
 .ARM.attributes
                0x000006c3       0x34 C:/ST/STM32CubeIDE_1.18.1/STM32CubeIDE/plugins/com.st.stm32cube.ide.mcu.externaltools.gnu-tools-for-stm32.13.3.rel1.win32_1.0.0.202411081344/tools/bin/../lib/gcc/arm-none-eabi/13.3.1/../../../../arm-none-eabi/lib/thumb/v7e-m+fp/hard\libm.a(libm_a-sf_fpclassify.o)
 .ARM.attributes
                0x000006f7       0x34 C:/ST/STM32CubeIDE_1.18.1/STM32CubeIDE/plugins/com.st.stm32cube.ide.mcu.externaltools.gnu-tools-for-stm32.13.3.rel1.win32_1.0.0.202411081344/tools/bin/../lib/gcc/arm-none-eabi/13.3.1/../../../../arm-none-eabi/lib/thumb/v7e-m+fp/hard\libm.a(libm_a-ef_sqrt.o)
 .ARM.attributes
                0x0000072b       0x34 C:/ST/STM32CubeIDE_1.18.1/STM32CubeIDE/plugins/com.st.stm32cube.ide.mcu.externaltools.gnu-tools-for-stm32.13.3.rel1.win32_1.0.0.202411081344/tools/bin/../lib/gcc/arm-none-eabi/13.3.1/../../../../arm-none-eabi/lib/thumb/v7e-m+fp/hard\libm.a(libm_a-kf_cos.o)
 .ARM.attributes
                0x0000075f       0x34 C:/ST/STM32CubeIDE_1.18.1/STM32CubeIDE/plugins/com.st.stm32cube.ide.mcu.externaltools.gnu-tools-for-stm32.13.3.rel1.win32_1.0.0.202411081344/tools/bin/../lib/gcc/arm-none-eabi/13.3.1/../../../../arm-none-eabi/lib/thumb/v7e-m+fp/hard\libm.a(libm_a-kf_sin.o)
 .ARM.attributes
                0x00000793       0x34 C:/ST/STM32CubeIDE_1.18.1/STM32CubeIDE/plugins/com.st.stm32cube.ide.mcu.externaltools.gnu-tools-for-stm32.13.3.rel1.win32_1.0.0.202411081344/tools/bin/../lib/gcc/arm-none-eabi/13.3.1/../../../../arm-none-eabi/lib/thumb/v7e-m+fp/hard\libm.a(libm_a-ef_acos.o)
 .ARM.attributes
                0x000007c7       0x34 C:/ST/STM32CubeIDE_1.18.1/STM32CubeIDE/plugins/com.st.stm32cube.ide.mcu.externaltools.gnu-tools-for-stm32.13.3.rel1.win32_1.0.0.202411081344/tools/bin/../lib/gcc/arm-none-eabi/13.3.1/../../../../arm-none-eabi/lib/thumb/v7e-m+fp/hard\libm.a(libm_a-ef_atan2.o)
 .ARM.attributes
                0x000007fb       0x34 C:/ST/STM32CubeIDE_1.18.1/STM32CubeIDE/plugins/com.st.stm32cube.ide.mcu.externaltools.gnu-tools-for-stm32.13.3.rel1.win32_1.0.0.202411081344/tools/bin/../lib/gcc/arm-none-eabi/13.3.1/../../../../arm-none-eabi/lib/thumb/v7e-m+fp/hard\libm.a(libm_a-ef_rem_pio2.o)
 .ARM.attributes
                0x0000082f       0x34 C:/ST/STM32CubeIDE_1.18.1/STM32CubeIDE/plugins/com.st.stm32cube.ide.mcu.externaltools.gnu-tools-for-stm32.13.3.rel1.win32_1.0.0.202411081344/tools/bin/../lib/gcc/arm-none-eabi/13.3.1/../../../../arm-none-eabi/lib/thumb/v7e-m+fp/hard\libm.a(libm_a-sf_atan.o)
 .ARM.attributes
                0x00000863       0x34 C:/ST/STM32CubeIDE_1.18.1/STM32CubeIDE/plugins/com.st.stm32cube.ide.mcu.externaltools.gnu-tools-for-stm32.13.3.rel1.win32_1.0.0.202411081344/tools/bin/../lib/gcc/arm-none-eabi/13.3.1/../../../../arm-none-eabi/lib/thumb/v7e-m+fp/hard\libm.a(libm_a-kf_rem_pio2.o)
 .ARM.attributes
                0x00000897       0x34 C:/ST/STM32CubeIDE_1.18.1/STM32CubeIDE/plugins/com.st.stm32cube.ide.mcu.externaltools.gnu-tools-for-stm32.13.3.rel1.win32_1.0.0.202411081344/tools/bin/../lib/gcc/arm-none-eabi/13.3.1/../../../../arm-none-eabi/lib/thumb/v7e-m+fp/hard\libm.a(libm_a-sf_scalbn.o)
 .ARM.attributes
                0x000008cb       0x34 C:/ST/STM32CubeIDE_1.18.1/STM32CubeIDE/plugins/com.st.stm32cube.ide.mcu.externaltools.gnu-tools-for-stm32.13.3.rel1.win32_1.0.0.202411081344/tools/bin/../lib/gcc/arm-none-eabi/13.3.1/../../../../arm-none-eabi/lib/thumb/v7e-m+fp/hard\libm.a(libm_a-sf_floor.o)
 .ARM.attributes
                0x000008ff       0x34 C:/ST/STM32CubeIDE_1.18.1/STM32CubeIDE/plugins/com.st.stm32cube.ide.mcu.externaltools.gnu-tools-for-stm32.13.3.rel1.win32_1.0.0.202411081344/tools/bin/../lib/gcc/arm-none-eabi/13.3.1/../../../../arm-none-eabi/lib/thumb/v7e-m+fp/hard\libc_nano.a(libc_a-abort.o)
 .ARM.attributes
                0x00000933       0x34 C:/ST/STM32CubeIDE_1.18.1/STM32CubeIDE/plugins/com.st.stm32cube.ide.mcu.externaltools.gnu-tools-for-stm32.13.3.rel1.win32_1.0.0.202411081344/tools/bin/../lib/gcc/arm-none-eabi/13.3.1/../../../../arm-none-eabi/lib/thumb/v7e-m+fp/hard\libc_nano.a(libc_a-malloc.o)
 .ARM.attributes
                0x00000967       0x34 C:/ST/STM32CubeIDE_1.18.1/STM32CubeIDE/plugins/com.st.stm32cube.ide.mcu.externaltools.gnu-tools-for-stm32.13.3.rel1.win32_1.0.0.202411081344/tools/bin/../lib/gcc/arm-none-eabi/13.3.1/../../../../arm-none-eabi/lib/thumb/v7e-m+fp/hard\libc_nano.a(libc_a-mallocr.o)
 .ARM.attributes
                0x0000099b       0x34 C:/ST/STM32CubeIDE_1.18.1/STM32CubeIDE/plugins/com.st.stm32cube.ide.mcu.externaltools.gnu-tools-for-stm32.13.3.rel1.win32_1.0.0.202411081344/tools/bin/../lib/gcc/arm-none-eabi/13.3.1/../../../../arm-none-eabi/lib/thumb/v7e-m+fp/hard\libc_nano.a(libc_a-mlock.o)
 .ARM.attributes
                0x000009cf       0x34 C:/ST/STM32CubeIDE_1.18.1/STM32CubeIDE/plugins/com.st.stm32cube.ide.mcu.externaltools.gnu-tools-for-stm32.13.3.rel1.win32_1.0.0.202411081344/tools/bin/../lib/gcc/arm-none-eabi/13.3.1/../../../../arm-none-eabi/lib/thumb/v7e-m+fp/hard\libc_nano.a(libc_a-findfp.o)
 .ARM.attributes
                0x00000a03       0x34 C:/ST/STM32CubeIDE_1.18.1/STM32CubeIDE/plugins/com.st.stm32cube.ide.mcu.externaltools.gnu-tools-for-stm32.13.3.rel1.win32_1.0.0.202411081344/tools/bin/../lib/gcc/arm-none-eabi/13.3.1/../../../../arm-none-eabi/lib/thumb/v7e-m+fp/hard\libc_nano.a(libc_a-memset.o)
 .ARM.attributes
                0x00000a37       0x34 C:/ST/STM32CubeIDE_1.18.1/STM32CubeIDE/plugins/com.st.stm32cube.ide.mcu.externaltools.gnu-tools-for-stm32.13.3.rel1.win32_1.0.0.202411081344/tools/bin/../lib/gcc/arm-none-eabi/13.3.1/../../../../arm-none-eabi/lib/thumb/v7e-m+fp/hard\libc_nano.a(libc_a-signal.o)
 .ARM.attributes
                0x00000a6b       0x34 C:/ST/STM32CubeIDE_1.18.1/STM32CubeIDE/plugins/com.st.stm32cube.ide.mcu.externaltools.gnu-tools-for-stm32.13.3.rel1.win32_1.0.0.202411081344/tools/bin/../lib/gcc/arm-none-eabi/13.3.1/../../../../arm-none-eabi/lib/thumb/v7e-m+fp/hard\libc_nano.a(libc_a-reent.o)
 .ARM.attributes
                0x00000a9f       0x34 C:/ST/STM32CubeIDE_1.18.1/STM32CubeIDE/plugins/com.st.stm32cube.ide.mcu.externaltools.gnu-tools-for-stm32.13.3.rel1.win32_1.0.0.202411081344/tools/bin/../lib/gcc/arm-none-eabi/13.3.1/../../../../arm-none-eabi/lib/thumb/v7e-m+fp/hard\libc_nano.a(libc_a-impure.o)
 .ARM.attributes
                0x00000ad3       0x34 C:/ST/STM32CubeIDE_1.18.1/STM32CubeIDE/plugins/com.st.stm32cube.ide.mcu.externaltools.gnu-tools-for-stm32.13.3.rel1.win32_1.0.0.202411081344/tools/bin/../lib/gcc/arm-none-eabi/13.3.1/../../../../arm-none-eabi/lib/thumb/v7e-m+fp/hard\libc_nano.a(libc_a-signalr.o)
 .ARM.attributes
                0x00000b07       0x34 C:/ST/STM32CubeIDE_1.18.1/STM32CubeIDE/plugins/com.st.stm32cube.ide.mcu.externaltools.gnu-tools-for-stm32.13.3.rel1.win32_1.0.0.202411081344/tools/bin/../lib/gcc/arm-none-eabi/13.3.1/../../../../arm-none-eabi/lib/thumb/v7e-m+fp/hard\libc_nano.a(libc_a-sbrkr.o)
 .ARM.attributes
                0x00000b3b       0x34 C:/ST/STM32CubeIDE_1.18.1/STM32CubeIDE/plugins/com.st.stm32cube.ide.mcu.externaltools.gnu-tools-for-stm32.13.3.rel1.win32_1.0.0.202411081344/tools/bin/../lib/gcc/arm-none-eabi/13.3.1/../../../../arm-none-eabi/lib/thumb/v7e-m+fp/hard\libc_nano.a(libc_a-errno.o)
 .ARM.attributes
                0x00000b6f       0x34 C:/ST/STM32CubeIDE_1.18.1/STM32CubeIDE/plugins/com.st.stm32cube.ide.mcu.externaltools.gnu-tools-for-stm32.13.3.rel1.win32_1.0.0.202411081344/tools/bin/../lib/gcc/arm-none-eabi/13.3.1/../../../../arm-none-eabi/lib/thumb/v7e-m+fp/hard\libc_nano.a(libc_a-init.o)
 .ARM.attributes
                0x00000ba3       0x34 C:/ST/STM32CubeIDE_1.18.1/STM32CubeIDE/plugins/com.st.stm32cube.ide.mcu.externaltools.gnu-tools-for-stm32.13.3.rel1.win32_1.0.0.202411081344/tools/bin/../lib/gcc/arm-none-eabi/13.3.1/../../../../arm-none-eabi/lib/thumb/v7e-m+fp/hard\libc_nano.a(libc_a-lock.o)
 .ARM.attributes
                0x00000bd7       0x34 C:/ST/STM32CubeIDE_1.18.1/STM32CubeIDE/plugins/com.st.stm32cube.ide.mcu.externaltools.gnu-tools-for-stm32.13.3.rel1.win32_1.0.0.202411081344/tools/bin/../lib/gcc/arm-none-eabi/13.3.1/../../../../arm-none-eabi/lib/thumb/v7e-m+fp/hard\libc_nano.a(libc_a-freer.o)
 .ARM.attributes
                0x00000c0b       0x22 C:/ST/STM32CubeIDE_1.18.1/STM32CubeIDE/plugins/com.st.stm32cube.ide.mcu.externaltools.gnu-tools-for-stm32.13.3.rel1.win32_1.0.0.202411081344/tools/bin/../lib/gcc/arm-none-eabi/13.3.1/thumb/v7e-m+fp/hard\libgcc.a(_arm_addsubsf3.o)
 .ARM.attributes
                0x00000c2d       0x22 C:/ST/STM32CubeIDE_1.18.1/STM32CubeIDE/plugins/com.st.stm32cube.ide.mcu.externaltools.gnu-tools-for-stm32.13.3.rel1.win32_1.0.0.202411081344/tools/bin/../lib/gcc/arm-none-eabi/13.3.1/thumb/v7e-m+fp/hard\libgcc.a(_aeabi_uldivmod.o)
 .ARM.attributes
                0x00000c4f       0x34 C:/ST/STM32CubeIDE_1.18.1/STM32CubeIDE/plugins/com.st.stm32cube.ide.mcu.externaltools.gnu-tools-for-stm32.13.3.rel1.win32_1.0.0.202411081344/tools/bin/../lib/gcc/arm-none-eabi/13.3.1/thumb/v7e-m+fp/hard\libgcc.a(_udivmoddi4.o)
 .ARM.attributes
                0x00000c83       0x22 C:/ST/STM32CubeIDE_1.18.1/STM32CubeIDE/plugins/com.st.stm32cube.ide.mcu.externaltools.gnu-tools-for-stm32.13.3.rel1.win32_1.0.0.202411081344/tools/bin/../lib/gcc/arm-none-eabi/13.3.1/thumb/v7e-m+fp/hard\libgcc.a(_dvmd_tls.o)
 .ARM.attributes
                0x00000ca5       0x22 C:/ST/STM32CubeIDE_1.18.1/STM32CubeIDE/plugins/com.st.stm32cube.ide.mcu.externaltools.gnu-tools-for-stm32.13.3.rel1.win32_1.0.0.202411081344/tools/bin/../lib/gcc/arm-none-eabi/13.3.1/thumb/v7e-m+fp/hard/crtn.o
OUTPUT(doghead_arm.elf elf32-littlearm)
LOAD linker stubs
LOAD C:/ST/STM32CubeIDE_1.18.1/STM32CubeIDE/plugins/com.st.stm32cube.ide.mcu.externaltools.gnu-tools-for-stm32.13.3.rel1.win32_1.0.0.202411081344/tools/bin/../lib/gcc/arm-none-eabi/13.3.1/../../../../arm-none-eabi/lib/thumb/v7e-m+fp/hard\libc.a
LOAD C:/ST/STM32CubeIDE_1.18.1/STM32CubeIDE/plugins/com.st.stm32cube.ide.mcu.externaltools.gnu-tools-for-stm32.13.3.rel1.win32_1.0.0.202411081344/tools/bin/../lib/gcc/arm-none-eabi/13.3.1/../../../../arm-none-eabi/lib/thumb/v7e-m+fp/hard\libm.a
LOAD C:/ST/STM32CubeIDE_1.18.1/STM32CubeIDE/plugins/com.st.stm32cube.ide.mcu.externaltools.gnu-tools-for-stm32.13.3.rel1.win32_1.0.0.202411081344/tools/bin/../lib/gcc/arm-none-eabi/13.3.1/thumb/v7e-m+fp/hard\libgcc.a

.debug_info     0x00000000    0x120b6
 .debug_info    0x00000000      0x625 ./Core/Src/kinematics.o
 .debug_info    0x00000625     0x1261 ./Core/Src/main.o
 .debug_info    0x00001886      0xcff ./Core/Src/nidec_motor_driver.o
 .debug_info    0x00002585     0x3fd6 ./Core/Src/robot_arm_core.o
 .debug_info    0x0000655b      0xe4f ./Core/Src/stm32f4xx_hal_msp.o
 .debug_info    0x000073aa      0x112 ./Core/Src/stm32f4xx_it.o
 .debug_info    0x000074bc      0x6a3 ./Core/Src/syscalls.o
 .debug_info    0x00007b5f      0x168 ./Core/Src/sysmem.o
 .debug_info    0x00007cc7      0x54a ./Core/Src/system_stm32f4xx.o
 .debug_info    0x00008211       0x30 ./Core/Startup/startup_stm32f446retx.o
 .debug_info    0x00008241      0x99a ./Drivers/STM32F4xx_HAL_Driver/Src/stm32f4xx_hal.o
 .debug_info    0x00008bdb      0xdaa ./Drivers/STM32F4xx_HAL_Driver/Src/stm32f4xx_hal_cortex.o
 .debug_info    0x00009985      0x70b ./Drivers/STM32F4xx_HAL_Driver/Src/stm32f4xx_hal_gpio.o
 .debug_info    0x0000a090      0x8ff ./Drivers/STM32F4xx_HAL_Driver/Src/stm32f4xx_hal_rcc.o
 .debug_info    0x0000a98f      0x960 ./Drivers/STM32F4xx_HAL_Driver/Src/stm32f4xx_hal_rcc_ex.o
 .debug_info    0x0000b2ef     0x299d ./Drivers/STM32F4xx_HAL_Driver/Src/stm32f4xx_hal_tim.o
 .debug_info    0x0000dc8c     0x14db ./Drivers/STM32F4xx_HAL_Driver/Src/stm32f4xx_hal_tim_ex.o
 .debug_info    0x0000f167     0x2f4f ./Drivers/STM32F4xx_HAL_Driver/Src/stm32f4xx_hal_uart.o

.debug_abbrev   0x00000000     0x2a9f
 .debug_abbrev  0x00000000      0x239 ./Core/Src/kinematics.o
 .debug_abbrev  0x00000239      0x29b ./Core/Src/main.o
 .debug_abbrev  0x000004d4      0x2a7 ./Core/Src/nidec_motor_driver.o
 .debug_abbrev  0x0000077b      0x8e0 ./Core/Src/robot_arm_core.o
 .debug_abbrev  0x0000105b      0x24b ./Core/Src/stm32f4xx_hal_msp.o
 .debug_abbrev  0x000012a6       0x73 ./Core/Src/stm32f4xx_it.o
 .debug_abbrev  0x00001319      0x1b6 ./Core/Src/syscalls.o
 .debug_abbrev  0x000014cf       0xbc ./Core/Src/sysmem.o
 .debug_abbrev  0x0000158b      0x11a ./Core/Src/system_stm32f4xx.o
 .debug_abbrev  0x000016a5       0x24 ./Core/Startup/startup_stm32f446retx.o
 .debug_abbrev  0x000016c9      0x214 ./Drivers/STM32F4xx_HAL_Driver/Src/stm32f4xx_hal.o
 .debug_abbrev  0x000018dd      0x31d ./Drivers/STM32F4xx_HAL_Driver/Src/stm32f4xx_hal_cortex.o
 .debug_abbrev  0x00001bfa      0x1d4 ./Drivers/STM32F4xx_HAL_Driver/Src/stm32f4xx_hal_gpio.o
 .debug_abbrev  0x00001dce      0x2b7 ./Drivers/STM32F4xx_HAL_Driver/Src/stm32f4xx_hal_rcc.o
 .debug_abbrev  0x00002085      0x211 ./Drivers/STM32F4xx_HAL_Driver/Src/stm32f4xx_hal_rcc_ex.o
 .debug_abbrev  0x00002296      0x278 ./Drivers/STM32F4xx_HAL_Driver/Src/stm32f4xx_hal_tim.o
 .debug_abbrev  0x0000250e      0x283 ./Drivers/STM32F4xx_HAL_Driver/Src/stm32f4xx_hal_tim_ex.o
 .debug_abbrev  0x00002791      0x30e ./Drivers/STM32F4xx_HAL_Driver/Src/stm32f4xx_hal_uart.o

.debug_aranges  0x00000000      0xf78
 .debug_aranges
                0x00000000       0x70 ./Core/Src/kinematics.o
 .debug_aranges
                0x00000070       0x60 ./Core/Src/main.o
 .debug_aranges
                0x000000d0       0x80 ./Core/Src/nidec_motor_driver.o
 .debug_aranges
                0x00000150      0x1a0 ./Core/Src/robot_arm_core.o
 .debug_aranges
                0x000002f0       0x58 ./Core/Src/stm32f4xx_hal_msp.o
 .debug_aranges
                0x00000348       0x60 ./Core/Src/stm32f4xx_it.o
 .debug_aranges
                0x000003a8       0xa8 ./Core/Src/syscalls.o
 .debug_aranges
                0x00000450       0x20 ./Core/Src/sysmem.o
 .debug_aranges
                0x00000470       0x28 ./Core/Src/system_stm32f4xx.o
 .debug_aranges
                0x00000498       0x28 ./Core/Startup/startup_stm32f446retx.o
 .debug_aranges
                0x000004c0       0xf0 ./Drivers/STM32F4xx_HAL_Driver/Src/stm32f4xx_hal.o
 .debug_aranges
                0x000005b0      0x130 ./Drivers/STM32F4xx_HAL_Driver/Src/stm32f4xx_hal_cortex.o
 .debug_aranges
                0x000006e0       0x58 ./Drivers/STM32F4xx_HAL_Driver/Src/stm32f4xx_hal_gpio.o
 .debug_aranges
                0x00000738       0x88 ./Drivers/STM32F4xx_HAL_Driver/Src/stm32f4xx_hal_rcc.o
 .debug_aranges
                0x000007c0       0x78 ./Drivers/STM32F4xx_HAL_Driver/Src/stm32f4xx_hal_rcc_ex.o
 .debug_aranges
                0x00000838      0x3d0 ./Drivers/STM32F4xx_HAL_Driver/Src/stm32f4xx_hal_tim.o
 .debug_aranges
                0x00000c08      0x168 ./Drivers/STM32F4xx_HAL_Driver/Src/stm32f4xx_hal_tim_ex.o
 .debug_aranges
                0x00000d70      0x208 ./Drivers/STM32F4xx_HAL_Driver/Src/stm32f4xx_hal_uart.o

.debug_rnglists
                0x00000000      0xc13
 .debug_rnglists
                0x00000000       0x51 ./Core/Src/kinematics.o
 .debug_rnglists
                0x00000051       0x49 ./Core/Src/main.o
 .debug_rnglists
                0x0000009a       0x74 ./Core/Src/nidec_motor_driver.o
 .debug_rnglists
                0x0000010e      0x136 ./Core/Src/robot_arm_core.o
 .debug_rnglists
                0x00000244       0x40 ./Core/Src/stm32f4xx_hal_msp.o
 .debug_rnglists
                0x00000284       0x43 ./Core/Src/stm32f4xx_it.o
 .debug_rnglists
                0x000002c7       0x79 ./Core/Src/syscalls.o
 .debug_rnglists
                0x00000340       0x13 ./Core/Src/sysmem.o
 .debug_rnglists