Archive member included to satisfy reference by file (symbol)

/home/jail487/doghead/dogArm-project/Firmware/doghead_arm/micro_ros_stm32cubemx_utils/microros_static_library/libmicroros/libmicroros.a(librcutils-allocator.c.obj)
                              ./Core/Src/main.o (rcutils_get_zero_initialized_allocator)
/home/jail487/doghead/dogArm-project/Firmware/doghead_arm/micro_ros_stm32cubemx_utils/microros_static_library/libmicroros/libmicroros.a(librmw_microxrcedds-custom_transport.c.obj)
                              ./Core/Src/main.o (rmw_uros_set_custom_transport)
/opt/st/stm32cubeide_1.19.0/plugins/com.st.stm32cube.ide.mcu.externaltools.gnu-tools-for-stm32.13.3.rel1.linux64_1.0.0.202410170706/tools/bin/../lib/gcc/arm-none-eabi/13.3.1/../../../../arm-none-eabi/lib/thumb/v7e-m+fp/hard/libstdc++_nano.a(del_ops.o)
                              ./Core/Src/robot_arm_core.o (operator delete(void*, unsigned int))
/opt/st/stm32cubeide_1.19.0/plugins/com.st.stm32cube.ide.mcu.externaltools.gnu-tools-for-stm32.13.3.rel1.linux64_1.0.0.202410170706/tools/bin/../lib/gcc/arm-none-eabi/13.3.1/../../../../arm-none-eabi/lib/thumb/v7e-m+fp/hard/libstdc++_nano.a(new_op.o)
                              ./Core/Src/robot_arm_core.o (operator new(unsigned int))
/opt/st/stm32cubeide_1.19.0/plugins/com.st.stm32cube.ide.mcu.externaltools.gnu-tools-for-stm32.13.3.rel1.linux64_1.0.0.202410170706/tools/bin/../lib/gcc/arm-none-eabi/13.3.1/../../../../arm-none-eabi/lib/thumb/v7e-m+fp/hard/libstdc++_nano.a(functexcept.o)
                              ./Core/Src/robot_arm_core.o (std::__throw_bad_alloc())
/opt/st/stm32cubeide_1.19.0/plugins/com.st.stm32cube.ide.mcu.externaltools.gnu-tools-for-stm32.13.3.rel1.linux64_1.0.0.202410170706/tools/bin/../lib/gcc/arm-none-eabi/13.3.1/../../../../arm-none-eabi/lib/thumb/v7e-m+fp/hard/libstdc++_nano.a(del_op.o)
                              /opt/st/stm32cubeide_1.19.0/plugins/com.st.stm32cube.ide.mcu.externaltools.gnu-tools-for-stm32.13.3.rel1.linux64_1.0.0.202410170706/tools/bin/../lib/gcc/arm-none-eabi/13.3.1/../../../../arm-none-eabi/lib/thumb/v7e-m+fp/hard/libstdc++_nano.a(del_ops.o) (operator delete(void*))
/opt/st/stm32cubeide_1.19.0/plugins/com.st.stm32cube.ide.mcu.externaltools.gnu-tools-for-stm32.13.3.rel1.linux64_1.0.0.202410170706/tools/bin/../lib/gcc/arm-none-eabi/13.3.1/../../../../arm-none-eabi/lib/thumb/v7e-m+fp/hard/libstdc++_nano.a(new_handler.o)
                              /opt/st/stm32cubeide_1.19.0/plugins/com.st.stm32cube.ide.mcu.externaltools.gnu-tools-for-stm32.13.3.rel1.linux64_1.0.0.202410170706/tools/bin/../lib/gcc/arm-none-eabi/13.3.1/../../../../arm-none-eabi/lib/thumb/v7e-m+fp/hard/libstdc++_nano.a(new_op.o) (std::get_new_handler())
/opt/st/stm32cubeide_1.19.0/plugins/com.st.stm32cube.ide.mcu.externaltools.gnu-tools-for-stm32.13.3.rel1.linux64_1.0.0.202410170706/tools/bin/../lib/gcc/arm-none-eabi/13.3.1/../../../../arm-none-eabi/lib/thumb/v7e-m+fp/hard/libm.a(libm_a-wf_acos.o)
                              ./Core/Src/kinematics.o (acosf)
/opt/st/stm32cubeide_1.19.0/plugins/com.st.stm32cube.ide.mcu.externaltools.gnu-tools-for-stm32.13.3.rel1.linux64_1.0.0.202410170706/tools/bin/../lib/gcc/arm-none-eabi/13.3.1/../../../../arm-none-eabi/lib/thumb/v7e-m+fp/hard/libm.a(libm_a-wf_atan2.o)
                              ./Core/Src/kinematics.o (atan2f)
/opt/st/stm32cubeide_1.19.0/plugins/com.st.stm32cube.ide.mcu.externaltools.gnu-tools-for-stm32.13.3.rel1.linux64_1.0.0.202410170706/tools/bin/../lib/gcc/arm-none-eabi/13.3.1/../../../../arm-none-eabi/lib/thumb/v7e-m+fp/hard/libm.a(libm_a-wf_sqrt.o)
                              ./Core/Src/kinematics.o (sqrtf)
/opt/st/stm32cubeide_1.19.0/plugins/com.st.stm32cube.ide.mcu.externaltools.gnu-tools-for-stm32.13.3.rel1.linux64_1.0.0.202410170706/tools/bin/../lib/gcc/arm-none-eabi/13.3.1/../../../../arm-none-eabi/lib/thumb/v7e-m+fp/hard/libm.a(libm_a-sf_cos.o)
                              ./Core/Src/kinematics.o (cosf)
/opt/st/stm32cubeide_1.19.0/plugins/com.st.stm32cube.ide.mcu.externaltools.gnu-tools-for-stm32.13.3.rel1.linux64_1.0.0.202410170706/tools/bin/../lib/gcc/arm-none-eabi/13.3.1/../../../../arm-none-eabi/lib/thumb/v7e-m+fp/hard/libm.a(libm_a-sf_fabs.o)
                              /opt/st/stm32cubeide_1.19.0/plugins/com.st.stm32cube.ide.mcu.externaltools.gnu-tools-for-stm32.13.3.rel1.linux64_1.0.0.202410170706/tools/bin/../lib/gcc/arm-none-eabi/13.3.1/../../../../arm-none-eabi/lib/thumb/v7e-m+fp/hard/libm.a(libm_a-wf_acos.o) (fabsf)
/opt/st/stm32cubeide_1.19.0/plugins/com.st.stm32cube.ide.mcu.externaltools.gnu-tools-for-stm32.13.3.rel1.linux64_1.0.0.202410170706/tools/bin/../lib/gcc/arm-none-eabi/13.3.1/../../../../arm-none-eabi/lib/thumb/v7e-m+fp/hard/libm.a(libm_a-sf_sin.o)
                              ./Core/Src/kinematics.o (sinf)
[...]
Memory Configuration

Name             Origin             Length             Attributes
RAM              0x20000000         0x00020000         xrw
FLASH            0x08000000         0x00080000         xr
*default*        0x00000000         0xffffffff

Linker script and memory map

LOAD /opt/st/stm32cubeide_1.19.0/plugins/com.st.stm32cube.ide.mcu.externaltools.gnu-tools-for-stm32.13.3.rel1.linux64_1.0.0.202410170706/tools/bin/../lib/gcc/arm-none-eabi/13.3.1/thumb/v7e-m+fp/hard/crti.o
LOAD /opt/st/stm32cubeide_1.19.0/plugins/com.st.stm32cube.ide.mcu.externaltools.gnu-tools-for-stm32.13.3.rel1.linux64_1.0.0.202410170706/tools/bin/../lib/gcc/arm-none-eabi/13.3.1/thumb/v7e-m+fp/hard/crtbegin.o
LOAD /opt/st/stm32cubeide_1.19.0/plugins/com.st.stm32cube.ide.mcu.externaltools.gnu-tools-for-stm32.13.3.rel1.linux64_1.0.0.202410170706/tools/bin/../lib/gcc/arm-none-eabi/13.3.1/../../../../arm-none-eabi/lib/thumb/v7e-m+fp/hard/crt0.o
LOAD ./Core/Src/custom_memory_manager.o
LOAD ./Core/Src/freertos.o
LOAD ./Core/Src/it_transport.o
LOAD ./Core/Src/kinematics.o
LOAD ./Core/Src/main.o
LOAD ./Core/Src/microros_allocators.o
LOAD ./Core/Src/microros_time.o
LOAD ./Core/Src/motor_speed_test.o
LOAD ./Core/Src/nidec_motor_driver.o
LOAD ./Core/Src/pid_tuning_assistant.o
LOAD ./Core/Src/robot_arm_core.o
LOAD ./Core/Src/stm32f4xx_hal_msp.o
LOAD ./Core/Src/stm32f4xx_hal_timebase_tim.o
LOAD ./Core/Src/stm32f4xx_it.o
LOAD ./Core/Src/syscalls.o
LOAD ./Core/Src/sysmem.o
LOAD ./Core/Src/system_stm32f4xx.o
LOAD ./Core/Startup/startup_stm32f446retx.o
LOAD ./Drivers/STM32F4xx_HAL_Driver/Src/stm32f4xx_hal.o
LOAD ./Drivers/STM32F4xx_HAL_Driver/Src/stm32f4xx_hal_cortex.o
LOAD ./Drivers/STM32F4xx_HAL_Driver/Src/stm32f4xx_hal_dma.o
LOAD ./Drivers/STM32F4xx_HAL_Driver/Src/stm32f4xx_hal_dma_ex.o
LOAD ./Drivers/STM32F4xx_HAL_Driver/Src/stm32f4xx_hal_exti.o
LOAD ./Drivers/STM32F4xx_HAL_Driver/Src/stm32f4xx_hal_flash.o
LOAD ./Drivers/STM32F4xx_HAL_Driver/Src/stm32f4xx_hal_flash_ex.o
LOAD ./Drivers/STM32F4xx_HAL_Driver/Src/stm32f4xx_hal_flash_ramfunc.o
LOAD ./Drivers/STM32F4xx_HAL_Driver/Src/stm32f4xx_hal_gpio.o
LOAD ./Drivers/STM32F4xx_HAL_Driver/Src/stm32f4xx_hal_pwr.o
LOAD ./Drivers/STM32F4xx_HAL_Driver/Src/stm32f4xx_hal_pwr_ex.o
LOAD ./Drivers/STM32F4xx_HAL_Driver/Src/stm32f4xx_hal_rcc.o
LOAD ./Drivers/STM32F4xx_HAL_Driver/Src/stm32f4xx_hal_rcc_ex.o
LOAD ./Drivers/STM32F4xx_HAL_Driver/Src/stm32f4xx_hal_tim.o
LOAD ./Drivers/STM32F4xx_HAL_Driver/Src/stm32f4xx_hal_tim_ex.o
LOAD ./Drivers/STM32F4xx_HAL_Driver/Src/stm32f4xx_hal_uart.o
LOAD ./Middlewares/Third_Party/FreeRTOS/Source/CMSIS_RTOS_V2/cmsis_os2.o
LOAD ./Middlewares/Third_Party/FreeRTOS/Source/croutine.o
LOAD ./Middlewares/Third_Party/FreeRTOS/Source/event_groups.o
LOAD ./Middlewares/Third_Party/FreeRTOS/Source/list.o
LOAD ./Middlewares/Third_Party/FreeRTOS/Source/queue.o
LOAD ./Middlewares/Third_Party/FreeRTOS/Source/stream_buffer.o
LOAD ./Middlewares/Third_Party/FreeRTOS/Source/tasks.o
LOAD ./Middlewares/Third_Party/FreeRTOS/Source/timers.o
LOAD ./Middlewares/Third_Party/FreeRTOS/Source/portable/GCC/ARM_CM4F/port.o
LOAD ./Middlewares/Third_Party/FreeRTOS/Source/portable/MemMang/heap_4.o
LOAD /home/jail487/doghead/dogArm-project/Firmware/doghead_arm/micro_ros_stm32cubemx_utils/microros_static_library/libmicroros/libmicroros.a
START GROUP
LOAD /opt/st/stm32cubeide_1.19.0/plugins/com.st.stm32cube.ide.mcu.externaltools.gnu-tools-for-stm32.13.3.rel1.linux64_1.0.0.202410170706/tools/bin/../lib/gcc/arm-none-eabi/13.3.1/../../../../arm-none-eabi/lib/thumb/v7e-m+fp/hard/libstdc++_nano.a
LOAD /opt/st/stm32cubeide_1.19.0/plugins/com.st.stm32cube.ide.mcu.externaltools.gnu-tools-for-stm32.13.3.rel1.linux64_1.0.0.202410170706/tools/bin/../lib/gcc/arm-none-eabi/13.3.1/../../../../arm-none-eabi/lib/thumb/v7e-m+fp/hard/libsupc++_nano.a
END GROUP
LOAD /opt/st/stm32cubeide_1.19.0/plugins/com.st.stm32cube.ide.mcu.externaltools.gnu-tools-for-stm32.13.3.rel1.linux64_1.0.0.202410170706/tools/bin/../lib/gcc/arm-none-eabi/13.3.1/../../../../arm-none-eabi/lib/thumb/v7e-m+fp/hard/libstdc++_nano.a
LOAD /opt/st/stm32cubeide_1.19.0/plugins/com.st.stm32cube.ide.mcu.externaltools.gnu-tools-for-stm32.13.3.rel1.linux64_1.0.0.202410170706/tools/bin/../lib/gcc/arm-none-eabi/13.3.1/../../../../arm-none-eabi/lib/thumb/v7e-m+fp/hard/libm.a
LOAD /opt/st/stm32cubeide_1.19.0/plugins/com.st.stm32cube.ide.mcu.externaltools.gnu-tools-for-stm32.13.3.rel1.linux64_1.0.0.202410170706/tools/bin/../lib/gcc/arm-none-eabi/13.3.1/../../../../arm-none-eabi/lib/thumb/v7e-m+fp/hard/libc_nano.a
START GROUP
LOAD /opt/st/stm32cubeide_1.19.0/plugins/com.st.stm32cube.ide.mcu.externaltools.gnu-tools-for-stm32.13.3.rel1.linux64_1.0.0.202410170706/tools/bin/../lib/gcc/arm-none-eabi/13.3.1/thumb/v7e-m+fp/hard/libgcc.a
LOAD /opt/st/stm32cubeide_1.19.0/plugins/com.st.stm32cube.ide.mcu.externaltools.gnu-tools-for-stm32.13.3.rel1.linux64_1.0.0.202410170706/tools/bin/../lib/gcc/arm-none-eabi/13.3.1/../../../../arm-none-eabi/lib/thumb/v7e-m+fp/hard/libc_nano.a
END GROUP
START GROUP
LOAD /opt/st/stm32cubeide_1.19.0/plugins/com.st.stm32cube.ide.mcu.externaltools.gnu-tools-for-stm32.13.3.rel1.linux64_1.0.0.202410170706/tools/bin/../lib/gcc/arm-none-eabi/13.3.1/thumb/v7e-m+fp/hard/libgcc.a
LOAD /opt/st/stm32cubeide_1.19.0/plugins/com.st.stm32cube.ide.mcu.externaltools.gnu-tools-for-stm32.13.3.rel1.linux64_1.0.0.202410170706/tools/bin/../lib/gcc/arm-none-eabi/13.3.1/../../../../arm-none-eabi/lib/thumb/v7e-m+fp/hard/libc_nano.a
END GROUP
LOAD /opt/st/stm32cubeide_1.19.0/plugins/com.st.stm32cube.ide.mcu.externaltools.gnu-tools-for-stm32.13.3.rel1.linux64_1.0.0.202410170706/tools/bin/../lib/gcc/arm-none-eabi/13.3.1/thumb/v7e-m+fp/hard/crtend.o
LOAD /opt/st/stm32cubeide_1.19.0/plugins/com.st.stm32cube.ide.mcu.externaltools.gnu-tools-for-stm32.13.3.rel1.linux64_1.0.0.202410170706/tools/bin/../lib/gcc/arm-none-eabi/13.3.1/thumb/v7e-m+fp/hard/crtn.o
                0x20020000                        _estack = (ORIGIN (RAM) + LENGTH (RAM))
                0x00000200                        _Min_Heap_Size = 0x200
                0x00000400                        _Min_Stack_Size = 0x400

.isr_vector     0x08000000      0x1c4
                0x08000000                        . = ALIGN (0x4)
 *(.isr_vector)
 .isr_vector    0x08000000      0x1c4 ./Core/Startup/startup_stm32f446retx.o
                0x08000000                g_pfnVectors
                0x080001c4                        . = ALIGN (0x4)

.text           0x080001d0     0xb1f0
                0x080001d0                        . = ALIGN (0x4)
 *(.text)
 .text          0x080001d0       0x40 /opt/st/stm32cubeide_1.19.0/plugins/com.st.stm32cube.ide.mcu.externaltools.gnu-tools-for-stm32.13.3.rel1.linux64_1.0.0.202410170706/tools/bin/../lib/gcc/arm-none-eabi/13.3.1/thumb/v7e-m+fp/hard/crtbegin.o
 .text          0x08000210       0xd8 /home/jail487/doghead/dogArm-project/Firmware/doghead_arm/micro_ros_stm32cubemx_utils/microros_static_library/libmicroros/libmicroros.a(librcutils-allocator.c.obj)
                0x08000220                rcutils_get_zero_initialized_allocator
                0x0800023c                rcutils_set_default_allocator
                0x08000278                rcutils_get_default_allocator
                0x08000294                rcutils_allocator_is_valid
                0x080002b0                rcutils_reallocf
 .text          0x080002e8       0x58 /home/jail487/doghead/dogArm-project/Firmware/doghead_arm/micro_ros_stm32cubemx_utils/microros_static_library/libmicroros/libmicroros.a(librmw_microxrcedds-custom_transport.c.obj)
                0x080002e8                rmw_uros_set_custom_transport
                0x08000314                rmw_uros_options_set_custom_transport
 .text          0x08000340       0xa0 /opt/st/stm32cubeide_1.19.0/plugins/com.st.stm32cube.ide.mcu.externaltools.gnu-tools-for-stm32.13.3.rel1.linux64_1.0.0.202410170706/tools/bin/../lib/gcc/arm-none-eabi/13.3.1/../../../../arm-none-eabi/lib/thumb/v7e-m+fp/hard/libc_nano.a(libc_a-memchr.o)
                0x08000340                memchr
 .text          0x080003e0      0x21c /opt/st/stm32cubeide_1.19.0/plugins/com.st.stm32cube.ide.mcu.externaltools.gnu-tools-for-stm32.13.3.rel1.linux64_1.0.0.202410170706/tools/bin/../lib/gcc/arm-none-eabi/13.3.1/thumb/v7e-m+fp/hard/libgcc.a(_arm_addsubsf3.o)
                0x080003e0                __aeabi_frsub
                0x080003e8                __subsf3
                0x080003e8                __aeabi_fsub
                0x080003ec                __aeabi_fadd
                0x080003ec                __addsf3
                0x0800054c                __aeabi_ui2f
                0x0800054c                __floatunsisf
                0x08000554                __aeabi_i2f
                0x08000554                __floatsisf
                0x08000570                __floatundisf
                0x08000570                __aeabi_ul2f
                0x08000580                __floatdisf
                0x08000580                __aeabi_l2f
 .text          0x080005fc       0x30 /opt/st/stm32cubeide_1.19.0/plugins/com.st.stm32cube.ide.mcu.externaltools.gnu-tools-for-stm32.13.3.rel1.linux64_1.0.0.202410170706/tools/bin/../lib/gcc/arm-none-eabi/13.3.1/thumb/v7e-m+fp/hard/libgcc.a(_aeabi_uldivmod.o)
                0x080005fc                __aeabi_uldivmod
 .text          0x0800062c      0x2f8 /opt/st/stm32cubeide_1.19.0/plugins/com.st.stm32cube.ide.mcu.externaltools.gnu-tools-for-stm32.13.3.rel1.linux64_1.0.0.202410170706/tools/bin/../lib/gcc/arm-none-eabi/13.3.1/thumb/v7e-m+fp/hard/libgcc.a(_udivmoddi4.o)
                0x0800062c                __udivmoddi4
 .text          0x08000924        0x4 /opt/st/stm32cubeide_1.19.0/plugins/com.st.stm32cube.ide.mcu.externaltools.gnu-tools-for-stm32.13.3.rel1.linux64_1.0.0.202410170706/tools/bin/../lib/gcc/arm-none-eabi/13.3.1/thumb/v7e-m+fp/hard/libgcc.a(_dvmd_tls.o)
                0x08000924                __aeabi_ldiv0
                0x08000924                __aeabi_idiv0
 *(.text*)
 .text.pvPortMallocMicroROS
                0x08000928      0x190 ./Core/Src/custom_memory_manager.o
                0x08000928                pvPortMallocMicroROS
 .text.vPortFreeMicroROS
                0x08000ab8       0xb8 ./Core/Src/custom_memory_manager.o
                0x08000ab8                vPortFreeMicroROS
 .text.getBlockSize
                0x08000b70       0x3c ./Core/Src/custom_memory_manager.o
                0x08000b70                getBlockSize
 .text.pvPortReallocMicroROS
                0x08000bac       0x5a ./Core/Src/custom_memory_manager.o
                0x08000bac                pvPortReallocMicroROS
 .text.pvPortCallocMicroROS
                0x08000c06       0x48 ./Core/Src/custom_memory_manager.o
                0x08000c06                pvPortCallocMicroROS
 *fill*         0x08000c4e        0x2 
 .text.prvHeapInit
                0x08000c50       0xc4 ./Core/Src/custom_memory_manager.o
 .text.prvInsertBlockIntoFreeList
                0x08000d14       0xb4 ./Core/Src/custom_memory_manager.o
 .text.cubemx_transport_open
                0x08000dc8       0x28 ./Core/Src/it_transport.o
                0x08000dc8                cubemx_transport_open
 .text.cubemx_transport_close
                0x08000df0       0x20 ./Core/Src/it_transport.o
                0x08000df0                cubemx_transport_close
 .text.cubemx_transport_write
                0x08000e10       0x66 ./Core/Src/it_transport.o
                0x08000e10                cubemx_transport_write
 *fill*         0x08000e76        0x2 
 .text.cubemx_transport_read
                0x08000e78       0x68 ./Core/Src/it_transport.o
                0x08000e78                cubemx_transport_read
 .text._ZSt4acosf
                0x08000ee0       0x20 ./Core/Src/kinematics.o
                0x08000ee0                std::acos(float)
 .text._ZSt5atan2ff
                0x08000f00       0x28 ./Core/Src/kinematics.o
                0x08000f00                std::atan2(float, float)
 .text._ZSt3cosf
                0x08000f28       0x20 ./Core/Src/kinematics.o
                0x08000f28                std::cos(float)
 .text._ZSt4fabsf
                0x08000f48       0x20 ./Core/Src/kinematics.o
                0x08000f48                std::fabs(float)
 .text._ZSt3sinf
                0x08000f68       0x20 ./Core/Src/kinematics.o
                0x08000f68                std::sin(float)
 .text._ZSt4sqrtf
                0x08000f88       0x20 ./Core/Src/kinematics.o
                0x08000f88                std::sqrt(float)
 .text._ZSt4fmaxff
                0x08000fa8       0x28 ./Core/Src/kinematics.o
                0x08000fa8                std::fmax(float, float)
 .text._ZSt4fminff
                0x08000fd0       0x28 ./Core/Src/kinematics.o
                0x08000fd0                std::fmin(float, float)
 .text._ZL4clipfff
                0x08000ff8       0x3c ./Core/Src/kinematics.o
 .text._ZN17FiveBarKinematics7solveIKE7Point2Di
                0x08001034      0x288 ./Core/Src/kinematics.o
                0x08001034                FiveBarKinematics::solveIK(Point2D, int)
 .text._ZN17FiveBarKinematics7solveFKEff
                0x080012bc      0x284 ./Core/Src/kinematics.o
                0x080012bc                FiveBarKinematics::solveFK(float, float)
 .text.main     0x08001540       0x5c ./Core/Src/main.o
                0x08001540                main
 .text.SystemClock_Config
                0x0800159c       0xdc ./Core/Src/main.o
                0x0800159c                SystemClock_Config
 .text.MX_TIM1_Init
                0x08001678       0xb0 ./Core/Src/main.o
 .text.MX_TIM2_Init
                0x08001728       0xb0 ./Core/Src/main.o
 .text.MX_TIM3_Init
                0x080017d8       0xb4 ./Core/Src/main.o
 .text.MX_TIM4_Init
                0x0800188c       0xa8 ./Core/Src/main.o
 .text.MX_USART2_UART_Init
                0x08001934       0x54 ./Core/Src/main.o
 .text.MX_GPIO_Init
                0x08001988       0xd8 ./Core/Src/main.o
 .text.StartDefaultTask
                0x08001a60       0x88 ./Core/Src/main.o
                0x08001a60                StartDefaultTask
 .text.HAL_TIM_PeriodElapsedCallback
                0x08001ae8       0x24 ./Core/Src/main.o
                0x08001ae8                HAL_TIM_PeriodElapsedCallback
 .text.Error_Handler
                0x08001b0c        0xc ./Core/Src/main.o
                0x08001b0c                Error_Handler
 .text.microros_allocate
                0x08001b18       0x44 ./Core/Src/microros_allocators.o
                0x08001b18                microros_allocate
 .text.microros_deallocate
                0x08001b5c       0x38 ./Core/Src/microros_allocators.o
                0x08001b5c                microros_deallocate
 .text.microros_reallocate
                0x08001b94       0x6c ./Core/Src/microros_allocators.o
                0x08001b94                microros_reallocate
 .text.microros_zero_allocate
                0x08001c00       0x50 ./Core/Src/microros_allocators.o
                0x08001c00                microros_zero_allocate
 .text._write   0x08001c50       0x2c ./Core/Src/motor_speed_test.o
                0x08001c50                _write
 .text.Get_Timer_Input_Clock
                0x08001c7c       0x18 ./Core/Src/nidec_motor_driver.o
 .text.Impl_Freq13Pin_SetSpeed
                0x08001c94      0x158 ./Core/Src/nidec_motor_driver.o
 .text.Impl_Freq13Pin_SetEnable
                0x08001dec       0x4c ./Core/Src/nidec_motor_driver.o
 .text.Impl_PWM8Pin_SetSpeed
                0x08001e38       0xe2 ./Core/Src/nidec_motor_driver.o
 .text.Impl_PWM8Pin_SetEnable
                0x08001f1a       0x8c ./Core/Src/nidec_motor_driver.o
 *fill*         0x08001fa6        0x2 
 .text.Motor_Init
                0x08001fa8       0xb4 ./Core/Src/nidec_motor_driver.o
                0x08001fa8                Motor_Init
 .text.Motor_Update
                0x0800205c      0x148 ./Core/Src/nidec_motor_driver.o
                0x0800205c                Motor_Update
 .text.Motor_GetAngle
                0x080021a4       0x88 ./Core/Src/nidec_motor_driver.o
                0x080021a4                Motor_GetAngle
 .text.Motor_SetSpeed
                0x0800222c       0x40 ./Core/Src/nidec_motor_driver.o
                0x0800222c                Motor_SetSpeed
 .text.Motor_Start
                0x0800226c       0x42 ./Core/Src/nidec_motor_driver.o
                0x0800226c                Motor_Start
 .text.Motor_Stop
                0x080022ae       0x3e ./Core/Src/nidec_motor_driver.o
                0x080022ae                Motor_Stop
 .text.Motor_System_Config
                0x080022ec       0xc4 ./Core/Src/nidec_motor_driver.o
                0x080022ec                Motor_System_Config
 .text._ZN18PositionControllerC2Effffff
                0x080023b0       0x54 ./Core/Src/robot_arm_core.o
                0x080023b0                PositionController::PositionController(float, float, float, float, float, float)
                0x080023b0                PositionController::PositionController(float, float, float, float, float, float)
 .text._ZN18PositionController5resetEv
                0x08002404       0x24 ./Core/Src/robot_arm_core.o
                0x08002404                PositionController::reset()
 .text._ZN18PositionController6updateEfffff
                0x08002428      0x164 ./Core/Src/robot_arm_core.o
                0x08002428                PositionController::update(float, float, float, float, float)
 .text._ZN17FiveBarKinematicsC2Efff
                0x0800258c       0x34 ./Core/Src/robot_arm_core.o
                0x0800258c                FiveBarKinematics::FiveBarKinematics(float, float, float)
                0x0800258c                FiveBarKinematics::FiveBarKinematics(float, float, float)
 .text._ZN17FiveBarKinematics7deg2radEf
                0x080025c0       0x28 ./Core/Src/robot_arm_core.o
                0x080025c0                FiveBarKinematics::deg2rad(float)
 .text._ZN17FiveBarKinematics7rad2degEf
                0x080025e8       0x28 ./Core/Src/robot_arm_core.o
                0x080025e8                FiveBarKinematics::rad2deg(float)
 .text._ZSt16__deque_buf_sizej
                0x08002610       0x2a ./Core/Src/robot_arm_core.o
                0x08002610                std::__deque_buf_size(unsigned int)
 .text._ZN17TrajectoryPlannerC2Ev
                0x0800263a       0x36 ./Core/Src/robot_arm_core.o
                0x0800263a                TrajectoryPlanner::TrajectoryPlanner()
                0x0800263a                TrajectoryPlanner::TrajectoryPlanner()
 .text._ZN17TrajectoryPlanner6updateEffff
                0x08002670      0x11c ./Core/Src/robot_arm_core.o
                0x08002670                TrajectoryPlanner::update(float, float, float, float)
 .text._ZNK17TrajectoryPlanner11getVelocityEv
                0x0800278c       0x1e ./Core/Src/robot_arm_core.o
                0x0800278c                TrajectoryPlanner::getVelocity() const
 .text._ZNK17TrajectoryPlanner15getAccelerationEv
                0x080027aa       0x1e ./Core/Src/robot_arm_core.o
                0x080027aa                TrajectoryPlanner::getAcceleration() const
 .text._ZN17TrajectoryPlanner5resetEv
                0x080027c8       0x34 ./Core/Src/robot_arm_core.o
                0x080027c8                TrajectoryPlanner::reset()
 .text.Robot_Init
                0x080027fc       0x50 ./Core/Src/robot_arm_core.o
                0x080027fc                Robot_Init
 .text.Robot_SetTestMode
                0x0800284c       0x30 ./Core/Src/robot_arm_core.o
                0x0800284c                Robot_SetTestMode
 .text.Robot_Loop
                0x0800287c      0x22c ./Core/Src/robot_arm_core.o
                0x0800287c                Robot_Loop
 .text._ZNSt5dequeI15TrajectoryPointSaIS0_EEC2Ev
                0x08002aa8       0x1a ./Core/Src/robot_arm_core.o
                0x08002aa8                std::deque<TrajectoryPoint, std::allocator<TrajectoryPoint> >::deque()
                0x08002aa8                std::deque<TrajectoryPoint, std::allocator<TrajectoryPoint> >::deque()
 .text._ZNSt5queueI15TrajectoryPointSt5dequeIS0_SaIS0_EEEC2IS3_vEEv
                0x08002ac2       0x28 ./Core/Src/robot_arm_core.o
                0x08002ac2                std::queue<TrajectoryPoint, std::deque<TrajectoryPoint, std::allocator<TrajectoryPoint> > >::queue<std::deque<TrajectoryPoint, std::allocator<TrajectoryPoint> >, void>()
                0x08002ac2                std::queue<TrajectoryPoint, std::deque<TrajectoryPoint, std::allocator<TrajectoryPoint> > >::queue<std::deque<TrajectoryPoint, std::allocator<TrajectoryPoint> >, void>()
 .text._ZNSt11_Deque_baseI15TrajectoryPointSaIS0_EE11_Deque_implD2Ev
                0x08002aea       0x1c ./Core/Src/robot_arm_core.o
                0x08002aea                std::_Deque_base<TrajectoryPoint, std::allocator<TrajectoryPoint> >::_Deque_impl::~_Deque_impl()
                0x08002aea                std::_Deque_base<TrajectoryPoint, std::allocator<TrajectoryPoint> >::_Deque_impl::~_Deque_impl()
 .text._ZNSt11_Deque_baseI15TrajectoryPointSaIS0_EEC2Ev
                0x08002b06       0x22 ./Core/Src/robot_arm_core.o
                0x08002b06                std::_Deque_base<TrajectoryPoint, std::allocator<TrajectoryPoint> >::_Deque_base()
                0x08002b06                std::_Deque_base<TrajectoryPoint, std::allocator<TrajectoryPoint> >::_Deque_base()
 .text._ZNSt11_Deque_baseI15TrajectoryPointSaIS0_EED2Ev
                0x08002b28       0x44 ./Core/Src/robot_arm_core.o
                0x08002b28                std::_Deque_base<TrajectoryPoint, std::allocator<TrajectoryPoint> >::~_Deque_base()
                0x08002b28                std::_Deque_base<TrajectoryPoint, std::allocator<TrajectoryPoint> >::~_Deque_base()
 .text._ZNSt5dequeI15TrajectoryPointSaIS0_EED2Ev
                0x08002b6c       0x4a ./Core/Src/robot_arm_core.o
                0x08002b6c                std::deque<TrajectoryPoint, std::allocator<TrajectoryPoint> >::~deque()
                0x08002b6c                std::deque<TrajectoryPoint, std::allocator<TrajectoryPoint> >::~deque()
 .text._ZNSt11_Deque_baseI15TrajectoryPointSaIS0_EE11_Deque_implC2Ev
                0x08002bb6       0x22 ./Core/Src/robot_arm_core.o
                0x08002bb6                std::_Deque_base<TrajectoryPoint, std::allocator<TrajectoryPoint> >::_Deque_impl::_Deque_impl()
                0x08002bb6                std::_Deque_base<TrajectoryPoint, std::allocator<TrajectoryPoint> >::_Deque_impl::_Deque_impl()
 .text._ZNSt11_Deque_baseI15TrajectoryPointSaIS0_EE17_M_initialize_mapEj
                0x08002bd8       0xc6 ./Core/Src/robot_arm_core.o
                0x08002bd8                std::_Deque_base<TrajectoryPoint, std::allocator<TrajectoryPoint> >::_M_initialize_map(unsigned int)
 .text._ZNSt11_Deque_baseI15TrajectoryPointSaIS0_EE16_M_destroy_nodesEPPS0_S4_
                0x08002c9e       0x36 ./Core/Src/robot_arm_core.o
                0x08002c9e                std::_Deque_base<TrajectoryPoint, std::allocator<TrajectoryPoint> >::_M_destroy_nodes(TrajectoryPoint**, TrajectoryPoint**)
 .text._ZNSt11_Deque_baseI15TrajectoryPointSaIS0_EE17_M_deallocate_mapEPPS0_j
                0x08002cd4       0x42 ./Core/Src/robot_arm_core.o
                0x08002cd4                std::_Deque_base<TrajectoryPoint, std::allocator<TrajectoryPoint> >::_M_deallocate_map(TrajectoryPoint**, unsigned int)
 .text._ZNSt5dequeI15TrajectoryPointSaIS0_EE5beginEv
                0x08002d16       0x1e ./Core/Src/robot_arm_core.o
                0x08002d16                std::deque<TrajectoryPoint, std::allocator<TrajectoryPoint> >::begin()
 .text._ZNSt5dequeI15TrajectoryPointSaIS0_EE3endEv
                0x08002d34       0x1e ./Core/Src/robot_arm_core.o
                0x08002d34                std::deque<TrajectoryPoint, std::allocator<TrajectoryPoint> >::end()
 .text._ZNSt11_Deque_baseI15TrajectoryPointSaIS0_EE19_M_get_Tp_allocatorEv
                0x08002d52       0x16 ./Core/Src/robot_arm_core.o
                0x08002d52                std::_Deque_base<TrajectoryPoint, std::allocator<TrajectoryPoint> >::_M_get_Tp_allocator()
 .text._ZNSt15_Deque_iteratorI15TrajectoryPointRS0_PS0_EC2ERKS3_
                0x08002d68       0x38 ./Core/Src/robot_arm_core.o
                0x08002d68                std::_Deque_iterator<TrajectoryPoint, TrajectoryPoint&, TrajectoryPoint*>::_Deque_iterator(std::_Deque_iterator<TrajectoryPoint, TrajectoryPoint&, TrajectoryPoint*> const&)
                0x08002d68                std::_Deque_iterator<TrajectoryPoint, TrajectoryPoint&, TrajectoryPoint*>::_Deque_iterator(std::_Deque_iterator<TrajectoryPoint, TrajectoryPoint&, TrajectoryPoint*> const&)
 .text._ZNSt5dequeI15TrajectoryPointSaIS0_EE15_M_destroy_dataESt15_Deque_iteratorIS0_RS0_PS0_ES6_RKS1_
                0x08002da0       0x1a ./Core/Src/robot_arm_core.o
                0x08002da0                std::deque<TrajectoryPoint, std::allocator<TrajectoryPoint> >::_M_destroy_data(std::_Deque_iterator<TrajectoryPoint, TrajectoryPoint&, TrajectoryPoint*>, std::_Deque_iterator<TrajectoryPoint, TrajectoryPoint&, TrajectoryPoint*>, std::allocator<TrajectoryPoint> const&)
 .text._ZNSt11_Deque_baseI15TrajectoryPointSaIS0_EE16_Deque_impl_dataC2Ev
                0x08002dba       0x32 ./Core/Src/robot_arm_core.o
                0x08002dba                std::_Deque_base<TrajectoryPoint, std::allocator<TrajectoryPoint> >::_Deque_impl_data::_Deque_impl_data()
                0x08002dba                std::_Deque_base<TrajectoryPoint, std::allocator<TrajectoryPoint> >::_Deque_impl_data::_Deque_impl_data()
 .text._ZNSt15__new_allocatorI15TrajectoryPointED2Ev
                0x08002dec       0x16 ./Core/Src/robot_arm_core.o
                0x08002dec                std::__new_allocator<TrajectoryPoint>::~__new_allocator()
                0x08002dec                std::__new_allocator<TrajectoryPoint>::~__new_allocator()
 .text._ZSt3maxIjERKT_S2_S2_
                0x08002e02       0x28 ./Core/Src/robot_arm_core.o
                0x08002e02                unsigned int const& std::max<unsigned int>(unsigned int const&, unsigned int const&)
 .text._ZNSt11_Deque_baseI15TrajectoryPointSaIS0_EE15_M_allocate_mapEj
                0x08002e2a       0x42 ./Core/Src/robot_arm_core.o
                0x08002e2a                std::_Deque_base<TrajectoryPoint, std::allocator<TrajectoryPoint> >::_M_allocate_map(unsigned int)
 .text._ZNSt11_Deque_baseI15TrajectoryPointSaIS0_EE15_M_create_nodesEPPS0_S4_
                0x08002e6c       0x36 ./Core/Src/robot_arm_core.o
                0x08002e6c                std::_Deque_base<TrajectoryPoint, std::allocator<TrajectoryPoint> >::_M_create_nodes(TrajectoryPoint**, TrajectoryPoint**)
 .text._ZNSt15_Deque_iteratorI15TrajectoryPointRS0_PS0_E11_M_set_nodeEPS2_
                0x08002ea2       0x32 ./Core/Src/robot_arm_core.o
                0x08002ea2                std::_Deque_iterator<TrajectoryPoint, TrajectoryPoint&, TrajectoryPoint*>::_M_set_node(TrajectoryPoint**)
 .text._ZNSt11_Deque_baseI15TrajectoryPointSaIS0_EE18_M_deallocate_nodeEPS0_
                0x08002ed4       0x30 ./Core/Src/robot_arm_core.o
                0x08002ed4                std::_Deque_base<TrajectoryPoint, std::allocator<TrajectoryPoint> >::_M_deallocate_node(TrajectoryPoint*)
 .text._ZNKSt11_Deque_baseI15TrajectoryPointSaIS0_EE20_M_get_map_allocatorEv
                0x08002f04       0x26 ./Core/Src/robot_arm_core.o
                0x08002f04                std::_Deque_base<TrajectoryPoint, std::allocator<TrajectoryPoint> >::_M_get_map_allocator() const
 .text._ZNSt15_Deque_iteratorI15TrajectoryPointRS0_PS0_EC2Ev
                0x08002f2a       0x2e ./Core/Src/robot_arm_core.o
                0x08002f2a                std::_Deque_iterator<TrajectoryPoint, TrajectoryPoint&, TrajectoryPoint*>::_Deque_iterator()
                0x08002f2a                std::_Deque_iterator<TrajectoryPoint, TrajectoryPoint&, TrajectoryPoint*>::_Deque_iterator()
 .text._ZNSt11_Deque_baseI15TrajectoryPointSaIS0_EE16_M_allocate_nodeEv
                0x08002f58       0x2c ./Core/Src/robot_arm_core.o
                0x08002f58                std::_Deque_base<TrajectoryPoint, std::allocator<TrajectoryPoint> >::_M_allocate_node()
 .text._ZNSt15_Deque_iteratorI15TrajectoryPointRS0_PS0_E14_S_buffer_sizeEv
                0x08002f84       0x10 ./Core/Src/robot_arm_core.o
                0x08002f84                std::_Deque_iterator<TrajectoryPoint, TrajectoryPoint&, TrajectoryPoint*>::_S_buffer_size()
 .text._ZNKSt11_Deque_baseI15TrajectoryPointSaIS0_EE19_M_get_Tp_allocatorEv
                0x08002f94       0x16 ./Core/Src/robot_arm_core.o
                0x08002f94                std::_Deque_base<TrajectoryPoint, std::allocator<TrajectoryPoint> >::_M_get_Tp_allocator() const
 .text._ZNSt15__new_allocatorIP15TrajectoryPointED2Ev
                0x08002faa       0x16 ./Core/Src/robot_arm_core.o
                0x08002faa                std::__new_allocator<TrajectoryPoint*>::~__new_allocator()
                0x08002faa                std::__new_allocator<TrajectoryPoint*>::~__new_allocator()
 .text._ZNSt15__new_allocatorIP15TrajectoryPointE10deallocateEPS1_j
                0x08002fc0       0x20 ./Core/Src/robot_arm_core.o
                0x08002fc0                std::__new_allocator<TrajectoryPoint*>::deallocate(TrajectoryPoint**, unsigned int)
 .text._ZNSt15__new_allocatorIP15TrajectoryPointE8allocateEjPKv
                0x08002fe0       0x52 ./Core/Src/robot_arm_core.o
                0x08002fe0                std::__new_allocator<TrajectoryPoint*>::allocate(unsigned int, void const*)
 .text._ZNSt15__new_allocatorI15TrajectoryPointE10deallocateEPS0_j
                0x08003032       0x20 ./Core/Src/robot_arm_core.o
                0x08003032                std::__new_allocator<TrajectoryPoint>::deallocate(TrajectoryPoint*, unsigned int)
 .text._ZNSt15__new_allocatorI15TrajectoryPointE8allocateEjPKv
                0x08003052       0x52 ./Core/Src/robot_arm_core.o
                0x08003052                std::__new_allocator<TrajectoryPoint>::allocate(unsigned int, void const*)
 .text._Z41__static_initialization_and_destruction_0v
                0x080030a4       0xa4 ./Core/Src/robot_arm_core.o
 .text._ZNSt5queueI15TrajectoryPointSt5dequeIS0_SaIS0_EEED2Ev
                0x08003148       0x1a ./Core/Src/robot_arm_core.o
                0x08003148                std::queue<TrajectoryPoint, std::deque<TrajectoryPoint, std::allocator<TrajectoryPoint> > >::~queue()
                0x08003148                std::queue<TrajectoryPoint, std::deque<TrajectoryPoint, std::allocator<TrajectoryPoint> > >::~queue()
 *fill*         0x08003162        0x2 
 .text._Z41__static_initialization_and_destruction_1v
                0x08003164       0x14 ./Core/Src/robot_arm_core.o
 .text._GLOBAL__sub_I_kinematics
                0x08003178        0xa ./Core/Src/robot_arm_core.o
 .text._GLOBAL__sub_D_kinematics
                0x08003182        0xa ./Core/Src/robot_arm_core.o
 .text.HAL_MspInit
                0x0800318c       0x58 ./Core/Src/stm32f4xx_hal_msp.o
                0x0800318c                HAL_MspInit
 .text.HAL_TIM_Encoder_MspInit
                0x080031e4       0xfc ./Core/Src/stm32f4xx_hal_msp.o
                0x080031e4                HAL_TIM_Encoder_MspInit
 .text.HAL_TIM_PWM_MspInit
                0x080032e0       0x6c ./Core/Src/stm32f4xx_hal_msp.o
                0x080032e0                HAL_TIM_PWM_MspInit
 .text.HAL_TIM_MspPostInit
                0x0800334c       0xbc ./Core/Src/stm32f4xx_hal_msp.o
                0x0800334c                HAL_TIM_MspPostInit
 .text.HAL_UART_MspInit
                0x08003408       0x90 ./Core/Src/stm32f4xx_hal_msp.o
                0x08003408                HAL_UART_MspInit
 .text.HAL_InitTick
                0x08003498       0xf8 ./Core/Src/stm32f4xx_hal_timebase_tim.o
                0x08003498                HAL_InitTick
 .text.NMI_Handler
                0x08003590        0x8 ./Core/Src/stm32f4xx_it.o
                0x08003590                NMI_Handler
 .text.HardFault_Handler
                0x08003598        0x8 ./Core/Src/stm32f4xx_it.o
                0x08003598                HardFault_Handler
 .text.MemManage_Handler
                0x080035a0        0x8 ./Core/Src/stm32f4xx_it.o
                0x080035a0                MemManage_Handler
 .text.BusFault_Handler
                0x080035a8        0x8 ./Core/Src/stm32f4xx_it.o
                0x080035a8                BusFault_Handler
 .text.UsageFault_Handler
                0x080035b0        0x8 ./Core/Src/stm32f4xx_it.o
                0x080035b0                UsageFault_Handler
 .text.DebugMon_Handler
                0x080035b8        0xe ./Core/Src/stm32f4xx_it.o
                0x080035b8                DebugMon_Handler
 *fill*         0x080035c6        0x2 
 .text.TIM6_DAC_IRQHandler
                0x080035c8       0x14 ./Core/Src/stm32f4xx_it.o
                0x080035c8                TIM6_DAC_IRQHandler
 .text._getpid  0x080035dc       0x10 ./Core/Src/syscalls.o
                0x080035dc                _getpid
 .text._kill    0x080035ec       0x20 ./Core/Src/syscalls.o
                0x080035ec                _kill
 .text._exit    0x0800360c       0x16 ./Core/Src/syscalls.o
                0x0800360c                _exit
 .text._read    0x08003622       0x3a ./Core/Src/syscalls.o
                0x08003622                _read
 .text._close   0x0800365c       0x18 ./Core/Src/syscalls.o
                0x0800365c                _close
 .text._fstat   0x08003674       0x20 ./Core/Src/syscalls.o
                0x08003674                _fstat
 .text._isatty  0x08003694       0x16 ./Core/Src/syscalls.o
                0x08003694                _isatty
 .text._lseek   0x080036aa       0x1a ./Core/Src/syscalls.o
                0x080036aa                _lseek
 .text._sbrk    0x080036c4       0x6c ./Core/Src/sysmem.o
                0x080036c4                _sbrk
 .text.SystemInit
                0x08003730       0x24 ./Core/Src/system_stm32f4xx.o
                0x08003730                SystemInit
 .text.Reset_Handler
                0x08003754       0x50 ./Core/Startup/startup_stm32f446retx.o
                0x08003754                Reset_Handler
 .text.Default_Handler
                0x080037a4        0x2 ./Core/Startup/startup_stm32f446retx.o
                0x080037a4                RTC_Alarm_IRQHandler
                0x080037a4                EXTI2_IRQHandler
                0x080037a4                TIM8_CC_IRQHandler
                0x080037a4                FMPI2C1_EV_IRQHandler
                0x080037a4                SPI4_IRQHandler
                0x080037a4                TIM1_CC_IRQHandler
                0x080037a4                DMA2_Stream5_IRQHandler
                0x080037a4                DMA1_Stream5_IRQHandler
                0x080037a4                PVD_IRQHandler
                0x080037a4                SDIO_IRQHandler
                0x080037a4                TAMP_STAMP_IRQHandler
                0x080037a4                CAN2_RX1_IRQHandler
                0x080037a4                EXTI3_IRQHandler
                0x080037a4                TIM8_TRG_COM_TIM14_IRQHandler
                0x080037a4                TIM1_UP_TIM10_IRQHandler
                0x080037a4                TIM8_UP_TIM13_IRQHandler
                0x080037a4                I2C3_ER_IRQHandler
                0x080037a4                EXTI0_IRQHandler
                0x080037a4                I2C2_EV_IRQHandler
                0x080037a4                DMA1_Stream2_IRQHandler
                0x080037a4                CAN1_RX0_IRQHandler
                0x080037a4                FPU_IRQHandler
                0x080037a4                OTG_HS_WKUP_IRQHandler
                0x080037a4                CAN2_SCE_IRQHandler
                0x080037a4                DMA2_Stream2_IRQHandler
                0x080037a4                SPI1_IRQHandler
                0x080037a4                TIM1_BRK_TIM9_IRQHandler
                0x080037a4                DCMI_IRQHandler
                0x080037a4                CAN2_RX0_IRQHandler
                0x080037a4                DMA2_Stream3_IRQHandler
                0x080037a4                SAI2_IRQHandler
                0x080037a4                USART6_IRQHandler
                0x080037a4                USART3_IRQHandler
                0x080037a4                CAN1_RX1_IRQHandler
                0x080037a4                UART5_IRQHandler
                0x080037a4                DMA2_Stream0_IRQHandler
                0x080037a4                TIM4_IRQHandler
                0x080037a4                QUADSPI_IRQHandler
                0x080037a4                I2C1_EV_IRQHandler
                0x080037a4                DMA1_Stream6_IRQHandler
                0x080037a4                DMA1_Stream1_IRQHandler
                0x080037a4                UART4_IRQHandler
                0x080037a4                TIM3_IRQHandler
                0x080037a4                RCC_IRQHandler
                0x080037a4                TIM8_BRK_TIM12_IRQHandler
                0x080037a4                Default_Handler
                0x080037a4                CEC_IRQHandler
                0x080037a4                EXTI15_10_IRQHandler
                0x080037a4                ADC_IRQHandler
                0x080037a4                DMA1_Stream7_IRQHandler
                0x080037a4                TIM7_IRQHandler
                0x080037a4                CAN2_TX_IRQHandler
                0x080037a4                TIM5_IRQHandler
                0x080037a4                DMA2_Stream7_IRQHandler
                0x080037a4                I2C3_EV_IRQHandler
                0x080037a4                EXTI9_5_IRQHandler
                0x080037a4                RTC_WKUP_IRQHandler
                0x080037a4                SPDIF_RX_IRQHandler
                0x080037a4                SPI2_IRQHandler
                0x080037a4                OTG_HS_EP1_IN_IRQHandler
                0x080037a4                DMA1_Stream0_IRQHandler
                0x080037a4                CAN1_TX_IRQHandler
                0x080037a4                FMPI2C1_ER_IRQHandler
                0x080037a4                EXTI4_IRQHandler
                0x080037a4                OTG_HS_EP1_OUT_IRQHandler
                0x080037a4                WWDG_IRQHandler
                0x080037a4                TIM2_IRQHandler
                0x080037a4                OTG_FS_WKUP_IRQHandler
                0x080037a4                TIM1_TRG_COM_TIM11_IRQHandler
                0x080037a4                OTG_HS_IRQHandler
                0x080037a4                EXTI1_IRQHandler
                0x080037a4                USART2_IRQHandler
                0x080037a4                I2C2_ER_IRQHandler
                0x080037a4                DMA2_Stream1_IRQHandler
                0x080037a4                CAN1_SCE_IRQHandler
                0x080037a4                FLASH_IRQHandler
                0x080037a4                DMA2_Stream4_IRQHandler
                0x080037a4                USART1_IRQHandler
                0x080037a4                OTG_FS_IRQHandler
                0x080037a4                SPI3_IRQHandler
                0x080037a4                DMA1_Stream4_IRQHandler
                0x080037a4                I2C1_ER_IRQHandler
                0x080037a4                FMC_IRQHandler
                0x080037a4                DMA2_Stream6_IRQHandler
                0x080037a4                SAI1_IRQHandler
                0x080037a4                DMA1_Stream3_IRQHandler
 *fill*         0x080037a6        0x2 
 .text.HAL_Init
                0x080037a8       0x44 ./Drivers/STM32F4xx_HAL_Driver/Src/stm32f4xx_hal.o
                0x080037a8                HAL_Init
 .text.HAL_IncTick
                0x080037ec       0x28 ./Drivers/STM32F4xx_HAL_Driver/Src/stm32f4xx_hal.o
                0x080037ec                HAL_IncTick
 .text.HAL_GetTick
                0x08003814       0x18 ./Drivers/STM32F4xx_HAL_Driver/Src/stm32f4xx_hal.o
                0x08003814                HAL_GetTick
 .text.__NVIC_SetPriorityGrouping
                0x0800382c       0x48 ./Drivers/STM32F4xx_HAL_Driver/Src/stm32f4xx_hal_cortex.o
 .text.__NVIC_GetPriorityGrouping
                0x08003874       0x1c ./Drivers/STM32F4xx_HAL_Driver/Src/stm32f4xx_hal_cortex.o
 .text.__NVIC_EnableIRQ
                0x08003890       0x3c ./Drivers/STM32F4xx_HAL_Driver/Src/stm32f4xx_hal_cortex.o
 .text.__NVIC_SetPriority
                0x080038cc       0x54 ./Drivers/STM32F4xx_HAL_Driver/Src/stm32f4xx_hal_cortex.o
 .text.NVIC_EncodePriority
                0x08003920       0x66 ./Drivers/STM32F4xx_HAL_Driver/Src/stm32f4xx_hal_cortex.o
 .text.HAL_NVIC_SetPriorityGrouping
                0x08003986       0x16 ./Drivers/STM32F4xx_HAL_Driver/Src/stm32f4xx_hal_cortex.o
                0x08003986                HAL_NVIC_SetPriorityGrouping
 .text.HAL_NVIC_SetPriority
                0x0800399c       0x38 ./Drivers/STM32F4xx_HAL_Driver/Src/stm32f4xx_hal_cortex.o
                0x0800399c                HAL_NVIC_SetPriority
 .text.HAL_NVIC_EnableIRQ
                0x080039d4       0x1c ./Drivers/STM32F4xx_HAL_Driver/Src/stm32f4xx_hal_cortex.o
                0x080039d4                HAL_NVIC_EnableIRQ
 .text.HAL_DMA_Abort_IT
                0x080039f0       0x44 ./Drivers/STM32F4xx_HAL_Driver/Src/stm32f4xx_hal_dma.o
                0x080039f0                HAL_DMA_Abort_IT
 .text.HAL_GPIO_Init
                0x08003a34      0x328 ./Drivers/STM32F4xx_HAL_Driver/Src/stm32f4xx_hal_gpio.o
                0x08003a34                HAL_GPIO_Init
 .text.HAL_GPIO_WritePin
                0x08003d5c       0x32 ./Drivers/STM32F4xx_HAL_Driver/Src/stm32f4xx_hal_gpio.o
                0x08003d5c                HAL_GPIO_WritePin
 *fill*         0x08003d8e        0x2 
 .text.HAL_RCC_ClockConfig
                0x08003d90      0x1cc ./Drivers/STM32F4xx_HAL_Driver/Src/stm32f4xx_hal_rcc.o
                0x08003d90                HAL_RCC_ClockConfig
 .text.HAL_RCC_GetHCLKFreq
                0x08003f5c       0x18 ./Drivers/STM32F4xx_HAL_Driver/Src/stm32f4xx_hal_rcc.o
                0x08003f5c                HAL_RCC_GetHCLKFreq
 .text.HAL_RCC_GetPCLK1Freq
                0x08003f74       0x28 ./Drivers/STM32F4xx_HAL_Driver/Src/stm32f4xx_hal_rcc.o
                0x08003f74                HAL_RCC_GetPCLK1Freq
 .text.HAL_RCC_GetPCLK2Freq
                0x08003f9c       0x28 ./Drivers/STM32F4xx_HAL_Driver/Src/stm32f4xx_hal_rcc.o
                0x08003f9c                HAL_RCC_GetPCLK2Freq
 .text.HAL_RCC_GetClockConfig
                0x08003fc4       0x64 ./Drivers/STM32F4xx_HAL_Driver/Src/stm32f4xx_hal_rcc.o
                0x08003fc4                HAL_RCC_GetClockConfig
 .text.HAL_RCC_GetSysClockFreq
                0x08004028      0x460 ./Drivers/STM32F4xx_HAL_Driver/Src/stm32f4xx_hal_rcc_ex.o
                0x08004028                HAL_RCC_GetSysClockFreq
 .text.HAL_RCC_OscConfig
                0x08004488      0x53c ./Drivers/STM32F4xx_HAL_Driver/Src/stm32f4xx_hal_rcc_ex.o
                0x08004488                HAL_RCC_OscConfig
 .text.HAL_TIM_Base_Init
                0x080049c4       0x9e ./Drivers/STM32F4xx_HAL_Driver/Src/stm32f4xx_hal_tim.o
                0x080049c4                HAL_TIM_Base_Init
 .text.HAL_TIM_Base_MspInit
                0x08004a62       0x14 ./Drivers/STM32F4xx_HAL_Driver/Src/stm32f4xx_hal_tim.o
                0x08004a62                HAL_TIM_Base_MspInit
 *fill*         0x08004a76        0x2 
 .text.HAL_TIM_Base_Start_IT
                0x08004a78       0xe0 ./Drivers/STM32F4xx_HAL_Driver/Src/stm32f4xx_hal_tim.o
                0x08004a78                HAL_TIM_Base_Start_IT
 .text.HAL_TIM_PWM_Init
                0x08004b58       0x9e ./Drivers/STM32F4xx_HAL_Driver/Src/stm32f4xx_hal_tim.o
                0x08004b58                HAL_TIM_PWM_Init
 *fill*         0x08004bf6        0x2 
 .text.HAL_TIM_PWM_Start
                0x08004bf8      0x190 ./Drivers/STM32F4xx_HAL_Driver/Src/stm32f4xx_hal_tim.o
                0x08004bf8                HAL_TIM_PWM_Start
 .text.HAL_TIM_PWM_Stop
                0x08004d88       0xe0 ./Drivers/STM32F4xx_HAL_Driver/Src/stm32f4xx_hal_tim.o
                0x08004d88                HAL_TIM_PWM_Stop
 .text.HAL_TIM_Encoder_Init
                0x08004e68      0x14c ./Drivers/STM32F4xx_HAL_Driver/Src/stm32f4xx_hal_tim.o
                0x08004e68                HAL_TIM_Encoder_Init
 .text.HAL_TIM_Encoder_Start
                0x08004fb4      0x11c ./Drivers/STM32F4xx_HAL_Driver/Src/stm32f4xx_hal_tim.o
                0x08004fb4                HAL_TIM_Encoder_Start
 .text.HAL_TIM_IRQHandler
                0x080050d0      0x1e0 ./Drivers/STM32F4xx_HAL_Driver/Src/stm32f4xx_hal_tim.o
                0x080050d0                HAL_TIM_IRQHandler
 .text.HAL_TIM_PWM_ConfigChannel
                0x080052b0      0x184 ./Drivers/STM32F4xx_HAL_Driver/Src/stm32f4xx_hal_tim.o
                0x080052b0                HAL_TIM_PWM_ConfigChannel
 .text.HAL_TIM_OC_DelayElapsedCallback
                0x08005434       0x14 ./Drivers/STM32F4xx_HAL_Driver/Src/stm32f4xx_hal_tim.o
                0x08005434                HAL_TIM_OC_DelayElapsedCallback
 .text.HAL_TIM_IC_CaptureCallback
                0x08005448       0x14 ./Drivers/STM32F4xx_HAL_Driver/Src/stm32f4xx_hal_tim.o
                0x08005448                HAL_TIM_IC_CaptureCallback
 .text.HAL_TIM_PWM_PulseFinishedCallback
                0x0800545c       0x14 ./Drivers/STM32F4xx_HAL_Driver/Src/stm32f4xx_hal_tim.o
                0x0800545c                HAL_TIM_PWM_PulseFinishedCallback
 .text.HAL_TIM_TriggerCallback
                0x08005470       0x14 ./Drivers/STM32F4xx_HAL_Driver/Src/stm32f4xx_hal_tim.o
                0x08005470                HAL_TIM_TriggerCallback
 .text.TIM_Base_SetConfig
                0x08005484      0x14c ./Drivers/STM32F4xx_HAL_Driver/Src/stm32f4xx_hal_tim.o
                0x08005484                TIM_Base_SetConfig
 .text.TIM_OC1_SetConfig
                0x080055d0       0xe0 ./Drivers/STM32F4xx_HAL_Driver/Src/stm32f4xx_hal_tim.o
 .text.TIM_OC2_SetConfig
                0x080056b0       0xec ./Drivers/STM32F4xx_HAL_Driver/Src/stm32f4xx_hal_tim.o
                0x080056b0                TIM_OC2_SetConfig
 .text.TIM_OC3_SetConfig
                0x0800579c       0xe8 ./Drivers/STM32F4xx_HAL_Driver/Src/stm32f4xx_hal_tim.o
 .text.TIM_OC4_SetConfig
                0x08005884       0xac ./Drivers/STM32F4xx_HAL_Driver/Src/stm32f4xx_hal_tim.o
 .text.TIM_CCxChannelCmd
                0x08005930       0x4a ./Drivers/STM32F4xx_HAL_Driver/Src/stm32f4xx_hal_tim.o
                0x08005930                TIM_CCxChannelCmd
 *fill*         0x0800597a        0x2 
 .text.HAL_TIMEx_MasterConfigSynchronization
                0x0800597c       0xf8 ./Drivers/STM32F4xx_HAL_Driver/Src/stm32f4xx_hal_tim_ex.o
                0x0800597c                HAL_TIMEx_MasterConfigSynchronization
 .text.HAL_TIMEx_CommutCallback
                0x08005a74       0x14 ./Drivers/STM32F4xx_HAL_Driver/Src/stm32f4xx_hal_tim_ex.o
                0x08005a74                HAL_TIMEx_CommutCallback
 .text.HAL_TIMEx_BreakCallback
                0x08005a88       0x14 ./Drivers/STM32F4xx_HAL_Driver/Src/stm32f4xx_hal_tim_ex.o
                0x08005a88                HAL_TIMEx_BreakCallback
 .text.HAL_UART_Init
                0x08005a9c       0xa0 ./Drivers/STM32F4xx_HAL_Driver/Src/stm32f4xx_hal_uart.o
                0x08005a9c                HAL_UART_Init
 .text.HAL_UART_Transmit
                0x08005b3c      0x116 ./Drivers/STM32F4xx_HAL_Driver/Src/stm32f4xx_hal_uart.o
                0x08005b3c                HAL_UART_Transmit
 .text.HAL_UART_Transmit_IT
                0x08005c52       0x6c ./Drivers/STM32F4xx_HAL_Driver/Src/stm32f4xx_hal_uart.o
                0x08005c52                HAL_UART_Transmit_IT
 .text.HAL_UART_Receive_IT
                0x08005cbe       0x4a ./Drivers/STM32F4xx_HAL_Driver/Src/stm32f4xx_hal_uart.o
                0x08005cbe                HAL_UART_Receive_IT
 .text.HAL_UART_Abort_IT
                0x08005d08      0x228 ./Drivers/STM32F4xx_HAL_Driver/Src/stm32f4xx_hal_uart.o
                0x08005d08                HAL_UART_Abort_IT
 .text.HAL_UART_AbortCpltCallback
                0x08005f30       0x14 ./Drivers/STM32F4xx_HAL_Driver/Src/stm32f4xx_hal_uart.o
                0x08005f30                HAL_UART_AbortCpltCallback
 .text.UART_WaitOnFlagUntilTimeout
                0x08005f44       0xb2 ./Drivers/STM32F4xx_HAL_Driver/Src/stm32f4xx_hal_uart.o
 .text.UART_Start_Receive_IT
                0x08005ff6       0x74 ./Drivers/STM32F4xx_HAL_Driver/Src/stm32f4xx_hal_uart.o
                0x08005ff6                UART_Start_Receive_IT
 .text.UART_EndRxTransfer
                0x0800606a       0xc6 ./Drivers/STM32F4xx_HAL_Driver/Src/stm32f4xx_hal_uart.o
 .text.UART_DMATxAbortCallback
                0x08006130       0x60 ./Drivers/STM32F4xx_HAL_Driver/Src/stm32f4xx_hal_uart.o
 .text.UART_DMARxAbortCallback
                0x08006190       0x60 ./Drivers/STM32F4xx_HAL_Driver/Src/stm32f4xx_hal_uart.o
 .text.UART_SetConfig
                0x080061f0      0x4e8 ./Drivers/STM32F4xx_HAL_Driver/Src/stm32f4xx_hal_uart.o
 .text.__NVIC_SetPriority
                0x080066d8       0x54 ./Middlewares/Third_Party/FreeRTOS/Source/CMSIS_RTOS_V2/cmsis_os2.o
 .text.SysTick_Handler
                0x0800672c       0x20 ./Middlewares/Third_Party/FreeRTOS/Source/CMSIS_RTOS_V2/cmsis_os2.o
                0x0800672c                SysTick_Handler
 .text.SVC_Setup
                0x0800674c       0x12 ./Middlewares/Third_Party/FreeRTOS/Source/CMSIS_RTOS_V2/cmsis_os2.o
 *fill*         0x0800675e        0x2 
 .text.osKernelInitialize
                0x08006760       0x48 ./Middlewares/Third_Party/FreeRTOS/Source/CMSIS_RTOS_V2/cmsis_os2.o
                0x08006760                osKernelInitialize
 .text.osKernelStart
                0x080067a8       0x4c ./Middlewares/Third_Party/FreeRTOS/Source/CMSIS_RTOS_V2/cmsis_os2.o
                0x080067a8                osKernelStart
 .text.osThreadNew
                0x080067f4      0x124 ./Middlewares/Third_Party/FreeRTOS/Source/CMSIS_RTOS_V2/cmsis_os2.o
                0x080067f4                osThreadNew
 .text.osDelay  0x08006918       0x36 ./Middlewares/Third_Party/FreeRTOS/Source/CMSIS_RTOS_V2/cmsis_os2.o
                0x08006918                osDelay
 *fill*         0x0800694e        0x2 
 .text.vApplicationGetIdleTaskMemory
                0x08006950       0x34 ./Middlewares/Third_Party/FreeRTOS/Source/CMSIS_RTOS_V2/cmsis_os2.o
                0x08006950                vApplicationGetIdleTaskMemory
 .text.vApplicationGetTimerTaskMemory
                0x08006984       0x34 ./Middlewares/Third_Party/FreeRTOS/Source/CMSIS_RTOS_V2/cmsis_os2.o
                0x08006984                vApplicationGetTimerTaskMemory
 .text.vListInitialise
                0x080069b8       0x40 ./Middlewares/Third_Party/FreeRTOS/Source/list.o
                0x080069b8                vListInitialise
 .text.vListInitialiseItem
                0x080069f8       0x1a ./Middlewares/Third_Party/FreeRTOS/Source/list.o
                0x080069f8                vListInitialiseItem
 .text.vListInsertEnd
                0x08006a12       0x48 ./Middlewares/Third_Party/FreeRTOS/Source/list.o
                0x08006a12                vListInsertEnd
 .text.vListInsert
                0x08006a5a       0x72 ./Middlewares/Third_Party/FreeRTOS/Source/list.o
                0x08006a5a                vListInsert
 .text.uxListRemove
                0x08006acc       0x54 ./Middlewares/Third_Party/FreeRTOS/Source/list.o
                0x08006acc                uxListRemove
 .text.xQueueGenericReset
                0x08006b20       0xd4 ./Middlewares/Third_Party/FreeRTOS/Source/queue.o
                0x08006b20                xQueueGenericReset
 .text.xQueueGenericCreateStatic
                0x08006bf4       0xfa ./Middlewares/Third_Party/FreeRTOS/Source/queue.o
                0x08006bf4                xQueueGenericCreateStatic
 .text.prvInitialiseNewQueue
                0x08006cee       0x46 ./Middlewares/Third_Party/FreeRTOS/Source/queue.o
 .text.xQueueGenericSend
                0x08006d34      0x204 ./Middlewares/Third_Party/FreeRTOS/Source/queue.o
                0x08006d34                xQueueGenericSend
 .text.xQueueGenericSendFromISR
                0x08006f38      0x13c ./Middlewares/Third_Party/FreeRTOS/Source/queue.o
                0x08006f38                xQueueGenericSendFromISR
 .text.xQueueReceive
                0x08007074      0x1c4 ./Middlewares/Third_Party/FreeRTOS/Source/queue.o
                0x08007074                xQueueReceive
 .text.prvCopyDataToQueue
                0x08007238       0xd4 ./Middlewares/Third_Party/FreeRTOS/Source/queue.o
 .text.prvCopyDataFromQueue
                0x0800730c       0x4c ./Middlewares/Third_Party/FreeRTOS/Source/queue.o
 .text.prvUnlockQueue
                0x08007358       0xa4 ./Middlewares/Third_Party/FreeRTOS/Source/queue.o
 .text.prvIsQueueEmpty
                0x080073fc       0x2c ./Middlewares/Third_Party/FreeRTOS/Source/queue.o
 .text.prvIsQueueFull
                0x08007428       0x30 ./Middlewares/Third_Party/FreeRTOS/Source/queue.o
 .text.vQueueAddToRegistry
                0x08007458       0x54 ./Middlewares/Third_Party/FreeRTOS/Source/queue.o
                0x08007458                vQueueAddToRegistry
 .text.vQueueWaitForMessageRestricted
                0x080074ac       0x68 ./Middlewares/Third_Party/FreeRTOS/Source/queue.o
                0x080074ac                vQueueWaitForMessageRestricted
 .text.xTaskCreateStatic
                0x08007514       0xc0 ./Middlewares/Third_Party/FreeRTOS/Source/tasks.o
                0x08007514                xTaskCreateStatic
 .text.xTaskCreate
                0x080075d4       0x8a ./Middlewares/Third_Party/FreeRTOS/Source/tasks.o
                0x080075d4                xTaskCreate
 .text.prvInitialiseNewTask
                0x0800765e      0x120 ./Middlewares/Third_Party/FreeRTOS/Source/tasks.o
 *fill*         0x0800777e        0x2 
 .text.prvAddNewTaskToReadyList
                0x08007780       0xe0 ./Middlewares/Third_Party/FreeRTOS/Source/tasks.o
 .text.vTaskDelay
                0x08007860       0x6c ./Middlewares/Third_Party/FreeRTOS/Source/tasks.o
                0x08007860                vTaskDelay
 .text.vTaskStartScheduler
                0x080078cc       0xd0 ./Middlewares/Third_Party/FreeRTOS/Source/tasks.o
                0x080078cc                vTaskStartScheduler
 .text.vTaskSuspendAll
                0x0800799c       0x1c ./Middlewares/Third_Party/FreeRTOS/Source/tasks.o
                0x0800799c                vTaskSuspendAll
 .text.xTaskResumeAll
                0x080079b8      0x13c ./Middlewares/Third_Party/FreeRTOS/Source/tasks.o
                0x080079b8                xTaskResumeAll
 .text.xTaskGetTickCount
                0x08007af4       0x20 ./Middlewares/Third_Party/FreeRTOS/Source/tasks.o
                0x08007af4                xTaskGetTickCount
 .text.xTaskIncrementTick
                0x08007b14      0x174 ./Middlewares/Third_Party/FreeRTOS/Source/tasks.o
                0x08007b14                xTaskIncrementTick
 .text.vTaskSwitchContext
                0x08007c88       0xbc ./Middlewares/Third_Party/FreeRTOS/Source/tasks.o
                0x08007c88                vTaskSwitchContext
 .text.vTaskPlaceOnEventList
                0x08007d44       0x4c ./Middlewares/Third_Party/FreeRTOS/Source/tasks.o
                0x08007d44                vTaskPlaceOnEventList
 .text.vTaskPlaceOnEventListRestricted
                0x08007d90       0x58 ./Middlewares/Third_Party/FreeRTOS/Source/tasks.o
                0x08007d90                vTaskPlaceOnEventListRestricted
 .text.xTaskRemoveFromEventList
                0x08007de8       0xc8 ./Middlewares/Third_Party/FreeRTOS/Source/tasks.o
                0x08007de8                xTaskRemoveFromEventList
 .text.vTaskInternalSetTimeOutState
                0x08007eb0       0x2c ./Middlewares/Third_Party/FreeRTOS/Source/tasks.o
                0x08007eb0                vTaskInternalSetTimeOutState
 .text.xTaskCheckForTimeOut
                0x08007edc       0xc8 ./Middlewares/Third_Party/FreeRTOS/Source/tasks.o
                0x08007edc                xTaskCheckForTimeOut
 .text.vTaskMissedYield
                0x08007fa4       0x18 ./Middlewares/Third_Party/FreeRTOS/Source/tasks.o
                0x08007fa4                vTaskMissedYield
 .text.prvIdleTask
                0x08007fbc       0x30 ./Middlewares/Third_Party/FreeRTOS/Source/tasks.o
 .text.prvInitialiseTaskLists
                0x08007fec       0x80 ./Middlewares/Third_Party/FreeRTOS/Source/tasks.o
 .text.prvCheckTasksWaitingTermination
                0x0800806c       0x5c ./Middlewares/Third_Party/FreeRTOS/Source/tasks.o
 .text.prvDeleteTCB
                0x080080c8       0x60 ./Middlewares/Third_Party/FreeRTOS/Source/tasks.o
 .text.prvResetNextTaskUnblockTime
                0x08008128       0x40 ./Middlewares/Third_Party/FreeRTOS/Source/tasks.o
 .text.xTaskGetSchedulerState
                0x08008168       0x3c ./Middlewares/Third_Party/FreeRTOS/Source/tasks.o
                0x08008168                xTaskGetSchedulerState
 .text.xTaskPriorityDisinherit
                0x080081a4       0xe0 ./Middlewares/Third_Party/FreeRTOS/Source/tasks.o
                0x080081a4                xTaskPriorityDisinherit
 .text.prvAddCurrentTaskToDelayedList
                0x08008284       0xa8 ./Middlewares/Third_Party/FreeRTOS/Source/tasks.o
 .text.xTimerCreateTimerTask
                0x0800832c       0x94 ./Middlewares/Third_Party/FreeRTOS/Source/timers.o
                0x0800832c                xTimerCreateTimerTask
 .text.xTimerGenericCommand
                0x080083c0       0x9c ./Middlewares/Third_Party/FreeRTOS/Source/timers.o
                0x080083c0                xTimerGenericCommand
 .text.prvProcessExpiredTimer
                0x0800845c       0x9c ./Middlewares/Third_Party/FreeRTOS/Source/timers.o
 .text.prvTimerTask
                0x080084f8       0x26 ./Middlewares/Third_Party/FreeRTOS/Source/timers.o
 *fill*         0x0800851e        0x2 
 .text.prvProcessTimerOrBlockTask
                0x08008520       0x9c ./Middlewares/Third_Party/FreeRTOS/Source/timers.o
 .text.prvGetNextExpireTime
                0x080085bc       0x48 ./Middlewares/Third_Party/FreeRTOS/Source/timers.o
 .text.prvSampleTimeNow
                0x08008604       0x40 ./Middlewares/Third_Party/FreeRTOS/Source/timers.o
 .text.prvInsertTimerInActiveList
                0x08008644       0x84 ./Middlewares/Third_Party/FreeRTOS/Source/timers.o
 .text.prvProcessReceivedCommands
                0x080086c8      0x1cc ./Middlewares/Third_Party/FreeRTOS/Source/timers.o
 .text.prvSwitchTimerLists
                0x08008894       0xcc ./Middlewares/Third_Party/FreeRTOS/Source/timers.o
 .text.prvCheckForValidListAndQueue
                0x08008960       0x80 ./Middlewares/Third_Party/FreeRTOS/Source/timers.o
 .text.pxPortInitialiseStack
                0x080089e0       0x68 ./Middlewares/Third_Party/FreeRTOS/Source/portable/GCC/ARM_CM4F/port.o
                0x080089e0                pxPortInitialiseStack
 .text.prvTaskExitError
                0x08008a48       0x5c ./Middlewares/Third_Party/FreeRTOS/Source/portable/GCC/ARM_CM4F/port.o
 *fill*         0x08008aa4        0xc 
 .text.SVC_Handler
                0x08008ab0       0x28 ./Middlewares/Third_Party/FreeRTOS/Source/portable/GCC/ARM_CM4F/port.o
                0x08008ab0                SVC_Handler
 .text.prvPortStartFirstTask
                0x08008ad8       0x28 ./Middlewares/Third_Party/FreeRTOS/Source/portable/GCC/ARM_CM4F/port.o
 .text.xPortStartScheduler
                0x08008b00      0x148 ./Middlewares/Third_Party/FreeRTOS/Source/portable/GCC/ARM_CM4F/port.o
                0x08008b00                xPortStartScheduler
 .text.vPortEnterCritical
                0x08008c48       0x64 ./Middlewares/Third_Party/FreeRTOS/Source/portable/GCC/ARM_CM4F/port.o
                0x08008c48                vPortEnterCritical
 .text.vPortExitCritical
                0x08008cac       0x54 ./Middlewares/Third_Party/FreeRTOS/Source/portable/GCC/ARM_CM4F/port.o
                0x08008cac                vPortExitCritical
 .text.PendSV_Handler
                0x08008d00       0x68 ./Middlewares/Third_Party/FreeRTOS/Source/portable/GCC/ARM_CM4F/port.o
                0x08008d00                PendSV_Handler
 .text.xPortSysTickHandler
                0x08008d68       0x44 ./Middlewares/Third_Party/FreeRTOS/Source/portable/GCC/ARM_CM4F/port.o
                0x08008d68                xPortSysTickHandler
 .text.vPortSetupTimerInterrupt
                0x08008dac       0x48 ./Middlewares/Third_Party/FreeRTOS/Source/portable/GCC/ARM_CM4F/port.o
                0x08008dac                vPortSetupTimerInterrupt
 .text.vPortEnableVFP
                0x08008df4       0x14 ./Middlewares/Third_Party/FreeRTOS/Source/portable/GCC/ARM_CM4F/port.o
 .text.vPortValidateInterruptPriority
                0x08008e08       0x84 ./Middlewares/Third_Party/FreeRTOS/Source/portable/GCC/ARM_CM4F/port.o
                0x08008e08                vPortValidateInterruptPriority
 .text.pvPortMalloc
                0x08008e8c      0x19c ./Middlewares/Third_Party/FreeRTOS/Source/portable/MemMang/heap_4.o
                0x08008e8c                pvPortMalloc
 .text.vPortFree
                0x08009028       0xc8 ./Middlewares/Third_Party/FreeRTOS/Source/portable/MemMang/heap_4.o
                0x08009028                vPortFree
 .text.prvHeapInit
                0x080090f0       0xc4 ./Middlewares/Third_Party/FreeRTOS/Source/portable/MemMang/heap_4.o
 .text.prvInsertBlockIntoFreeList
                0x080091b4       0xb4 ./Middlewares/Third_Party/FreeRTOS/Source/portable/MemMang/heap_4.o
 .text._ZdlPvj  0x08009268        0x4 /opt/st/stm32cubeide_1.19.0/plugins/com.st.stm32cube.ide.mcu.externaltools.gnu-tools-for-stm32.13.3.rel1.linux64_1.0.0.202410170706/tools/bin/../lib/gcc/arm-none-eabi/13.3.1/../../../../arm-none-eabi/lib/thumb/v7e-m+fp/hard/libstdc++_nano.a(del_ops.o)
                0x08009268                operator delete(void*, unsigned int)
 .text._Znwj    0x0800926c       0x22 /opt/st/stm32cubeide_1.19.0/plugins/com.st.stm32cube.ide.mcu.externaltools.gnu-tools-for-stm32.13.3.rel1.linux64_1.0.0.202410170706/tools/bin/../lib/gcc/arm-none-eabi/13.3.1/../../../../arm-none-eabi/lib/thumb/v7e-m+fp/hard/libstdc++_nano.a(new_op.o)
                0x0800926c                operator new(unsigned int)
 .text.unlikely._ZSt17__throw_bad_allocv
                0x0800928e        0x6 /opt/st/stm32cubeide_1.19.0/plugins/com.st.stm32cube.ide.mcu.externaltools.gnu-tools-for-stm32.13.3.rel1.linux64_1.0.0.202410170706/tools/bin/../lib/gcc/arm-none-eabi/13.3.1/../../../../arm-none-eabi/lib/thumb/v7e-m+fp/hard/libstdc++_nano.a(functexcept.o)
                0x0800928e                std::__throw_bad_alloc()
 .text.unlikely._ZSt28__throw_bad_array_new_lengthv
                0x08009294        0x6 /opt/st/stm32cubeide_1.19.0/plugins/com.st.stm32cube.ide.mcu.externaltools.gnu-tools-for-stm32.13.3.rel1.linux64_1.0.0.202410170706/tools/bin/../lib/gcc/arm-none-eabi/13.3.1/../../../../arm-none-eabi/lib/thumb/v7e-m+fp/hard/libstdc++_nano.a(functexcept.o)
                0x08009294                std::__throw_bad_array_new_length()
 .text._ZdlPv   0x0800929a        0x4 /opt/st/stm32cubeide_1.19.0/plugins/com.st.stm32cube.ide.mcu.externaltools.gnu-tools-for-stm32.13.3.rel1.linux64_1.0.0.202410170706/tools/bin/../lib/gcc/arm-none-eabi/13.3.1/../../../../arm-none-eabi/lib/thumb/v7e-m+fp/hard/libstdc++_nano.a(del_op.o)
                0x0800929a                operator delete(void*)
 *fill*         0x0800929e        0x2 
 .text._ZSt15get_new_handlerv
                0x080092a0       0x10 /opt/st/stm32cubeide_1.19.0/plugins/com.st.stm32cube.ide.mcu.externaltools.gnu-tools-for-stm32.13.3.rel1.linux64_1.0.0.202410170706/tools/bin/../lib/gcc/arm-none-eabi/13.3.1/../../../../arm-none-eabi/lib/thumb/v7e-m+fp/hard/libstdc++_nano.a(new_handler.o)
                0x080092a0                std::get_new_handler()
 .text.acosf    0x080092b0       0x58 /opt/st/stm32cubeide_1.19.0/plugins/com.st.stm32cube.ide.mcu.externaltools.gnu-tools-for-stm32.13.3.rel1.linux64_1.0.0.202410170706/tools/bin/../lib/gcc/arm-none-eabi/13.3.1/../../../../arm-none-eabi/lib/thumb/v7e-m+fp/hard/libm.a(libm_a-wf_acos.o)
                0x080092b0                acosf
 .text.atan2f   0x08009308        0x4 /opt/st/stm32cubeide_1.19.0/plugins/com.st.stm32cube.ide.mcu.externaltools.gnu-tools-for-stm32.13.3.rel1.linux64_1.0.0.202410170706/tools/bin/../lib/gcc/arm-none-eabi/13.3.1/../../../../arm-none-eabi/lib/thumb/v7e-m+fp/hard/libm.a(libm_a-wf_atan2.o)
                0x08009308                atan2f
 .text.sqrtf    0x0800930c       0x3c /opt/st/stm32cubeide_1.19.0/plugins/com.st.stm32cube.ide.mcu.externaltools.gnu-tools-for-stm32.13.3.rel1.linux64_1.0.0.202410170706/tools/bin/../lib/gcc/arm-none-eabi/13.3.1/../../../../arm-none-eabi/lib/thumb/v7e-m+fp/hard/libm.a(libm_a-wf_sqrt.o)
                0x0800930c                sqrtf
 .text.cosf     0x08009348       0x88 /opt/st/stm32cubeide_1.19.0/plugins/com.st.stm32cube.ide.mcu.externaltools.gnu-tools-for-stm32.13.3.rel1.linux64_1.0.0.202410170706/tools/bin/../lib/gcc/arm-none-eabi/13.3.1/../../../../arm-none-eabi/lib/thumb/v7e-m+fp/hard/libm.a(libm_a-sf_cos.o)
                0x08009348                cosf
 .text.fabsf    0x080093d0        0xe /opt/st/stm32cubeide_1.19.0/plugins/com.st.stm32cube.ide.mcu.externaltools.gnu-tools-for-stm32.13.3.rel1.linux64_1.0.0.202410170706/tools/bin/../lib/gcc/arm-none-eabi/13.3.1/../../../../arm-none-eabi/lib/thumb/v7e-m+fp/hard/libm.a(libm_a-sf_fabs.o)
                0x080093d0                fabsf
 *fill*         0x080093de        0x2 
 .text.sinf     0x080093e0       0x8c /opt/st/stm32cubeide_1.19.0/plugins/com.st.stm32cube.ide.mcu.externaltools.gnu-tools-for-stm32.13.3.rel1.linux64_1.0.0.202410170706/tools/bin/../lib/gcc/arm-none-eabi/13.3.1/../../../../arm-none-eabi/lib/thumb/v7e-m+fp/hard/libm.a(libm_a-sf_sin.o)
                0x080093e0                sinf
 .text.nanf     0x0800946c        0xc /opt/st/stm32cubeide_1.19.0/plugins/com.st.stm32cube.ide.mcu.externaltools.gnu-tools-for-stm32.13.3.rel1.linux64_1.0.0.202410170706/tools/bin/../lib/gcc/arm-none-eabi/13.3.1/../../../../arm-none-eabi/lib/thumb/v7e-m+fp/hard/libm.a(libm_a-sf_nan.o)
                0x0800946c                nanf
 .text.fmaxf    0x08009478       0x3a /opt/st/stm32cubeide_1.19.0/plugins/com.st.stm32cube.ide.mcu.externaltools.gnu-tools-for-stm32.13.3.rel1.linux64_1.0.0.202410170706/tools/bin/../lib/gcc/arm-none-eabi/13.3.1/../../../../arm-none-eabi/lib/thumb/v7e-m+fp/hard/libm.a(libm_a-sf_fmax.o)
                0x08009478                fmaxf
 .text.fminf    0x080094b2       0x3a /opt/st/stm32cubeide_1.19.0/plugins/com.st.stm32cube.ide.mcu.externaltools.gnu-tools-for-stm32.13.3.rel1.linux64_1.0.0.202410170706/tools/bin/../lib/gcc/arm-none-eabi/13.3.1/../../../../arm-none-eabi/lib/thumb/v7e-m+fp/hard/libm.a(libm_a-sf_fmin.o)
                0x080094b2                fminf
 .text.__fpclassifyf
                0x080094ec       0x38 /opt/st/stm32cubeide_1.19.0/plugins/com.st.stm32cube.ide.mcu.externaltools.gnu-tools-for-stm32.13.3.rel1.linux64_1.0.0.202410170706/tools/bin/../lib/gcc/arm-none-eabi/13.3.1/../../../../arm-none-eabi/lib/thumb/v7e-m+fp/hard/libm.a(libm_a-sf_fpclassify.o)
                0x080094ec                __fpclassifyf
 .text.__ieee754_sqrtf
                0x08009524        0x6 /opt/st/stm32cubeide_1.19.0/plugins/com.st.stm32cube.ide.mcu.externaltools.gnu-tools-for-stm32.13.3.rel1.linux64_1.0.0.202410170706/tools/bin/../lib/gcc/arm-none-eabi/13.3.1/../../../../arm-none-eabi/lib/thumb/v7e-m+fp/hard/libm.a(libm_a-ef_sqrt.o)
                0x08009524                __ieee754_sqrtf
 *fill*         0x0800952a        0x2 
 .text.__kernel_cosf
                0x0800952c       0xb0 /opt/st/stm32cubeide_1.19.0/plugins/com.st.stm32cube.ide.mcu.externaltools.gnu-tools-for-stm32.13.3.rel1.linux64_1.0.0.202410170706/tools/bin/../lib/gcc/arm-none-eabi/13.3.1/../../../../arm-none-eabi/lib/thumb/v7e-m+fp/hard/libm.a(libm_a-kf_cos.o)
                0x0800952c                __kernel_cosf
 .text.__kernel_sinf
                0x080095dc       0x90 /opt/st/stm32cubeide_1.19.0/plugins/com.st.stm32cube.ide.mcu.externaltools.gnu-tools-for-stm32.13.3.rel1.linux64_1.0.0.202410170706/tools/bin/../lib/gcc/arm-none-eabi/13.3.1/../../../../arm-none-eabi/lib/thumb/v7e-m+fp/hard/libm.a(libm_a-kf_sin.o)
                0x080095dc                __kernel_sinf
 .text.__ieee754_acosf
                0x0800966c      0x1ec /opt/st/stm32cubeide_1.19.0/plugins/com.st.stm32cube.ide.mcu.externaltools.gnu-tools-for-stm32.13.3.rel1.linux64_1.0.0.202410170706/tools/bin/../lib/gcc/arm-none-eabi/13.3.1/../../../../arm-none-eabi/lib/thumb/v7e-m+fp/hard/libm.a(libm_a-ef_acos.o)
                0x0800966c                __ieee754_acosf
 .text.__ieee754_atan2f
                0x08009858      0x140 /opt/st/stm32cubeide_1.19.0/plugins/com.st.stm32cube.ide.mcu.externaltools.gnu-tools-for-stm32.13.3.rel1.linux64_1.0.0.202410170706/tools/bin/../lib/gcc/arm-none-eabi/13.3.1/../../../../arm-none-eabi/lib/thumb/v7e-m+fp/hard/libm.a(libm_a-ef_atan2.o)
                0x08009858                __ieee754_atan2f
 .text.__ieee754_rem_pio2f
                0x08009998      0x260 /opt/st/stm32cubeide_1.19.0/plugins/com.st.stm32cube.ide.mcu.externaltools.gnu-tools-for-stm32.13.3.rel1.linux64_1.0.0.202410170706/tools/bin/../lib/gcc/arm-none-eabi/13.3.1/../../../../arm-none-eabi/lib/thumb/v7e-m+fp/hard/libm.a(libm_a-ef_rem_pio2.o)
                0x08009998                __ieee754_rem_pio2f
 .text.atanf    0x08009bf8      0x1a8 /opt/st/stm32cubeide_1.19.0/plugins/com.st.stm32cube.ide.mcu.externaltools.gnu-tools-for-stm32.13.3.rel1.linux64_1.0.0.202410170706/tools/bin/../lib/gcc/arm-none-eabi/13.3.1/../../../../arm-none-eabi/lib/thumb/v7e-m+fp/hard/libm.a(libm_a-sf_atan.o)
                0x08009bf8                atanf
 .text.__kernel_rem_pio2f
                0x08009da0      0x4d0 /opt/st/stm32cubeide_1.19.0/plugins/com.st.stm32cube.ide.mcu.externaltools.gnu-tools-for-stm32.13.3.rel1.linux64_1.0.0.202410170706/tools/bin/../lib/gcc/arm-none-eabi/13.3.1/../../../../arm-none-eabi/lib/thumb/v7e-m+fp/hard/libm.a(libm_a-kf_rem_pio2.o)
                0x08009da0                __kernel_rem_pio2f
 .text.scalbnf  0x0800a270       0xcc /opt/st/stm32cubeide_1.19.0/plugins/com.st.stm32cube.ide.mcu.externaltools.gnu-tools-for-stm32.13.3.rel1.linux64_1.0.0.202410170706/tools/bin/../lib/gcc/arm-none-eabi/13.3.1/../../../../arm-none-eabi/lib/thumb/v7e-m+fp/hard/libm.a(libm_a-sf_scalbn.o)
                0x0800a270                scalbnf
 .text.floorf   0x0800a33c       0x88 /opt/st/stm32cubeide_1.19.0/plugins/com.st.stm32cube.ide.mcu.externaltools.gnu-tools-for-stm32.13.3.rel1.linux64_1.0.0.202410170706/tools/bin/../lib/gcc/arm-none-eabi/13.3.1/../../../../arm-none-eabi/lib/thumb/v7e-m+fp/hard/libm.a(libm_a-sf_floor.o)
                0x0800a33c                floorf
 .text.abort    0x0800a3c4        0xe /opt/st/stm32cubeide_1.19.0/plugins/com.st.stm32cube.ide.mcu.externaltools.gnu-tools-for-stm32.13.3.rel1.linux64_1.0.0.202410170706/tools/bin/../lib/gcc/arm-none-eabi/13.3.1/../../../../arm-none-eabi/lib/thumb/v7e-m+fp/hard/libc_nano.a(libc_a-abort.o)
                0x0800a3c4                abort
 *fill*         0x0800a3d2        0x2 
 .text.calloc   0x0800a3d4       0x10 /opt/st/stm32cubeide_1.19.0/plugins/com.st.stm32cube.ide.mcu.externaltools.gnu-tools-for-stm32.13.3.rel1.linux64_1.0.0.202410170706/tools/bin/../lib/gcc/arm-none-eabi/13.3.1/../../../../arm-none-eabi/lib/thumb/v7e-m+fp/hard/libc_nano.a(libc_a-calloc.o)
                0x0800a3d4                calloc
 .text._calloc_r
                0x0800a3e4       0x28 /opt/st/stm32cubeide_1.19.0/plugins/com.st.stm32cube.ide.mcu.externaltools.gnu-tools-for-stm32.13.3.rel1.linux64_1.0.0.202410170706/tools/bin/../lib/gcc/arm-none-eabi/13.3.1/../../../../arm-none-eabi/lib/thumb/v7e-m+fp/hard/libc_nano.a(libc_a-callocr.o)
                0x0800a3e4                _calloc_r
 .text.malloc   0x0800a40c       0x10 /opt/st/stm32cubeide_1.19.0/plugins/com.st.stm32cube.ide.mcu.externaltools.gnu-tools-for-stm32.13.3.rel1.linux64_1.0.0.202410170706/tools/bin/../lib/gcc/arm-none-eabi/13.3.1/../../../../arm-none-eabi/lib/thumb/v7e-m+fp/hard/libc_nano.a(libc_a-malloc.o)
                0x0800a40c                malloc
 .text.free     0x0800a41c       0x10 /opt/st/stm32cubeide_1.19.0/plugins/com.st.stm32cube.ide.mcu.externaltools.gnu-tools-for-stm32.13.3.rel1.linux64_1.0.0.202410170706/tools/bin/../lib/gcc/arm-none-eabi/13.3.1/../../../../arm-none-eabi/lib/thumb/v7e-m+fp/hard/libc_nano.a(libc_a-malloc.o)
                0x0800a41c                free
 .text.sbrk_aligned
                0x0800a42c       0x44 /opt/st/stm32cubeide_1.19.0/plugins/com.st.stm32cube.ide.mcu.externaltools.gnu-tools-for-stm32.13.3.rel1.linux64_1.0.0.202410170706/tools/bin/../lib/gcc/arm-none-eabi/13.3.1/../../../../arm-none-eabi/lib/thumb/v7e-m+fp/hard/libc_nano.a(libc_a-mallocr.o)
 .text._malloc_r
                0x0800a470      0x100 /opt/st/stm32cubeide_1.19.0/plugins/com.st.stm32cube.ide.mcu.externaltools.gnu-tools-for-stm32.13.3.rel1.linux64_1.0.0.202410170706/tools/bin/../lib/gcc/arm-none-eabi/13.3.1/../../../../arm-none-eabi/lib/thumb/v7e-m+fp/hard/libc_nano.a(libc_a-mallocr.o)
                0x0800a470                _malloc_r
 .text.__malloc_lock
                0x0800a570        0xc /opt/st/stm32cubeide_1.19.0/plugins/com.st.stm32cube.ide.mcu.externaltools.gnu-tools-for-stm32.13.3.rel1.linux64_1.0.0.202410170706/tools/bin/../lib/gcc/arm-none-eabi/13.3.1/../../../../arm-none-eabi/lib/thumb/v7e-m+fp/hard/libc_nano.a(libc_a-mlock.o)
                0x0800a570                __malloc_lock
 .text.__malloc_unlock
                0x0800a57c        0xc /opt/st/stm32cubeide_1.19.0/plugins/com.st.stm32cube.ide.mcu.externaltools.gnu-tools-for-stm32.13.3.rel1.linux64_1.0.0.202410170706/tools/bin/../lib/gcc/arm-none-eabi/13.3.1/../../../../arm-none-eabi/lib/thumb/v7e-m+fp/hard/libc_nano.a(libc_a-mlock.o)
                0x0800a57c                __malloc_unlock
 .text.realloc  0x0800a588       0x10 /opt/st/stm32cubeide_1.19.0/plugins/com.st.stm32cube.ide.mcu.externaltools.gnu-tools-for-stm32.13.3.rel1.linux64_1.0.0.202410170706/tools/bin/../lib/gcc/arm-none-eabi/13.3.1/../../../../arm-none-eabi/lib/thumb/v7e-m+fp/hard/libc_nano.a(libc_a-realloc.o)
                0x0800a588                realloc
 .text._realloc_r
                0x0800a598       0x5c /opt/st/stm32cubeide_1.19.0/plugins/com.st.stm32cube.ide.mcu.externaltools.gnu-tools-for-stm32.13.3.rel1.linux64_1.0.0.202410170706/tools/bin/../lib/gcc/arm-none-eabi/13.3.1/../../../../arm-none-eabi/lib/thumb/v7e-m+fp/hard/libc_nano.a(libc_a-reallocr.o)
                0x0800a598                _realloc_r
 .text.std      0x0800a5f4       0x6c /opt/st/stm32cubeide_1.19.0/plugins/com.st.stm32cube.ide.mcu.externaltools.gnu-tools-for-stm32.13.3.rel1.linux64_1.0.0.202410170706/tools/bin/../lib/gcc/arm-none-eabi/13.3.1/../../../../arm-none-eabi/lib/thumb/v7e-m+fp/hard/libc_nano.a(libc_a-findfp.o)
 .text.stdio_exit_handler
                0x0800a660       0x18 /opt/st/stm32cubeide_1.19.0/plugins/com.st.stm32cube.ide.mcu.externaltools.gnu-tools-for-stm32.13.3.rel1.linux64_1.0.0.202410170706/tools/bin/../lib/gcc/arm-none-eabi/13.3.1/../../../../arm-none-eabi/lib/thumb/v7e-m+fp/hard/libc_nano.a(libc_a-findfp.o)
 .text.cleanup_stdio
                0x0800a678       0x40 /opt/st/stm32cubeide_1.19.0/plugins/com.st.stm32cube.ide.mcu.externaltools.gnu-tools-for-stm32.13.3.rel1.linux64_1.0.0.202410170706/tools/bin/../lib/gcc/arm-none-eabi/13.3.1/../../../../arm-none-eabi/lib/thumb/v7e-m+fp/hard/libc_nano.a(libc_a-findfp.o)
 .text.global_stdio_init.part.0
                0x0800a6b8       0x3c /opt/st/stm32cubeide_1.19.0/plugins/com.st.stm32cube.ide.mcu.externaltools.gnu-tools-for-stm32.13.3.rel1.linux64_1.0.0.202410170706/tools/bin/../lib/gcc/arm-none-eabi/13.3.1/../../../../arm-none-eabi/lib/thumb/v7e-m+fp/hard/libc_nano.a(libc_a-findfp.o)
 .text.__sfp_lock_acquire
                0x0800a6f4        0xc /opt/st/stm32cubeide_1.19.0/plugins/com.st.stm32cube.ide.mcu.externaltools.gnu-tools-for-stm32.13.3.rel1.linux64_1.0.0.202410170706/tools/bin/../lib/gcc/arm-none-eabi/13.3.1/../../../../arm-none-eabi/lib/thumb/v7e-m+fp/hard/libc_nano.a(libc_a-findfp.o)
                0x0800a6f4                __sfp_lock_acquire
 .text.__sfp_lock_release
                0x0800a700        0xc /opt/st/stm32cubeide_1.19.0/plugins/com.st.stm32cube.ide.mcu.externaltools.gnu-tools-for-stm32.13.3.rel1.linux64_1.0.0.202410170706/tools/bin/../lib/gcc/arm-none-eabi/13.3.1/../../../../arm-none-eabi/lib/thumb/v7e-m+fp/hard/libc_nano.a(libc_a-findfp.o)
                0x0800a700                __sfp_lock_release
 .text.__sinit  0x0800a70c       0x30 /opt/st/stm32cubeide_1.19.0/plugins/com.st.stm32cube.ide.mcu.externaltools.gnu-tools-for-stm32.13.3.rel1.linux64_1.0.0.202410170706/tools/bin/../lib/gcc/arm-none-eabi/13.3.1/../../../../arm-none-eabi/lib/thumb/v7e-m+fp/hard/libc_nano.a(libc_a-findfp.o)
                0x0800a70c                __sinit
 .text._fwalk_sglue
                0x0800a73c       0x3c /opt/st/stm32cubeide_1.19.0/plugins/com.st.stm32cube.ide.mcu.externaltools.gnu-tools-for-stm32.13.3.rel1.linux64_1.0.0.202410170706/tools/bin/../lib/gcc/arm-none-eabi/13.3.1/../../../../arm-none-eabi/lib/thumb/v7e-m+fp/hard/libc_nano.a(libc_a-fwalk.o)
                0x0800a73c                _fwalk_sglue
 .text.printf   0x0800a778       0x24 /opt/st/stm32cubeide_1.19.0/plugins/com.st.stm32cube.ide.mcu.externaltools.gnu-tools-for-stm32.13.3.rel1.linux64_1.0.0.202410170706/tools/bin/../lib/gcc/arm-none-eabi/13.3.1/../../../../arm-none-eabi/lib/thumb/v7e-m+fp/hard/libc_nano.a(libc_a-printf.o)
                0x0800a778                printf
                0x0800a778                iprintf
 .text.__sread  0x0800a79c       0x22 /opt/st/stm32cubeide_1.19.0/plugins/com.st.stm32cube.ide.mcu.externaltools.gnu-tools-for-stm32.13.3.rel1.linux64_1.0.0.202410170706/tools/bin/../lib/gcc/arm-none-eabi/13.3.1/../../../../arm-none-eabi/lib/thumb/v7e-m+fp/hard/libc_nano.a(libc_a-stdio.o)
                0x0800a79c                __sread
 .text.__swrite
                0x0800a7be       0x38 /opt/st/stm32cubeide_1.19.0/plugins/com.st.stm32cube.ide.mcu.externaltools.gnu-tools-for-stm32.13.3.rel1.linux64_1.0.0.202410170706/tools/bin/../lib/gcc/arm-none-eabi/13.3.1/../../../../arm-none-eabi/lib/thumb/v7e-m+fp/hard/libc_nano.a(libc_a-stdio.o)
                0x0800a7be                __swrite
 .text.__sseek  0x0800a7f6       0x24 /opt/st/stm32cubeide_1.19.0/plugins/com.st.stm32cube.ide.mcu.externaltools.gnu-tools-for-stm32.13.3.rel1.linux64_1.0.0.202410170706/tools/bin/../lib/gcc/arm-none-eabi/13.3.1/../../../../arm-none-eabi/lib/thumb/v7e-m+fp/hard/libc_nano.a(libc_a-stdio.o)
                0x0800a7f6                __sseek
 .text.__sclose
                0x0800a81a        0x8 /opt/st/stm32cubeide_1.19.0/plugins/com.st.stm32cube.ide.mcu.externaltools.gnu-tools-for-stm32.13.3.rel1.linux64_1.0.0.202410170706/tools/bin/../lib/gcc/arm-none-eabi/13.3.1/../../../../arm-none-eabi/lib/thumb/v7e-m+fp/hard/libc_nano.a(libc_a-stdio.o)
                0x0800a81a                __sclose
 .text.__swbuf_r
                0x0800a822       0x7c /opt/st/stm32cubeide_1.19.0/plugins/com.st.stm32cube.ide.mcu.externaltools.gnu-tools-for-stm32.13.3.rel1.linux64_1.0.0.202410170706/tools/bin/../lib/gcc/arm-none-eabi/13.3.1/../../../../arm-none-eabi/lib/thumb/v7e-m+fp/hard/libc_nano.a(libc_a-wbuf.o)
                0x0800a822                __swbuf_r
 *fill*         0x0800a89e        0x2 
 .text.__swsetup_r
                0x0800a8a0       0xac /opt/st/stm32cubeide_1.19.0/plugins/com.st.stm32cube.ide.mcu.externaltools.gnu-tools-for-stm32.13.3.rel1.linux64_1.0.0.202410170706/tools/bin/../lib/gcc/arm-none-eabi/13.3.1/../../../../arm-none-eabi/lib/thumb/v7e-m+fp/hard/libc_nano.a(libc_a-wsetup.o)
                0x0800a8a0                __swsetup_r
 .text.memset   0x0800a94c       0x10 /opt/st/stm32cubeide_1.19.0/plugins/com.st.stm32cube.ide.mcu.externaltools.gnu-tools-for-stm32.13.3.rel1.linux64_1.0.0.202410170706/tools/bin/../lib/gcc/arm-none-eabi/13.3.1/../../../../arm-none-eabi/lib/thumb/v7e-m+fp/hard/libc_nano.a(libc_a-memset.o)
                0x0800a94c                memset
 .text._raise_r
                0x0800a95c       0x50 /opt/st/stm32cubeide_1.19.0/plugins/com.st.stm32cube.ide.mcu.externaltools.gnu-tools-for-stm32.13.3.rel1.linux64_1.0.0.202410170706/tools/bin/../lib/gcc/arm-none-eabi/13.3.1/../../../../arm-none-eabi/lib/thumb/v7e-m+fp/hard/libc_nano.a(libc_a-signal.o)
                0x0800a95c                _raise_r
 .text.raise    0x0800a9ac       0x10 /opt/st/stm32cubeide_1.19.0/plugins/com.st.stm32cube.ide.mcu.externaltools.gnu-tools-for-stm32.13.3.rel1.linux64_1.0.0.202410170706/tools/bin/../lib/gcc/arm-none-eabi/13.3.1/../../../../arm-none-eabi/lib/thumb/v7e-m+fp/hard/libc_nano.a(libc_a-signal.o)
                0x0800a9ac                raise
 .text._close_r
                0x0800a9bc       0x20 /opt/st/stm32cubeide_1.19.0/plugins/com.st.stm32cube.ide.mcu.externaltools.gnu-tools-for-stm32.13.3.rel1.linux64_1.0.0.202410170706/tools/bin/../lib/gcc/arm-none-eabi/13.3.1/../../../../arm-none-eabi/lib/thumb/v7e-m+fp/hard/libc_nano.a(libc_a-closer.o)
                0x0800a9bc                _close_r
 .text._lseek_r
                0x0800a9dc       0x24 /opt/st/stm32cubeide_1.19.0/plugins/com.st.stm32cube.ide.mcu.externaltools.gnu-tools-for-stm32.13.3.rel1.linux64_1.0.0.202410170706/tools/bin/../lib/gcc/arm-none-eabi/13.3.1/../../../../arm-none-eabi/lib/thumb/v7e-m+fp/hard/libc_nano.a(libc_a-lseekr.o)
                0x0800a9dc                _lseek_r
 .text._read_r  0x0800aa00       0x24 /opt/st/stm32cubeide_1.19.0/plugins/com.st.stm32cube.ide.mcu.externaltools.gnu-tools-for-stm32.13.3.rel1.linux64_1.0.0.202410170706/tools/bin/../lib/gcc/arm-none-eabi/13.3.1/../../../../arm-none-eabi/lib/thumb/v7e-m+fp/hard/libc_nano.a(libc_a-readr.o)
                0x0800aa00                _read_r
 .text._kill_r  0x0800aa24       0x24 /opt/st/stm32cubeide_1.19.0/plugins/com.st.stm32cube.ide.mcu.externaltools.gnu-tools-for-stm32.13.3.rel1.linux64_1.0.0.202410170706/tools/bin/../lib/gcc/arm-none-eabi/13.3.1/../../../../arm-none-eabi/lib/thumb/v7e-m+fp/hard/libc_nano.a(libc_a-signalr.o)
                0x0800aa24                _kill_r
 .text._getpid_r
                0x0800aa48        0x4 /opt/st/stm32cubeide_1.19.0/plugins/com.st.stm32cube.ide.mcu.externaltools.gnu-tools-for-stm32.13.3.rel1.linux64_1.0.0.202410170706/tools/bin/../lib/gcc/arm-none-eabi/13.3.1/../../../../arm-none-eabi/lib/thumb/v7e-m+fp/hard/libc_nano.a(libc_a-signalr.o)
                0x0800aa48                _getpid_r
 .text._sbrk_r  0x0800aa4c       0x20 /opt/st/stm32cubeide_1.19.0/plugins/com.st.stm32cube.ide.mcu.externaltools.gnu-tools-for-stm32.13.3.rel1.linux64_1.0.0.202410170706/tools/bin/../lib/gcc/arm-none-eabi/13.3.1/../../../../arm-none-eabi/lib/thumb/v7e-m+fp/hard/libc_nano.a(libc_a-sbrkr.o)
                0x0800aa4c                _sbrk_r
 .text._write_r
                0x0800aa6c       0x24 /opt/st/stm32cubeide_1.19.0/plugins/com.st.stm32cube.ide.mcu.externaltools.gnu-tools-for-stm32.13.3.rel1.linux64_1.0.0.202410170706/tools/bin/../lib/gcc/arm-none-eabi/13.3.1/../../../../arm-none-eabi/lib/thumb/v7e-m+fp/hard/libc_nano.a(libc_a-writer.o)
                0x0800aa6c                _write_r
 .text.__errno  0x0800aa90        0xc /opt/st/stm32cubeide_1.19.0/plugins/com.st.stm32cube.ide.mcu.externaltools.gnu-tools-for-stm32.13.3.rel1.linux64_1.0.0.202410170706/tools/bin/../lib/gcc/arm-none-eabi/13.3.1/../../../../arm-none-eabi/lib/thumb/v7e-m+fp/hard/libc_nano.a(libc_a-errno.o)
                0x0800aa90                __errno
 .text.__libc_init_array
                0x0800aa9c       0x48 /opt/st/stm32cubeide_1.19.0/plugins/com.st.stm32cube.ide.mcu.externaltools.gnu-tools-for-stm32.13.3.rel1.linux64_1.0.0.202410170706/tools/bin/../lib/gcc/arm-none-eabi/13.3.1/../../../../arm-none-eabi/lib/thumb/v7e-m+fp/hard/libc_nano.a(libc_a-init.o)
                0x0800aa9c                __libc_init_array
 .text.__retarget_lock_init_recursive
                0x0800aae4        0x2 /opt/st/stm32cubeide_1.19.0/plugins/com.st.stm32cube.ide.mcu.externaltools.gnu-tools-for-stm32.13.3.rel1.linux64_1.0.0.202410170706/tools/bin/../lib/gcc/arm-none-eabi/13.3.1/../../../../arm-none-eabi/lib/thumb/v7e-m+fp/hard/libc_nano.a(libc_a-lock.o)
                0x0800aae4                __retarget_lock_init_recursive
 .text.__retarget_lock_acquire_recursive
                0x0800aae6        0x2 /opt/st/stm32cubeide_1.19.0/plugins/com.st.stm32cube.ide.mcu.externaltools.gnu-tools-for-stm32.13.3.rel1.linux64_1.0.0.202410170706/tools/bin/../lib/gcc/arm-none-eabi/13.3.1/../../../../arm-none-eabi/lib/thumb/v7e-m+fp/hard/libc_nano.a(libc_a-lock.o)
                0x0800aae6                __retarget_lock_acquire_recursive
 .text.__retarget_lock_release_recursive
                0x0800aae8        0x2 /opt/st/stm32cubeide_1.19.0/plugins/com.st.stm32cube.ide.mcu.externaltools.gnu-tools-for-stm32.13.3.rel1.linux64_1.0.0.202410170706/tools/bin/../lib/gcc/arm-none-eabi/13.3.1/../../../../arm-none-eabi/lib/thumb/v7e-m+fp/hard/libc_nano.a(libc_a-lock.o)
                0x0800aae8                __retarget_lock_release_recursive
 .text.memcpy   0x0800aaea       0x1c /opt/st/stm32cubeide_1.19.0/plugins/com.st.stm32cube.ide.mcu.externaltools.gnu-tools-for-stm32.13.3.rel1.linux64_1.0.0.202410170706/tools/bin/../lib/gcc/arm-none-eabi/13.3.1/../../../../arm-none-eabi/lib/thumb/v7e-m+fp/hard/libc_nano.a(libc_a-memcpy-stub.o)
                0x0800aaea                memcpy
 *fill*         0x0800ab06        0x2 
 .text._free_r  0x0800ab08       0x94 /opt/st/stm32cubeide_1.19.0/plugins/com.st.stm32cube.ide.mcu.externaltools.gnu-tools-for-stm32.13.3.rel1.linux64_1.0.0.202410170706/tools/bin/../lib/gcc/arm-none-eabi/13.3.1/../../../../arm-none-eabi/lib/thumb/v7e-m+fp/hard/libc_nano.a(libc_a-freer.o)
                0x0800ab08                _free_r
 .text._malloc_usable_size_r
                0x0800ab9c       0x10 /opt/st/stm32cubeide_1.19.0/plugins/com.st.stm32cube.ide.mcu.externaltools.gnu-tools-for-stm32.13.3.rel1.linux64_1.0.0.202410170706/tools/bin/../lib/gcc/arm-none-eabi/13.3.1/../../../../arm-none-eabi/lib/thumb/v7e-m+fp/hard/libc_nano.a(libc_a-msizer.o)
                0x0800ab9c                _malloc_usable_size_r
 .text.__sfputc_r
                0x0800abac       0x2e /opt/st/stm32cubeide_1.19.0/plugins/com.st.stm32cube.ide.mcu.externaltools.gnu-tools-for-stm32.13.3.rel1.linux64_1.0.0.202410170706/tools/bin/../lib/gcc/arm-none-eabi/13.3.1/../../../../arm-none-eabi/lib/thumb/v7e-m+fp/hard/libc_nano.a(libc_a-nano-vfprintf.o)
 .text.__sfputs_r
                0x0800abda       0x24 /opt/st/stm32cubeide_1.19.0/plugins/com.st.stm32cube.ide.mcu.externaltools.gnu-tools-for-stm32.13.3.rel1.linux64_1.0.0.202410170706/tools/bin/../lib/gcc/arm-none-eabi/13.3.1/../../../../arm-none-eabi/lib/thumb/v7e-m+fp/hard/libc_nano.a(libc_a-nano-vfprintf.o)
                0x0800abda                __sfputs_r
 *fill*         0x0800abfe        0x2 
 .text._vfprintf_r
                0x0800ac00      0x230 /opt/st/stm32cubeide_1.19.0/plugins/com.st.stm32cube.ide.mcu.externaltools.gnu-tools-for-stm32.13.3.rel1.linux64_1.0.0.202410170706/tools/bin/../lib/gcc/arm-none-eabi/13.3.1/../../../../arm-none-eabi/lib/thumb/v7e-m+fp/hard/libc_nano.a(libc_a-nano-vfprintf.o)
                0x0800ac00                _vfiprintf_r
                0x0800ac00                _vfprintf_r
 .text._printf_common
                0x0800ae30       0xda /opt/st/stm32cubeide_1.19.0/plugins/com.st.stm32cube.ide.mcu.externaltools.gnu-tools-for-stm32.13.3.rel1.linux64_1.0.0.202410170706/tools/bin/../lib/gcc/arm-none-eabi/13.3.1/../../../../arm-none-eabi/lib/thumb/v7e-m+fp/hard/libc_nano.a(libc_a-nano-vfprintf_i.o)
                0x0800ae30                _printf_common
 *fill*         0x0800af0a        0x2 
 .text._printf_i
                0x0800af0c      0x23c /opt/st/stm32cubeide_1.19.0/plugins/com.st.stm32cube.ide.mcu.externaltools.gnu-tools-for-stm32.13.3.rel1.linux64_1.0.0.202410170706/tools/bin/../lib/gcc/arm-none-eabi/13.3.1/../../../../arm-none-eabi/lib/thumb/v7e-m+fp/hard/libc_nano.a(libc_a-nano-vfprintf_i.o)
                0x0800af0c                _printf_i
 .text.__sflush_r
                0x0800b148      0x108 /opt/st/stm32cubeide_1.19.0/plugins/com.st.stm32cube.ide.mcu.externaltools.gnu-tools-for-stm32.13.3.rel1.linux64_1.0.0.202410170706/tools/bin/../lib/gcc/arm-none-eabi/13.3.1/../../../../arm-none-eabi/lib/thumb/v7e-m+fp/hard/libc_nano.a(libc_a-fflush.o)
                0x0800b148                __sflush_r
 .text._fflush_r
                0x0800b250       0x50 /opt/st/stm32cubeide_1.19.0/plugins/com.st.stm32cube.ide.mcu.externaltools.gnu-tools-for-stm32.13.3.rel1.linux64_1.0.0.202410170706/tools/bin/../lib/gcc/arm-none-eabi/13.3.1/../../../../arm-none-eabi/lib/thumb/v7e-m+fp/hard/libc_nano.a(libc_a-fflush.o)
                0x0800b250                _fflush_r
 .text.__swhatbuf_r
                0x0800b2a0       0x4c /opt/st/stm32cubeide_1.19.0/plugins/com.st.stm32cube.ide.mcu.externaltools.gnu-tools-for-stm32.13.3.rel1.linux64_1.0.0.202410170706/tools/bin/../lib/gcc/arm-none-eabi/13.3.1/../../../../arm-none-eabi/lib/thumb/v7e-m+fp/hard/libc_nano.a(libc_a-makebuf.o)
                0x0800b2a0                __swhatbuf_r
 .text.__smakebuf_r
                0x0800b2ec       0x78 /opt/st/stm32cubeide_1.19.0/plugins/com.st.stm32cube.ide.mcu.externaltools.gnu-tools-for-stm32.13.3.rel1.linux64_1.0.0.202410170706/tools/bin/../lib/gcc/arm-none-eabi/13.3.1/../../../../arm-none-eabi/lib/thumb/v7e-m+fp/hard/libc_nano.a(libc_a-makebuf.o)
                0x0800b2ec                __smakebuf_r
 .text._fstat_r
                0x0800b364       0x24 /opt/st/stm32cubeide_1.19.0/plugins/com.st.stm32cube.ide.mcu.externaltools.gnu-tools-for-stm32.13.3.rel1.linux64_1.0.0.202410170706/tools/bin/../lib/gcc/arm-none-eabi/13.3.1/../../../../arm-none-eabi/lib/thumb/v7e-m+fp/hard/libc_nano.a(libc_a-fstatr.o)
                0x0800b364                _fstat_r
 .text._isatty_r
                0x0800b388       0x20 /opt/st/stm32cubeide_1.19.0/plugins/com.st.stm32cube.ide.mcu.externaltools.gnu-tools-for-stm32.13.3.rel1.linux64_1.0.0.202410170706/tools/bin/../lib/gcc/arm-none-eabi/13.3.1/../../../../arm-none-eabi/lib/thumb/v7e-m+fp/hard/libc_nano.a(libc_a-isattyr.o)
                0x0800b388                _isatty_r
 *(.glue_7)
 .glue_7        0x0800b3a8        0x0 linker stubs
 *(.glue_7t)
 .glue_7t       0x0800b3a8        0x0 linker stubs
 *(.eh_frame)
 .eh_frame      0x0800b3a8        0x0 /opt/st/stm32cubeide_1.19.0/plugins/com.st.stm32cube.ide.mcu.externaltools.gnu-tools-for-stm32.13.3.rel1.linux64_1.0.0.202410170706/tools/bin/../lib/gcc/arm-none-eabi/13.3.1/thumb/v7e-m+fp/hard/crtbegin.o
 *(.init)
 .init          0x0800b3a8        0x4 /opt/st/stm32cubeide_1.19.0/plugins/com.st.stm32cube.ide.mcu.externaltools.gnu-tools-for-stm32.13.3.rel1.linux64_1.0.0.202410170706/tools/bin/../lib/gcc/arm-none-eabi/13.3.1/thumb/v7e-m+fp/hard/crti.o
                0x0800b3a8                _init
 .init          0x0800b3ac        0x8 /opt/st/stm32cubeide_1.19.0/plugins/com.st.stm32cube.ide.mcu.externaltools.gnu-tools-for-stm32.13.3.rel1.linux64_1.0.0.202410170706/tools/bin/../lib/gcc/arm-none-eabi/13.3.1/thumb/v7e-m+fp/hard/crtn.o
 *(.fini)
 .fini          0x0800b3b4        0x4 /opt/st/stm32cubeide_1.19.0/plugins/com.st.stm32cube.ide.mcu.externaltools.gnu-tools-for-stm32.13.3.rel1.linux64_1.0.0.202410170706/tools/bin/../lib/gcc/arm-none-eabi/13.3.1/thumb/v7e-m+fp/hard/crti.o
                0x0800b3b4                _fini
 .fini          0x0800b3b8        0x8 /opt/st/stm32cubeide_1.19.0/plugins/com.st.stm32cube.ide.mcu.externaltools.gnu-tools-for-stm32.13.3.rel1.linux64_1.0.0.202410170706/tools/bin/../lib/gcc/arm-none-eabi/13.3.1/thumb/v7e-m+fp/hard/crtn.o
                0x0800b3c0                        . = ALIGN (0x4)
                0x0800b3c0                        _etext = .

.vfp11_veneer   0x0800b3c0        0x0
 .vfp11_veneer  0x0800b3c0        0x0 linker stubs

.v4_bx          0x0800b3c0        0x0
 .v4_bx         0x0800b3c0        0x0 linker stubs

.iplt           0x0800b3c0        0x0
 .iplt          0x0800b3c0        0x0 /opt/st/stm32cubeide_1.19.0/plugins/com.st.stm32cube.ide.mcu.externaltools.gnu-tools-for-stm32.13.3.rel1.linux64_1.0.0.202410170706/tools/bin/../lib/gcc/arm-none-eabi/13.3.1/thumb/v7e-m+fp/hard/crtbegin.o

.rodata         0x0800b3c0      0x4e8
                0x0800b3c0                        . = ALIGN (0x4)
 *(.rodata)
 .rodata        0x0800b3c0       0x33 ./Core/Src/main.o
 *fill*         0x0800b3f3        0x1 
 .rodata        0x0800b3f4        0x5 ./Middlewares/Third_Party/FreeRTOS/Source/tasks.o
 *fill*         0x0800b3f9        0x3 
 .rodata        0x0800b3fc        0xd ./Middlewares/Third_Party/FreeRTOS/Source/timers.o
 *fill*         0x0800b409        0x3 
 .rodata        0x0800b40c       0x14 /home/jail487/doghead/dogArm-project/Firmware/doghead_arm/micro_ros_stm32cubemx_utils/microros_static_library/libmicroros/libmicroros.a(librcutils-allocator.c.obj)
 *(.rodata*)
 .rodata.defaultTask_attributes
                0x0800b420       0x24 ./Core/Src/main.o
                0x0800b420                defaultTask_attributes
 .rodata.Ops_Freq13Pin
                0x0800b444        0x8 ./Core/Src/nidec_motor_driver.o
                0x0800b444                Ops_Freq13Pin
 .rodata.Ops_PWM8Pin
                0x0800b44c        0x8 ./Core/Src/nidec_motor_driver.o
                0x0800b44c                Ops_PWM8Pin
 .rodata.AHBPrescTable
                0x0800b454       0x10 ./Core/Src/system_stm32f4xx.o
                0x0800b454                AHBPrescTable
 .rodata.APBPrescTable
                0x0800b464        0x8 ./Core/Src/system_stm32f4xx.o